ℹ [775/901] Replayed Kobon.Geometry
info: Kobon/Geometry.lean:144:0: 'Kobon.validate_sound' depends on axioms: [propext, Classical.choice, Quot.sound]
info: Kobon/Geometry.lean:145:0: 'Kobon.orientedEval_affine' depends on axioms: [propext, Classical.choice, Quot.sound]
ℹ [856/901] Replayed Kobon.Euclidean
info: Kobon/Euclidean.lean:147:0: 'Kobon.supporting_triangle_nondegenerate' depends on axioms: [propext, Classical.choice, Quot.sound]
info: Kobon/Euclidean.lean:148:0: 'Kobon.same_halfplane_barycenter' depends on axioms: [propext, Classical.choice, Quot.sound]
info: Kobon/Euclidean.lean:149:0: 'Kobon.triangle_interior_uncut' depends on axioms: [propext, Classical.choice, Quot.sound]
ℹ [857/901] Replayed Kobon.Simple
info: Kobon/Simple.lean:49:0: 'Kobon.validate_simple_sound' depends on axioms: [propext, Classical.choice, Quot.sound]
ℹ [955/1043] Replayed Kobon.Exterior
info: Kobon/Exterior.lean:207:0: 'Kobon.Exterior.extension' depends on axioms: [propext, Classical.choice, Quot.sound]
info: Kobon/Exterior.lean:208:0: 'Kobon.Exterior.safeHeight_beyond' depends on axioms: [propext, Classical.choice, Quot.sound]
ℹ [981/1043] Replayed Kobon.Parametric
info: Kobon/Parametric.lean:183:0: 'Kobon.Parametric.triangle_sound' depends on axioms: [propext, Classical.choice, Quot.sound]
info: Kobon/Parametric.lean:184:0: 'Kobon.Parametric.simple_sound' depends on axioms: [propext, Classical.choice, Quot.sound]
ℹ [1921/1982] Replayed Kobon.TangentBounds
info: Kobon/TangentBounds.lean:95:0: 'Kobon.TangentBounds.tan_tenth_bounds' depends on axioms: [propext, Classical.choice, Quot.sound]
info: Kobon/TangentBounds.lean:96:0: 'Kobon.TangentBounds.tan_two_fifths_bounds' depends on axioms: [propext, Classical.choice, Quot.sound]
ℹ [1922/1982] Replayed Kobon.SeedFamily
info: Kobon/SeedFamily.lean:133:0: 'Kobon.SeedFamily.arbitrarily_small' depends on axioms: [propext, Classical.choice, Quot.sound]
info: Kobon/SeedFamily.lean:134:0: 'Kobon.SeedFamily.simple_lower_bound' depends on axioms: [propext, Classical.choice, Quot.sound]
ℹ [1925/1982] Replayed Kobon.HybridBoundary
info: Kobon/HybridBoundary.lean:164:0: 'Kobon.HybridBoundary.seed_exterior' depends on axioms: [propext, Classical.choice, Quot.sound]
ℹ [1926/1982] Replayed Kobon.BBLExtrema
info: Kobon/BBLExtrema.lean:205:0: 'Kobon.BBLExtrema.extremal_visible' depends on axioms: [propext, Classical.choice, Quot.sound]
info: Kobon/BBLExtrema.lean:206:0: 'Kobon.BBLExtrema.extremal_preserved' depends on axioms: [propext, Classical.choice, Quot.sound]
info: Kobon/BBLExtrema.lean:207:0: 'Kobon.BBLExtrema.visible_extremal_right' depends on axioms: [propext, Classical.choice, Quot.sound]
ℹ [1927/1982] Replayed Kobon.BBLTriangles
info: Kobon/BBLTriangles.lean:128:0: 'Kobon.BBLTriangles.triangle_of_two_sides' depends on axioms: [propext, Classical.choice, Quot.sound]
info: Kobon/BBLTriangles.lean:194:0: 'Kobon.BBLTriangles.triangle_of_last_two_sides' depends on axioms: [propext, Classical.choice, Quot.sound]
⚠ [1928/1982] Replayed Kobon.BBLRowOrder
warning: Kobon/BBLRowOrder.lean:32:34: Variable name `hne` is not explicitly referenced.

The binding can be removed (if unused) or named `_` (if used implicitly).

Note: This linter can be disabled with `set_option linter.unusedVariables false`
warning: Kobon/BBLRowOrder.lean:50:34: Variable name `hik` is not explicitly referenced.

The binding can be removed (if unused) or named `_` (if used implicitly).

Note: This linter can be disabled with `set_option linter.unusedVariables false`
warning: Kobon/BBLRowOrder.lean:51:34: Variable name `hil` is not explicitly referenced.

The binding can be removed (if unused) or named `_` (if used implicitly).

Note: This linter can be disabled with `set_option linter.unusedVariables false`
warning: Kobon/BBLRowOrder.lean:60:34: Variable name `hik` is not explicitly referenced.

The binding can be removed (if unused) or named `_` (if used implicitly).

Note: This linter can be disabled with `set_option linter.unusedVariables false`
warning: Kobon/BBLRowOrder.lean:61:34: Variable name `hil` is not explicitly referenced.

The binding can be removed (if unused) or named `_` (if used implicitly).

Note: This linter can be disabled with `set_option linter.unusedVariables false`
warning: Kobon/BBLRowOrder.lean:70:48: Variable name `hjl` is not explicitly referenced.

The binding can be removed (if unused) or named `_` (if used implicitly).

Note: This linter can be disabled with `set_option linter.unusedVariables false`
info: Kobon/BBLRowOrder.lean:78:0: 'Kobon.BBLRowOrder.newKey_injective' depends on axioms: [propext, Classical.choice, Quot.sound]
info: Kobon/BBLRowOrder.lean:79:0: 'Kobon.BBLRowOrder.auxiliary_outside_of_close' depends on axioms: [propext, Classical.choice, Quot.sound]
⚠ [2977/2983] Replayed Kobon.BBLCount
warning: Kobon/BBLCount.lean:50:12: This simp argument is unused:
  hdne

Hint: Omit it from the simp argument list.
  simp [̵h̵e̵q̵,̵h̵d̵n̵e̵,̵o̵u̵t̵s̵i̵d̵e̵,̵h̵l̵,̵h̵h̵]̵[̲h̲e̲q̲,̲ ̲o̲u̲t̲s̲i̲d̲e̲,̲ ̲h̲l̲,̲ ̲h̲h̲]̲

Note: This linter can be disabled with `set_option linter.unusedSimpArgs false`
warning: Kobon/BBLCount.lean:153:33: Used `tac1 <;> tac2` where `(tac1; tac2)` would suffice

Note: This linter can be disabled with `set_option linter.unnecessarySeqFocus false`
warning: Kobon/BBLCount.lean:210:32: Used `tac1 <;> tac2` where `(tac1; tac2)` would suffice

Note: This linter can be disabled with `set_option linter.unnecessarySeqFocus false`
warning: Kobon/BBLCount.lean:210:46: Used `tac1 <;> tac2` where `(tac1; tac2)` would suffice

Note: This linter can be disabled with `set_option linter.unnecessarySeqFocus false`
info: Kobon/BBLCount.lean:226:0: 'Kobon.BBLCount.mixed_count' depends on axioms: [propext, Classical.choice, Quot.sound]
⚠ [2978/2983] Replayed Kobon.BBLRowGeometry
warning: Kobon/BBLRowGeometry.lean:50:12: Used `tac1 <;> tac2` where `(tac1; tac2)` would suffice

Note: This linter can be disabled with `set_option linter.unnecessarySeqFocus false`
info: Kobon/BBLRowGeometry.lean:112:0: 'Kobon.BBLRowGeometry.mixed_triangle' depends on axioms: [propext, Classical.choice, Quot.sound]
info: Kobon/BBLRowGeometry.lean:113:0: 'Kobon.BBLRowGeometry.mixed_witness' depends on axioms: [propext, Classical.choice, Quot.sound]
⚠ [2979/2983] Replayed Kobon.BBLRowMax
warning: Kobon/BBLRowMax.lean:11:5: Variable name `hik` is not explicitly referenced.

The binding can be removed (if unused) or named `_` (if used implicitly).

Note: This linter can be disabled with `set_option linter.unusedVariables false`
warning: Kobon/BBLRowMax.lean:51:12: Used `tac1 <;> tac2` where `(tac1; tac2)` would suffice

Note: This linter can be disabled with `set_option linter.unnecessarySeqFocus false`
info: Kobon/BBLRowMax.lean:92:0: 'Kobon.BBLRowMax.max_pair_visible' depends on axioms: [propext, Classical.choice, Quot.sound]
⚠ [2980/2983] Replayed Kobon.BBLVisible
warning: Kobon/BBLVisible.lean:27:44: 'push_cast' tactic does nothing

Note: This linter can be disabled with `set_option linter.unusedTactic false`
warning: Kobon/BBLVisible.lean:30:20: Variable name `hk` is not explicitly referenced.

The binding can be removed (if unused) or named `_` (if used implicitly).

Note: This linter can be disabled with `set_option linter.unusedVariables false`
warning: Kobon/BBLVisible.lean:30:35: Variable name `hik` is not explicitly referenced.

The binding can be removed (if unused) or named `_` (if used implicitly).

Note: This linter can be disabled with `set_option linter.unusedVariables false`
warning: Kobon/BBLVisible.lean:92:2: 'push_cast' tactic does nothing

Note: This linter can be disabled with `set_option linter.unusedTactic false`
info: Kobon/BBLVisible.lean:160:0: 'Kobon.BBLVisible.aux_visible' depends on axioms: [propext, Classical.choice, Quot.sound]
info: Kobon/BBLVisible.lean:161:0: 'Kobon.BBLVisible.new_visible_witness' depends on axioms: [propext, Classical.choice, Quot.sound]
ℹ [2981/2983] Replayed Kobon.BBLPersistence
info: Kobon/BBLPersistence.lean:105:0: 'Kobon.BBLPersistence.visible_test_eventually' depends on axioms: [propext, Classical.choice, Quot.sound]
info: Kobon/BBLPersistence.lean:158:0: 'Kobon.BBLPersistence.visible_preserved_eventually' depends on axioms: [propext, Classical.choice, Quot.sound]
info: Kobon/BBLPersistence.lean:159:0: 'Kobon.BBLPersistence.triangle_test_eventually' depends on axioms: [propext, Classical.choice, Quot.sound]
info: Kobon/BBLPersistence.lean:213:0: 'Kobon.BBLPersistence.triangle_preserved_eventually' depends on axioms: [propext, Classical.choice, Quot.sound]
ℹ [2982/2983] Replayed Kobon.BBLVisibleRetention
info: Kobon/BBLVisibleRetention.lean:77:0: 'Kobon.BBLVisibleRetention.zero_visible_unique' depends on axioms: [propext, Classical.choice, Quot.sound]
info: Kobon/BBLVisibleRetention.lean:78:0: 'Kobon.BBLVisibleRetention.retain_all_but_one' depends on axioms: [propext, Classical.choice, Quot.sound]
ℹ [2983/2983] Built Kobon.BBLVisibleAssembly (10s)
info: Kobon/BBLVisibleAssembly.lean:71:0: 'Kobon.BBLVisibleAssembly.visible_gain' depends on axioms: [propext, Classical.choice, Quot.sound]
Build completed successfully (2983 jobs).
