ℹ [775/917] Replayed Kobon.Geometry
info: Kobon/Geometry.lean:144:0: 'Kobon.validate_sound' depends on axioms: [propext, Classical.choice, Quot.sound]
info: Kobon/Geometry.lean:145:0: 'Kobon.orientedEval_affine' depends on axioms: [propext, Classical.choice, Quot.sound]
ℹ [776/917] Replayed Kobon.Simple
info: Kobon/Simple.lean:49:0: 'Kobon.validate_simple_sound' depends on axioms: [propext, Classical.choice, Quot.sound]
ℹ [2969/2975] Replayed Kobon.FurediPalasti
info: Kobon/FurediPalasti.lean:345:0: 'Kobon.FurediPalasti.lower_bound' depends on axioms: [propext, Classical.choice, Quot.sound]
ℹ [2970/2975] Replayed Kobon.Euclidean
info: Kobon/Euclidean.lean:147:0: 'Kobon.supporting_triangle_nondegenerate' depends on axioms: [propext, Classical.choice, Quot.sound]
info: Kobon/Euclidean.lean:148:0: 'Kobon.same_halfplane_barycenter' depends on axioms: [propext, Classical.choice, Quot.sound]
info: Kobon/Euclidean.lean:149:0: 'Kobon.triangle_interior_uncut' depends on axioms: [propext, Classical.choice, Quot.sound]
ℹ [2971/2975] Replayed Kobon.Projective
info: Kobon/Projective.lean:165:0: 'Kobon.Projective.triangle_preserved' depends on axioms: [propext, Classical.choice, Quot.sound]
⚠ [2972/2975] Replayed Kobon.FurediPalastiChart
warning: Kobon/FurediPalastiChart.lean:31:65: This simp argument is unused:
  add_left_comm

Hint: Omit it from the simp argument list.
  simp [̵v̵e̵r̵t̵e̵x̵X̵,̵a̵d̵d̵_̵c̵o̵m̵m̵,̵a̵d̵d̵_̵l̵e̵f̵t̵_̵c̵o̵m̵m̵]̵[̲v̲e̲r̲t̲e̲x̲X̲,̲ ̲a̲d̲d̲_̲c̲o̲m̲m̲]̲

Note: This linter can be disabled with `set_option linter.unusedSimpArgs false`
warning: Kobon/FurediPalastiChart.lean:32:65: This simp argument is unused:
  add_left_comm

Hint: Omit it from the simp argument list.
  simp [̵v̵e̵r̵t̵e̵x̵Y̵,̵a̵d̵d̵_̵c̵o̵m̵m̵,̵a̵d̵d̵_̵l̵e̵f̵t̵_̵c̵o̵m̵m̵]̵[̲v̲e̲r̲t̲e̲x̲Y̲,̲ ̲a̲d̲d̲_̲c̲o̲m̲m̲]̲

Note: This linter can be disabled with `set_option linter.unusedSimpArgs false`
⚠ [2973/2975] Replayed Kobon.FurediPalastiCaps
warning: Kobon/FurediPalastiCaps.lean:113:47: Variable name `ha'` is not explicitly referenced.

The binding can be removed (if unused) or named `_` (if used implicitly).

Note: This linter can be disabled with `set_option linter.unusedVariables false`
warning: Kobon/FurediPalastiCaps.lean:275:71: This simp argument is unused:
  LeftCaps

Hint: Omit it from the simp argument list.
  simp_all ̵[̵L̵e̵f̵t̵C̵a̵p̵s̵]̵

Note: This linter can be disabled with `set_option linter.unusedSimpArgs false`
info: Kobon/FurediPalastiCaps.lean:332:0: 'Kobon.FurediPalastiCaps.above_left_caps' depends on axioms: [propext, Classical.choice, Quot.sound]
info: Kobon/FurediPalastiCaps.lean:333:0: 'Kobon.FurediPalastiCaps.exists_left_cut' depends on axioms: [propext, Classical.choice, Quot.sound]
ℹ [2974/2975] Replayed Kobon.FurediPalastiWrap
info: Kobon/FurediPalastiWrap.lean:235:0: 'Kobon.FurediPalastiWrap.wrap_triangle' depends on axioms: [propext, Classical.choice, Quot.sound]
info: Kobon/FurediPalastiWrap.lean:236:0: 'Kobon.FurediPalastiWrap.one_cap_simple_lower_bound' depends on axioms: [propext, Classical.choice, Quot.sound]
ℹ [2975/2975] Replayed Kobon.FurediPalastiTwoCaps
info: Kobon/FurediPalastiTwoCaps.lean:345:0: 'Kobon.FurediPalastiTwoCaps.upper_triangle' depends on axioms: [propext, Classical.choice, Quot.sound]
info: Kobon/FurediPalastiTwoCaps.lean:346:0: 'Kobon.FurediPalastiTwoCaps.lower_triangle' depends on axioms: [propext, Classical.choice, Quot.sound]
info: Kobon/FurediPalastiTwoCaps.lean:347:0: 'Kobon.FurediPalastiTwoCaps.two_cap_simple_lower_bound' depends on axioms: [propext, Classical.choice, Quot.sound]
Build completed successfully (2975 jobs).
