ℹ [1916/1986] Replayed Kobon.TangentBounds
info: Kobon/TangentBounds.lean:95:0: 'Kobon.TangentBounds.tan_tenth_bounds' depends on axioms: [propext, Classical.choice, Quot.sound]
info: Kobon/TangentBounds.lean:96:0: 'Kobon.TangentBounds.tan_two_fifths_bounds' depends on axioms: [propext, Classical.choice, Quot.sound]
ℹ [1974/1986] Replayed Kobon.Geometry
info: Kobon/Geometry.lean:144:0: 'Kobon.validate_sound' depends on axioms: [propext, Classical.choice, Quot.sound]
info: Kobon/Geometry.lean:145:0: 'Kobon.orientedEval_affine' depends on axioms: [propext, Classical.choice, Quot.sound]
⚠ [1981/2121] Replayed Kobon.BBLTangentBounds
warning: Kobon/BBLTangentBounds.lean:11:47: Variable name `hL` is not explicitly referenced.

The binding can be removed (if unused) or named `_` (if used implicitly).

Note: This linter can be disabled with `set_option linter.unusedVariables false`
warning: Kobon/BBLTangentBounds.lean:11:58: Variable name `hU` is not explicitly referenced.

The binding can be removed (if unused) or named `_` (if used implicitly).

Note: This linter can be disabled with `set_option linter.unusedVariables false`
info: Kobon/BBLTangentBounds.lean:160:0: 'Kobon.BBLTangentBounds.tan_1_bounds' depends on axioms: [propext, Classical.choice, Quot.sound]
info: Kobon/BBLTangentBounds.lean:161:0: 'Kobon.BBLTangentBounds.tan_9_bounds' depends on axioms: [propext, Classical.choice, Quot.sound]
ℹ [1982/2121] Replayed Kobon.BBLMaximization
info: Kobon/BBLMaximization.lean:101:0: 'Kobon.BBLMaximization.sine_grid_separation' depends on axioms: [propext, Classical.choice, Quot.sound]
info: Kobon/BBLMaximization.lean:102:0: 'Kobon.BBLMaximization.stable_maximum' depends on axioms: [propext, Classical.choice, Quot.sound]
ℹ [1983/2121] Replayed Kobon.Euclidean
info: Kobon/Euclidean.lean:147:0: 'Kobon.supporting_triangle_nondegenerate' depends on axioms: [propext, Classical.choice, Quot.sound]
info: Kobon/Euclidean.lean:148:0: 'Kobon.same_halfplane_barycenter' depends on axioms: [propext, Classical.choice, Quot.sound]
info: Kobon/Euclidean.lean:149:0: 'Kobon.triangle_interior_uncut' depends on axioms: [propext, Classical.choice, Quot.sound]
ℹ [1984/2121] Replayed Kobon.Simple
info: Kobon/Simple.lean:49:0: 'Kobon.validate_simple_sound' depends on axioms: [propext, Classical.choice, Quot.sound]
ℹ [1985/2121] Replayed Kobon.Exterior
info: Kobon/Exterior.lean:207:0: 'Kobon.Exterior.extension' depends on axioms: [propext, Classical.choice, Quot.sound]
info: Kobon/Exterior.lean:208:0: 'Kobon.Exterior.safeHeight_beyond' depends on axioms: [propext, Classical.choice, Quot.sound]
ℹ [1986/2121] Replayed Kobon.Parametric
info: Kobon/Parametric.lean:183:0: 'Kobon.Parametric.triangle_sound' depends on axioms: [propext, Classical.choice, Quot.sound]
info: Kobon/Parametric.lean:184:0: 'Kobon.Parametric.simple_sound' depends on axioms: [propext, Classical.choice, Quot.sound]
ℹ [1987/2121] Replayed Kobon.SeedFamily
info: Kobon/SeedFamily.lean:133:0: 'Kobon.SeedFamily.arbitrarily_small' depends on axioms: [propext, Classical.choice, Quot.sound]
info: Kobon/SeedFamily.lean:134:0: 'Kobon.SeedFamily.simple_lower_bound' depends on axioms: [propext, Classical.choice, Quot.sound]
ℹ [1990/2121] Replayed Kobon.HybridBoundary
info: Kobon/HybridBoundary.lean:164:0: 'Kobon.HybridBoundary.seed_exterior' depends on axioms: [propext, Classical.choice, Quot.sound]
ℹ [1991/2121] Replayed Kobon.BBLExtrema
info: Kobon/BBLExtrema.lean:205:0: 'Kobon.BBLExtrema.extremal_visible' depends on axioms: [propext, Classical.choice, Quot.sound]
info: Kobon/BBLExtrema.lean:206:0: 'Kobon.BBLExtrema.extremal_preserved' depends on axioms: [propext, Classical.choice, Quot.sound]
info: Kobon/BBLExtrema.lean:207:0: 'Kobon.BBLExtrema.visible_extremal_right' depends on axioms: [propext, Classical.choice, Quot.sound]
⚠ [2195/2205] Replayed Kobon.BBLAnalytic
warning: Kobon/BBLAnalytic.lean:106:100: Used `tac1 <;> tac2` where `(tac1; tac2)` would suffice

Note: This linter can be disabled with `set_option linter.unnecessarySeqFocus false`
info: Kobon/BBLAnalytic.lean:113:0: 'Kobon.BBLAnalytic.beta_cot_bound' depends on axioms: [propext, Classical.choice, Quot.sound]
info: Kobon/BBLAnalytic.lean:114:0: 'Kobon.BBLAnalytic.beta_tan_bound' depends on axioms: [propext, Classical.choice, Quot.sound]
⚠ [2196/2205] Replayed Kobon.BBLIntersection
warning: Kobon/BBLIntersection.lean:23:2: Used `tac1 <;> tac2` where `(tac1; tac2)` would suffice

Note: This linter can be disabled with `set_option linter.unnecessarySeqFocus false`
warning: Kobon/BBLIntersection.lean:30:2: Used `tac1 <;> tac2` where `(tac1; tac2)` would suffice

Note: This linter can be disabled with `set_option linter.unnecessarySeqFocus false`
warning: Kobon/BBLIntersection.lean:52:6: 'ring' tactic does nothing

Note: This linter can be disabled with `set_option linter.unusedTactic false`
warning: Kobon/BBLIntersection.lean:52:6: this tactic is never executed

Note: This linter can be disabled with `set_option linter.unreachableTactic false`
warning: Kobon/BBLIntersection.lean:71:8: 'ring' tactic does nothing

Note: This linter can be disabled with `set_option linter.unusedTactic false`
warning: Kobon/BBLIntersection.lean:75:6: 'ring' tactic does nothing

Note: This linter can be disabled with `set_option linter.unusedTactic false`
warning: Kobon/BBLIntersection.lean:71:8: this tactic is never executed

Note: This linter can be disabled with `set_option linter.unreachableTactic false`
warning: Kobon/BBLIntersection.lean:75:6: this tactic is never executed

Note: This linter can be disabled with `set_option linter.unreachableTactic false`
warning: Kobon/BBLIntersection.lean:84:2: Used `tac1 <;> tac2` where `(tac1; tac2)` would suffice

Note: This linter can be disabled with `set_option linter.unnecessarySeqFocus false`
info: Kobon/BBLIntersection.lean:102:0: 'Kobon.BBLIntersection.pencil_crossing_x' depends on axioms: [propext, Classical.choice, Quot.sound]
info: Kobon/BBLIntersection.lean:103:0: 'Kobon.BBLIntersection.crossing_displacement' depends on axioms: [propext, Classical.choice, Quot.sound]
⚠ [2197/2205] Replayed Kobon.BBLGrid
warning: Kobon/BBLGrid.lean:113:6: 'ring' tactic does nothing

Note: This linter can be disabled with `set_option linter.unusedTactic false`
warning: Kobon/BBLGrid.lean:113:6: this tactic is never executed

Note: This linter can be disabled with `set_option linter.unreachableTactic false`
warning: Kobon/BBLGrid.lean:119:6: 'ring' tactic does nothing

Note: This linter can be disabled with `set_option linter.unusedTactic false`
warning: Kobon/BBLGrid.lean:119:6: this tactic is never executed

Note: This linter can be disabled with `set_option linter.unreachableTactic false`
info: Kobon/BBLGrid.lean:228:0: 'Kobon.BBLGrid.beta_tan_strictMono' depends on axioms: [propext, Classical.choice, Quot.sound]
info: Kobon/BBLGrid.lean:229:0: 'Kobon.BBLGrid.sum_tangent' depends on axioms: [propext, Classical.choice, Quot.sound]
info: Kobon/BBLGrid.lean:230:0: 'Kobon.BBLGrid.factor_trigonometric' depends on axioms: [propext, Classical.choice, Quot.sound]
ℹ [2198/2205] Replayed Kobon.BBLTriangles
info: Kobon/BBLTriangles.lean:128:0: 'Kobon.BBLTriangles.triangle_of_two_sides' depends on axioms: [propext, Classical.choice, Quot.sound]
info: Kobon/BBLTriangles.lean:194:0: 'Kobon.BBLTriangles.triangle_of_last_two_sides' depends on axioms: [propext, Classical.choice, Quot.sound]
ℹ [2199/2205] Replayed Kobon.BBLPersistence
info: Kobon/BBLPersistence.lean:105:0: 'Kobon.BBLPersistence.visible_test_eventually' depends on axioms: [propext, Classical.choice, Quot.sound]
info: Kobon/BBLPersistence.lean:158:0: 'Kobon.BBLPersistence.visible_preserved_eventually' depends on axioms: [propext, Classical.choice, Quot.sound]
info: Kobon/BBLPersistence.lean:159:0: 'Kobon.BBLPersistence.triangle_test_eventually' depends on axioms: [propext, Classical.choice, Quot.sound]
info: Kobon/BBLPersistence.lean:213:0: 'Kobon.BBLPersistence.triangle_preserved_eventually' depends on axioms: [propext, Classical.choice, Quot.sound]
ℹ [2200/2205] Replayed Kobon.BBLProfiles
info: Kobon/BBLProfiles.lean:99:0: 'Kobon.BBLProfiles.profile_strict_order' depends on axioms: [propext, Classical.choice, Quot.sound]
info: Kobon/BBLProfiles.lean:100:0: 'Kobon.BBLProfiles.finite_order_persistence' depends on axioms: [propext, Classical.choice, Quot.sound]
ℹ [2201/2205] Replayed Kobon.BBLGridCuts
info: Kobon/BBLGridCuts.lean:190:0: 'Kobon.BBLGridCuts.cut_increasing' depends on axioms: [propext, Classical.choice, Quot.sound]
info: Kobon/BBLGridCuts.lean:191:0: 'Kobon.BBLGridCuts.rational_sum_anchor' depends on axioms: [propext, Classical.choice, Quot.sound]
⚠ [2202/2205] Replayed Kobon.BBLPencilLimits
warning: Kobon/BBLPencilLimits.lean:29:6: 'ring' tactic does nothing

Note: This linter can be disabled with `set_option linter.unusedTactic false`
warning: Kobon/BBLPencilLimits.lean:29:6: this tactic is never executed

Note: This linter can be disabled with `set_option linter.unreachableTactic false`
warning: Kobon/BBLPencilLimits.lean:61:6: 'ring' tactic does nothing

Note: This linter can be disabled with `set_option linter.unusedTactic false`
warning: Kobon/BBLPencilLimits.lean:61:6: this tactic is never executed

Note: This linter can be disabled with `set_option linter.unreachableTactic false`
info: Kobon/BBLPencilLimits.lean:179:0: 'Kobon.BBLPencilLimits.crossing_right_eventually' depends on axioms: [propext, Classical.choice, Quot.sound]
info: Kobon/BBLPencilLimits.lean:180:0: 'Kobon.BBLPencilLimits.crossing_left_eventually' depends on axioms: [propext, Classical.choice, Quot.sound]
info: Kobon/BBLPencilLimits.lean:181:0: 'Kobon.BBLPencilLimits.old_new_crossing_tendsto' depends on axioms: [propext, Classical.choice, Quot.sound]
⚠ [2203/2205] Replayed Kobon.BBLRowOrder
warning: Kobon/BBLRowOrder.lean:32:34: Variable name `hne` is not explicitly referenced.

The binding can be removed (if unused) or named `_` (if used implicitly).

Note: This linter can be disabled with `set_option linter.unusedVariables false`
warning: Kobon/BBLRowOrder.lean:50:34: Variable name `hik` is not explicitly referenced.

The binding can be removed (if unused) or named `_` (if used implicitly).

Note: This linter can be disabled with `set_option linter.unusedVariables false`
warning: Kobon/BBLRowOrder.lean:51:34: Variable name `hil` is not explicitly referenced.

The binding can be removed (if unused) or named `_` (if used implicitly).

Note: This linter can be disabled with `set_option linter.unusedVariables false`
warning: Kobon/BBLRowOrder.lean:60:34: Variable name `hik` is not explicitly referenced.

The binding can be removed (if unused) or named `_` (if used implicitly).

Note: This linter can be disabled with `set_option linter.unusedVariables false`
warning: Kobon/BBLRowOrder.lean:61:34: Variable name `hil` is not explicitly referenced.

The binding can be removed (if unused) or named `_` (if used implicitly).

Note: This linter can be disabled with `set_option linter.unusedVariables false`
warning: Kobon/BBLRowOrder.lean:70:48: Variable name `hjl` is not explicitly referenced.

The binding can be removed (if unused) or named `_` (if used implicitly).

Note: This linter can be disabled with `set_option linter.unusedVariables false`
info: Kobon/BBLRowOrder.lean:78:0: 'Kobon.BBLRowOrder.newKey_injective' depends on axioms: [propext, Classical.choice, Quot.sound]
info: Kobon/BBLRowOrder.lean:79:0: 'Kobon.BBLRowOrder.auxiliary_outside_of_close' depends on axioms: [propext, Classical.choice, Quot.sound]
⚠ [2204/2205] Replayed Kobon.BBLLiftedKeys
warning: Kobon/BBLLiftedKeys.lean:20:5: Variable name `hi` is not explicitly referenced.

The binding can be removed (if unused) or named `_` (if used implicitly).

Note: This linter can be disabled with `set_option linter.unusedVariables false`
warning: Kobon/BBLLiftedKeys.lean:20:18: Variable name `hk` is not explicitly referenced.

The binding can be removed (if unused) or named `_` (if used implicitly).

Note: This linter can be disabled with `set_option linter.unusedVariables false`
warning: Kobon/BBLLiftedKeys.lean:27:5: Variable name `hi` is not explicitly referenced.

The binding can be removed (if unused) or named `_` (if used implicitly).

Note: This linter can be disabled with `set_option linter.unusedVariables false`
warning: Kobon/BBLLiftedKeys.lean:27:18: Variable name `hk` is not explicitly referenced.

The binding can be removed (if unused) or named `_` (if used implicitly).

Note: This linter can be disabled with `set_option linter.unusedVariables false`
warning: Kobon/BBLLiftedKeys.lean:28:34: Variable name `hil` is not explicitly referenced.

The binding can be removed (if unused) or named `_` (if used implicitly).

Note: This linter can be disabled with `set_option linter.unusedVariables false`
warning: Kobon/BBLLiftedKeys.lean:69:31: Variable name `hj` is not explicitly referenced.

The binding can be removed (if unused) or named `_` (if used implicitly).

Note: This linter can be disabled with `set_option linter.unusedVariables false`
warning: Kobon/BBLLiftedKeys.lean:78:31: Variable name `hj` is not explicitly referenced.

The binding can be removed (if unused) or named `_` (if used implicitly).

Note: This linter can be disabled with `set_option linter.unusedVariables false`
info: Kobon/BBLLiftedKeys.lean:86:0: 'Kobon.BBLLiftedKeys.lifted_new_le_iff' depends on axioms: [propext, Classical.choice, Quot.sound]
info: Kobon/BBLLiftedKeys.lean:87:0: 'Kobon.BBLLiftedKeys.lifted_old_le_iff' depends on axioms: [propext, Classical.choice, Quot.sound]
info: Kobon/BBLLiftedKeys.lean:88:0: 'Kobon.BBLLiftedKeys.lifted_le_old_iff' depends on axioms: [propext, Classical.choice, Quot.sound]
info: Kobon/BBLLiftedKeys.lean:109:0: 'Kobon.BBLLiftedKeys.lifted_anchor' depends on axioms: [propext, Classical.choice, Quot.sound]
ℹ [2205/2205] Replayed Kobon.BBLPencilProfiles
info: Kobon/BBLPencilProfiles.lean:160:0: 'Kobon.BBLPencilProfiles.pair_profile_eventually' depends on axioms: [propext, Classical.choice, Quot.sound]
Build completed successfully (2205 jobs).
