ℹ [775/810] Replayed Kobon.Geometry
info: Kobon/Geometry.lean:144:0: 'Kobon.validate_sound' depends on axioms: [propext, Classical.choice, Quot.sound]
info: Kobon/Geometry.lean:145:0: 'Kobon.orientedEval_affine' depends on axioms: [propext, Classical.choice, Quot.sound]
ℹ [856/905] Replayed Kobon.Euclidean
info: Kobon/Euclidean.lean:147:0: 'Kobon.supporting_triangle_nondegenerate' depends on axioms: [propext, Classical.choice, Quot.sound]
info: Kobon/Euclidean.lean:148:0: 'Kobon.same_halfplane_barycenter' depends on axioms: [propext, Classical.choice, Quot.sound]
info: Kobon/Euclidean.lean:149:0: 'Kobon.triangle_interior_uncut' depends on axioms: [propext, Classical.choice, Quot.sound]
ℹ [914/972] Replayed Kobon.Cells
info: Kobon/Cells.lean:510:0: 'Kobon.Cells.overlap_forces_same_triple' depends on axioms: [propext, Classical.choice, Quot.sound]
info: Kobon/Cells.lean:511:0: 'Kobon.Cells.distinct_interiors_disjoint' depends on axioms: [propext, Classical.choice, Quot.sound]
info: Kobon/Cells.lean:512:0: 'Kobon.Cells.interior_eq_signCell' depends on axioms: [propext, Classical.choice, Quot.sound]
ℹ [915/972] Replayed Kobon.UpperEdgeCapacity
info: Kobon/UpperEdgeCapacity.lean:139:0: 'Kobon.UpperEdgeCapacity.overlap_of_same_side' depends on axioms: [propext, Classical.choice, Quot.sound]
info: Kobon/UpperEdgeCapacity.lean:140:0: 'Kobon.UpperEdgeCapacity.opposite_sides_of_disjoint' depends on axioms: [propext, Classical.choice, Quot.sound]
info: Kobon/UpperEdgeCapacity.lean:141:0: 'Kobon.UpperEdgeCapacity.at_most_two' depends on axioms: [propext, Classical.choice, Quot.sound]
⚠ [972/972] Replayed Kobon.UpperTriangleIncidence
warning: Kobon/UpperTriangleIncidence.lean:112:64: This simp argument is unused:
  ite_false

Hint: Omit it from the simp argument list.
  simp only [edge, ̲sideTriangle, ̲cycle, ̲Fin.reduceFinMk, ̲ite_true,̵i̵t̵e̵_̵f̵a̵l̵s̵e̵] at he

Note: This linter can be disabled with `set_option linter.unusedSimpArgs false`
warning: Kobon/UpperTriangleIncidence.lean:115:34: This simp argument is unused:
  Ne.symm hpr

Hint: Omit it from the simp argument list.
  simp [̵h̵p̵q̵,̵h̵p̵r̵,̵h̵q̵r̵,̵N̵e̵.̵s̵y̵m̵m̵ ̵h̵p̵q̵,̵N̵e̵.̵s̵y̵m̵m̵ ̵h̵p̵r̵,̵N̵e̵.̵s̵y̵m̵m̵[̲h̲p̲q̲,̲ ̲h̲p̲r̲,̲ ̲h̲q̲r̲,̲ ̲N̲e̲.̲s̲y̲m̲m̲ ̲h̲p̲q̲,̲ ̲N̲e̲.̲s̲y̲m̲m̲ hqr] at h₁ h₂

Note: This linter can be disabled with `set_option linter.unusedSimpArgs false`
warning: Kobon/UpperTriangleIncidence.lean:115:46: This simp argument is unused:
  Ne.symm hqr

Hint: Omit it from the simp argument list.
  simp [̵h̵p̵q̵,̵h̵p̵r̵,̵h̵q̵r̵,̵N̵e̵.̵s̵y̵m̵m̵ ̵h̵p̵q̵,̵N̵e̵.̵s̵y̵m̵m̵ ̵h̵p̵r̵,̵N̵e̵.̵s̵y̵m̵m̵ ̵h̵q̵r̵]̵[̲h̲p̲q̲,̲ ̲h̲p̲r̲,̲ ̲h̲q̲r̲,̲ ̲N̲e̲.̲s̲y̲m̲m̲ ̲h̲p̲q̲,̲ ̲N̲e̲.̲s̲y̲m̲m̲ ̲h̲p̲r̲]̲ at h₁ h₂

Note: This linter can be disabled with `set_option linter.unusedSimpArgs false`
info: Kobon/UpperTriangleIncidence.lean:241:0: 'Kobon.UpperTriangleIncidence.edge_injective' depends on axioms: [propext, Classical.choice, Quot.sound]
info: Kobon/UpperTriangleIncidence.lean:242:0: 'Kobon.UpperTriangleIncidence.degree_le_two' depends on axioms: [propext, Classical.choice, Quot.sound]
info: Kobon/UpperTriangleIncidence.lean:243:0: 'Kobon.UpperTriangleIncidence.exact_incidence' depends on axioms: [propext, Classical.choice, Quot.sound]
info: Kobon/UpperTriangleIncidence.lean:244:0: 'Kobon.UpperTriangleIncidence.exact_incidence_with_unused' depends on axioms: [propext, Classical.choice, Quot.sound]
info: Kobon/UpperTriangleIncidence.lean:245:0: 'Kobon.UpperTriangleIncidence.certificate_incidence' depends on axioms: [propext, Classical.choice, Quot.sound]
Build completed successfully (972 jobs).
