{"event": "state", "T": 1190, "caps": 59, "depth": 0, "mutations": {"-1": 9, "0": 3}, "elapsed": 0.049538373947143555}
{"event": "progress", "tested": 10, "accepted": 4, "best": 1190, "elapsed": 3.6158854961395264}
{"event": "state", "T": 1189, "caps": 59, "depth": 1, "mutations": {"-1": 8, "0": 3, "1": 1}, "elapsed": 4.4640116691589355}
{"event": "progress", "tested": 20, "accepted": 7, "best": 1190, "elapsed": 8.455914497375488}
{"event": "state", "T": 1188, "caps": 59, "depth": 2, "mutations": {"0": 4, "1": 2}, "elapsed": 9.997023582458496}
{"event": "state", "T": 1188, "caps": 59, "depth": 3, "mutations": {"0": 5, "1": 1}, "elapsed": 11.975127458572388}
{"event": "progress", "tested": 30, "accepted": 12, "best": 1190, "elapsed": 13.459524869918823}
{"event": "state", "T": 1188, "caps": 59, "depth": 4, "mutations": {"0": 5, "1": 1}, "elapsed": 14.47725224494934}
{"event": "state", "T": 1188, "caps": 59, "depth": 5, "mutations": {"0": 3, "1": 1}, "elapsed": 16.895623683929443}
{"event": "progress", "tested": 40, "accepted": 17, "best": 1190, "elapsed": 18.371841430664062}
{"event": "state", "T": 1188, "caps": 59, "depth": 6, "mutations": {"0": 3, "1": 1}, "elapsed": 18.43474769592285}
{"event": "state", "T": 1189, "caps": 59, "depth": 7, "mutations": {"-1": 10, "0": 3}, "elapsed": 19.43241786956787}
{"event": "progress", "tested": 50, "accepted": 23, "best": 1190, "elapsed": 23.220696687698364}
{"event": "state", "T": 1188, "caps": 59, "depth": 8, "mutations": {"0": 3, "1": 1}, "elapsed": 24.487119674682617}
{"event": "state", "T": 1188, "caps": 59, "depth": 9, "mutations": {"0": 3, "1": 1}, "elapsed": 25.93851661682129}
{"event": "state", "T": 1188, "caps": 59, "depth": 10, "mutations": {"0": 5, "1": 1}, "elapsed": 26.933841466903687}
{"event": "progress", "tested": 60, "accepted": 26, "best": 1190, "elapsed": 27.797396183013916}
{"event": "state", "T": 1188, "caps": 59, "depth": 9, "mutations": {"0": 5, "1": 1}, "elapsed": 28.28043031692505}
{"event": "state", "T": 1188, "caps": 59, "depth": 8, "mutations": {"0": 4, "1": 1}, "elapsed": 29.594744443893433}
{"event": "state", "T": 1188, "caps": 59, "depth": 9, "mutations": {"0": 5}, "elapsed": 31.50154709815979}
{"event": "progress", "tested": 70, "accepted": 31, "best": 1190, "elapsed": 32.46224045753479}
{"event": "state", "T": 1188, "caps": 59, "depth": 10, "mutations": {"0": 3}, "elapsed": 33.42031717300415}
{"event": "state", "T": 1188, "caps": 59, "depth": 11, "mutations": {"0": 3}, "elapsed": 34.35158824920654}
{"event": "state", "T": 1188, "caps": 59, "depth": 10, "mutations": {"0": 5}, "elapsed": 34.85044288635254}
{"event": "state", "T": 1188, "caps": 59, "depth": 11, "mutations": {"0": 5}, "elapsed": 35.830633878707886}
{"event": "progress", "tested": 80, "accepted": 35, "best": 1190, "elapsed": 37.131523847579956}
{"event": "state", "T": 1188, "caps": 59, "depth": 12, "mutations": {"0": 6, "1": 1}, "elapsed": 37.18767166137695}
{"event": "state", "T": 1188, "caps": 59, "depth": 13, "mutations": {"0": 4, "1": 1}, "elapsed": 38.70865058898926}
{"event": "state", "T": 1188, "caps": 59, "depth": 14, "mutations": {"0": 4, "1": 1}, "elapsed": 40.34222197532654}
{"event": "state", "T": 1189, "caps": 59, "depth": 15, "mutations": {"-1": 10, "0": 5}, "elapsed": 41.822773456573486}
{"event": "progress", "tested": 90, "accepted": 39, "best": 1190, "elapsed": 42.32799983024597}
{"event": "state", "T": 1188, "caps": 59, "depth": 16, "mutations": {"0": 5, "1": 1}, "elapsed": 46.41072058677673}
{"event": "progress", "tested": 100, "accepted": 42, "best": 1190, "elapsed": 46.90840673446655}
{"event": "state", "T": 1188, "caps": 59, "depth": 17, "mutations": {"0": 4, "1": 2}, "elapsed": 48.73775053024292}
{"event": "state", "T": 1188, "caps": 59, "depth": 18, "mutations": {"0": 4, "1": 2}, "elapsed": 50.562392473220825}
{"event": "progress", "tested": 110, "accepted": 46, "best": 1190, "elapsed": 51.44889831542969}
{"event": "state", "T": 1189, "caps": 59, "depth": 18, "mutations": {"-1": 10, "0": 3, "1": 1}, "elapsed": 51.516183853149414}
{"event": "progress", "tested": 120, "accepted": 48, "best": 1190, "elapsed": 56.350887298583984}
{"event": "state", "T": 1188, "caps": 59, "depth": 19, "mutations": {"0": 3, "1": 2}, "elapsed": 56.835702896118164}
{"event": "state", "T": 1188, "caps": 59, "depth": 19, "mutations": {"0": 3, "1": 1}, "elapsed": 57.764533042907715}
{"event": "state", "T": 1188, "caps": 59, "depth": 20, "mutations": {"0": 3, "1": 1}, "elapsed": 59.13094162940979}
{"event": "state", "T": 1188, "caps": 59, "depth": 17, "mutations": {"0": 5, "1": 1}, "elapsed": 60.28058981895447}
{"event": "progress", "tested": 130, "accepted": 50, "best": 1190, "elapsed": 61.191025733947754}
{"event": "state", "T": 1188, "caps": 59, "depth": 18, "mutations": {"0": 5, "1": 1}, "elapsed": 61.6607928276062}
{"event": "state", "T": 1188, "caps": 59, "depth": 19, "mutations": {"0": 3, "1": 1}, "elapsed": 63.107908964157104}
{"event": "state", "T": 1188, "caps": 59, "depth": 17, "mutations": {"0": 5, "1": 1}, "elapsed": 63.65465450286865}
{"event": "state", "T": 1188, "caps": 59, "depth": 16, "mutations": {"0": 4, "1": 1, "2": 1}, "elapsed": 64.53624486923218}
{"event": "progress", "tested": 140, "accepted": 53, "best": 1190, "elapsed": 65.84779810905457}
{"event": "state", "T": 1188, "caps": 59, "depth": 17, "mutations": {"0": 4, "1": 1, "2": 1}, "elapsed": 66.31912660598755}
{"event": "state", "T": 1188, "caps": 59, "depth": 18, "mutations": {"0": 6, "1": 1}, "elapsed": 67.88994526863098}
{"event": "state", "T": 1188, "caps": 59, "depth": 19, "mutations": {"0": 5, "2": 1}, "elapsed": 69.69013714790344}
{"event": "progress", "tested": 150, "accepted": 56, "best": 1190, "elapsed": 70.56387639045715}
{"event": "state", "T": 1188, "caps": 59, "depth": 20, "mutations": {"0": 5, "2": 1}, "elapsed": 71.44536805152893}
{"event": "state", "T": 1188, "caps": 59, "depth": 17, "mutations": {"0": 6, "1": 1}, "elapsed": 72.85659837722778}
{"event": "state", "T": 1189, "caps": 59, "depth": 16, "mutations": {"-1": 7, "0": 4, "1": 1}, "elapsed": 73.91679787635803}
{"event": "progress", "tested": 160, "accepted": 56, "best": 1190, "elapsed": 75.3578474521637}
{"event": "state", "T": 1188, "caps": 59, "depth": 10, "mutations": {"0": 5}, "elapsed": 77.0645341873169}
{"event": "state", "T": 1188, "caps": 59, "depth": 9, "mutations": {"0": 4, "1": 1}, "elapsed": 77.89680910110474}
{"event": "state", "T": 1188, "caps": 59, "depth": 9, "mutations": {"0": 6, "1": 1}, "elapsed": 78.38977241516113}
{"event": "state", "T": 1188, "caps": 59, "depth": 8, "mutations": {"0": 3, "1": 1}, "elapsed": 79.2609293460846}
{"event": "progress", "tested": 170, "accepted": 56, "best": 1190, "elapsed": 79.65988779067993}
{"event": "state", "T": 1188, "caps": 59, "depth": 8, "mutations": {"0": 3, "1": 1}, "elapsed": 79.7195737361908}
{"event": "state", "T": 1188, "caps": 59, "depth": 9, "mutations": {"0": 3, "1": 1}, "elapsed": 81.07291054725647}
{"event": "state", "T": 1188, "caps": 59, "depth": 10, "mutations": {"0": 5, "1": 1}, "elapsed": 82.08572769165039}
{"event": "state", "T": 1188, "caps": 59, "depth": 9, "mutations": {"0": 5, "1": 1}, "elapsed": 83.57807087898254}
{"event": "progress", "tested": 180, "accepted": 59, "best": 1190, "elapsed": 84.3533730506897}
{"event": "state", "T": 1189, "caps": 59, "depth": 8, "mutations": {"-1": 10, "0": 5}, "elapsed": 84.40956425666809}
{"event": "state", "T": 1189, "caps": 59, "depth": 6, "mutations": {"-1": 10, "0": 3}, "elapsed": 86.97955083847046}
{"event": "progress", "tested": 190, "accepted": 59, "best": 1190, "elapsed": 88.61761164665222}
{"event": "state", "T": 1188, "caps": 59, "depth": 5, "mutations": {"0": 5, "1": 1}, "elapsed": 89.08622908592224}
{"event": "state", "T": 1189, "caps": 59, "depth": 5, "mutations": {"-1": 10, "0": 5}, "elapsed": 89.9497447013855}
{"event": "state", "T": 1188, "caps": 59, "depth": 4, "mutations": {"0": 5, "1": 1}, "elapsed": 92.56502747535706}
{"event": "progress", "tested": 200, "accepted": 59, "best": 1190, "elapsed": 93.04104423522949}
{"event": "state", "T": 1189, "caps": 59, "depth": 4, "mutations": {"-1": 10, "0": 5}, "elapsed": 93.561856508255}
{"event": "state", "T": 1188, "caps": 59, "depth": 3, "mutations": {"0": 4, "1": 2}, "elapsed": 96.24270462989807}
{"event": "state", "T": 1188, "caps": 59, "depth": 2, "mutations": {"0": 3, "1": 2}, "elapsed": 97.08985948562622}
{"event": "progress", "tested": 210, "accepted": 59, "best": 1190, "elapsed": 97.54202055931091}
{"event": "state", "T": 1189, "caps": 59, "depth": 2, "mutations": {"-1": 8, "0": 3, "1": 1}, "elapsed": 98.02825117111206}
{"event": "state", "T": 1189, "caps": 59, "depth": 1, "mutations": {"-1": 7, "0": 4, "1": 1}, "elapsed": 101.61699914932251}
{"event": "progress", "tested": 220, "accepted": 59, "best": 1190, "elapsed": 102.0315854549408}
{"event": "state", "T": 1189, "caps": 59, "depth": 1, "mutations": {"-1": 10, "0": 3, "1": 1}, "elapsed": 104.6940529346466}
{"event": "progress", "tested": 230, "accepted": 59, "best": 1190, "elapsed": 106.55266451835632}
{"event": "state", "T": 1190, "caps": 59, "depth": 1, "mutations": {"-1": 9, "0": 3}, "elapsed": 108.95476531982422}
{"event": "progress", "tested": 240, "accepted": 59, "best": 1190, "elapsed": 110.99372935295105}
{"event": "finished", "best": 1190, "tested": 243, "accepted": 59, "elapsed": 112.1975691318512}
