{"event": "best", "n": 13, "harmonic": 7, "phase": 0.5, "float_T": 31, "lambda_": -2.3651308301513114, "interval": [-2.5189431551385386, -2.2113185051640842], "current_G": 45, "gain_over_G": -14, "raw_min_abs_det": 0.017489817946299946}
{"event": "best", "n": 13, "harmonic": 7, "phase": 0.5, "float_T": 33, "lambda_": -2.0183982170586217, "interval": [-2.0949127992651295, -1.941883634852114], "current_G": 45, "gain_over_G": -12, "raw_min_abs_det": 0.033992757214569735}
{"event": "best", "n": 13, "harmonic": 7, "phase": 0.5, "float_T": 35, "lambda_": -1.8093692180916956, "interval": [-1.941883634852114, -1.6768548013312774], "current_G": 45, "gain_over_G": -10, "raw_min_abs_det": 0.05887152836056064}
{"event": "best", "n": 13, "harmonic": 7, "phase": 0.5, "float_T": 37, "lambda_": -0.9717213423655261, "interval": [-0.9742386076059004, -0.9692040771251518], "current_G": 45, "gain_over_G": -8, "raw_min_abs_det": 0.003474546955371416}
{"event": "best", "n": 13, "harmonic": 7, "phase": 0.5, "float_T": 40, "lambda_": -0.06320363417726682, "interval": [-0.08194524000021029, -0.044462028354323335], "current_G": 45, "gain_over_G": -5, "raw_min_abs_det": 0.012279671347645158}
{"event": "best", "n": 13, "harmonic": 7, "phase": 0.5, "float_T": 44, "lambda_": -0.009581428829999664, "interval": [-0.044462028354323335, 0.025299170694324007], "current_G": 45, "gain_over_G": -1, "raw_min_abs_det": 0.01769267309607271}
{"event": "finish", "n": 13, "harmonic": 7, "phase": 0.5, "current_G": 45, "best_float": 44, "walls": 99, "events": 246, "wins": [], "seconds": 0.027712345123291016, "scope": "Finite floating wall sweep plus exact rational point replays for improvements; no exact harmonic or universal theorem"}
{"event": "best", "n": 18, "harmonic": 7, "phase": 0.5, "float_T": 58, "lambda_": -2.9500693007804903, "interval": [-2.969615506024421, -2.9305230955365595], "current_G": 91, "gain_over_G": -33, "raw_min_abs_det": 0.002950659464175498}
{"event": "best", "n": 18, "harmonic": 7, "phase": 0.5, "float_T": 62, "lambda_": -2.8936780696264, "interval": [-2.9305230955365595, -2.856833043716241], "current_G": 91, "gain_over_G": -29, "raw_min_abs_det": 0.003746870138010283}
{"event": "best", "n": 18, "harmonic": 7, "phase": 0.5, "float_T": 66, "lambda_": -0.6802752194763728, "interval": [-0.7098078142164793, -0.6507426247362663], "current_G": 91, "gain_over_G": -25, "raw_min_abs_det": 0.01660357669588458}
{"event": "best", "n": 18, "harmonic": 7, "phase": 0.5, "float_T": 68, "lambda_": -0.11474348223804746, "interval": [-0.11631668595173461, -0.11317027852436032], "current_G": 91, "gain_over_G": -23, "raw_min_abs_det": 0.00014842291088413423}
{"event": "best", "n": 18, "harmonic": 7, "phase": 0.5, "float_T": 70, "lambda_": -0.11023684324985891, "interval": [-0.11317027852436032, -0.10730340797535749], "current_G": 91, "gain_over_G": -21, "raw_min_abs_det": 0.00027675309849812743}
{"event": "best", "n": 18, "harmonic": 7, "phase": 0.5, "float_T": 72, "lambda_": -0.0858384132874917, "interval": [-0.088291555912637, -0.0833852706623464], "current_G": 91, "gain_over_G": -19, "raw_min_abs_det": 0.00030456596845998725}
{"event": "best", "n": 18, "harmonic": 7, "phase": 0.5, "float_T": 74, "lambda_": -0.07571968493803656, "interval": [-0.0833852706623464, -0.06805409921372672], "current_G": 91, "gain_over_G": -17, "raw_min_abs_det": 0.0009517084396179886}
{"event": "best", "n": 18, "harmonic": 7, "phase": 0.5, "float_T": 78, "lambda_": -0.06417565425092264, "interval": [-0.06558359122228384, -0.06276771727956144], "current_G": 91, "gain_over_G": -13, "raw_min_abs_det": 0.0008621817924583802}
{"event": "best", "n": 18, "harmonic": 7, "phase": 0.5, "float_T": 80, "lambda_": -0.059690326536162304, "interval": [-0.06276771727956144, -0.056612935792763164], "current_G": 91, "gain_over_G": -11, "raw_min_abs_det": 0.0024153995791942953}
{"event": "best", "n": 18, "harmonic": 7, "phase": 0.5, "float_T": 84, "lambda_": -0.05271877622874435, "interval": [-0.056612935792763164, -0.04882461666472555], "current_G": 91, "gain_over_G": -7, "raw_min_abs_det": 0.003807349185777317}
{"event": "best", "n": 18, "harmonic": 7, "phase": 0.5, "float_T": 86, "lambda_": -0.046014611819780574, "interval": [-0.04882461666472555, -0.043204606974835594], "current_G": 91, "gain_over_G": -5, "raw_min_abs_det": 0.002970357108481557}
{"event": "best", "n": 18, "harmonic": 7, "phase": 0.5, "float_T": 88, "lambda_": -0.0272368683396888, "interval": [-0.029112886223878153, -0.025360850455499444], "current_G": 91, "gain_over_G": -3, "raw_min_abs_det": 0.0007658100821834653}
{"event": "best", "n": 18, "harmonic": 7, "phase": 0.5, "float_T": 90, "lambda_": -0.0029572215046145944, "interval": [-0.025360850455499444, 0.019446407446270256], "current_G": 91, "gain_over_G": -1, "raw_min_abs_det": 0.009145395186623504}
{"event": "finish", "n": 18, "harmonic": 7, "phase": 0.5, "current_G": 91, "best_float": 90, "walls": 305, "events": 704, "wins": [], "seconds": 0.0794382095336914, "scope": "Finite floating wall sweep plus exact rational point replays for improvements; no exact harmonic or universal theorem"}
{"event": "best", "n": 19, "harmonic": 7, "phase": 0.5, "float_T": 67, "lambda_": -2.974026035321912, "interval": [-2.990893784755249, -2.9571582858885743], "current_G": 103, "gain_over_G": -36, "raw_min_abs_det": 0.007255707400833478}
{"event": "best", "n": 19, "harmonic": 7, "phase": 0.5, "float_T": 71, "lambda_": -2.9529753082103736, "interval": [-2.9571582858885743, -2.948792330532173], "current_G": 103, "gain_over_G": -32, "raw_min_abs_det": 0.002673532840079762}
{"event": "best", "n": 19, "harmonic": 7, "phase": 0.5, "float_T": 73, "lambda_": -0.49374112661139274, "interval": [-0.49399268722448364, -0.49348956599830185], "current_G": 103, "gain_over_G": -30, "raw_min_abs_det": 0.0003018115209757477}
{"event": "best", "n": 19, "harmonic": 7, "phase": 0.5, "float_T": 77, "lambda_": -0.4833484278509893, "interval": [-0.49348956599830185, -0.4732072897036767], "current_G": 103, "gain_over_G": -26, "raw_min_abs_det": 0.0037679814353398233}
{"event": "best", "n": 19, "harmonic": 7, "phase": 0.5, "float_T": 79, "lambda_": -0.10997024528806841, "interval": [-0.11029734870642943, -0.10964314186970739], "current_G": 103, "gain_over_G": -24, "raw_min_abs_det": 0.00015669958825838964}
{"event": "best", "n": 19, "harmonic": 7, "phase": 0.5, "float_T": 80, "lambda_": -0.10623048952821176, "interval": [-0.10964314186970739, -0.10281783718671615], "current_G": 103, "gain_over_G": -23, "raw_min_abs_det": 0.0012465520369135397}
{"event": "best", "n": 19, "harmonic": 7, "phase": 0.5, "float_T": 82, "lambda_": -0.07353293694674444, "interval": [-0.07417584204008836, -0.07289003185340052], "current_G": 103, "gain_over_G": -21, "raw_min_abs_det": 0.000754418539062357}
{"event": "best", "n": 19, "harmonic": 7, "phase": 0.5, "float_T": 86, "lambda_": -0.06913662686707656, "interval": [-0.07289003185340052, -0.06538322188075259], "current_G": 103, "gain_over_G": -17, "raw_min_abs_det": 0.001322690177159685}
{"event": "best", "n": 19, "harmonic": 7, "phase": 0.5, "float_T": 90, "lambda_": -0.06492234237650205, "interval": [-0.06499126589670988, -0.0648534188562942], "current_G": 103, "gain_over_G": -13, "raw_min_abs_det": 3.55129001128468e-05}
{"event": "best", "n": 19, "harmonic": 7, "phase": 0.5, "float_T": 94, "lambda_": -0.04603202187998492, "interval": [-0.05133222176418479, -0.040731821995785046], "current_G": 103, "gain_over_G": -9, "raw_min_abs_det": 0.003688539182014088}
{"event": "best", "n": 19, "harmonic": 7, "phase": 0.5, "float_T": 96, "lambda_": -0.03679087100077189, "interval": [-0.040731821995785046, -0.03284992000575874], "current_G": 103, "gain_over_G": -7, "raw_min_abs_det": 0.0032399692085819734}
{"event": "best", "n": 19, "harmonic": 7, "phase": 0.5, "float_T": 98, "lambda_": -0.03126718475222456, "interval": [-0.03284992000575874, -0.029684449498690372], "current_G": 103, "gain_over_G": -5, "raw_min_abs_det": 0.0008474303518101779}
{"event": "best", "n": 19, "harmonic": 7, "phase": 0.5, "float_T": 102, "lambda_": -0.0032217729431894254, "interval": [-0.0224054093696745, 0.01596186348329565], "current_G": 103, "gain_over_G": -1, "raw_min_abs_det": 0.003492138530751667}
{"event": "finish", "n": 19, "harmonic": 7, "phase": 0.5, "current_G": 103, "best_float": 102, "walls": 386, "events": 827, "wins": [], "seconds": 0.09205818176269531, "scope": "Finite floating wall sweep plus exact rational point replays for improvements; no exact harmonic or universal theorem"}
{"event": "best", "n": 26, "harmonic": 7, "phase": 0.5, "float_T": 116, "lambda_": -2.6995917171881487, "interval": [-2.7032218013071336, -2.695961633069164], "current_G": 200, "gain_over_G": -84, "raw_min_abs_det": 0.0003629322303200788}
{"event": "best", "n": 26, "harmonic": 7, "phase": 0.5, "float_T": 118, "lambda_": -1.6052307552616456, "interval": [-1.6086738779730216, -1.6017876325502696], "current_G": 200, "gain_over_G": -82, "raw_min_abs_det": 0.0013925630187993088}
{"event": "best", "n": 26, "harmonic": 7, "phase": 0.5, "float_T": 122, "lambda_": -1.5736065444295109, "interval": [-1.574494944395393, -1.5727181444636287], "current_G": 200, "gain_over_G": -78, "raw_min_abs_det": 0.00045603202261235154}
{"event": "best", "n": 26, "harmonic": 7, "phase": 0.5, "float_T": 124, "lambda_": -1.1722780684298877, "interval": [-1.1850175787287236, -1.1595385581310518], "current_G": 200, "gain_over_G": -76, "raw_min_abs_det": 8.426824532321332e-05}
{"event": "best", "n": 26, "harmonic": 7, "phase": 0.5, "float_T": 126, "lambda_": -1.1150823795728297, "interval": [-1.1152882999713258, -1.1148764591743336], "current_G": 200, "gain_over_G": -74, "raw_min_abs_det": 0.00018302122524160858}
{"event": "best", "n": 26, "harmonic": 7, "phase": 0.5, "float_T": 130, "lambda_": -0.5887520065279532, "interval": [-0.5891768759858143, -0.5883271370700923], "current_G": 200, "gain_over_G": -70, "raw_min_abs_det": 0.00039541662010289524}
{"event": "best", "n": 26, "harmonic": 7, "phase": 0.5, "float_T": 132, "lambda_": -0.3523211705640661, "interval": [-0.35404864431795846, -0.3505936968101737], "current_G": 200, "gain_over_G": -68, "raw_min_abs_det": 0.0027967914558284512}
{"event": "best", "n": 26, "harmonic": 7, "phase": 0.5, "float_T": 134, "lambda_": -0.1684777367440079, "interval": [-0.16890099214161464, -0.16805448134640114], "current_G": 200, "gain_over_G": -66, "raw_min_abs_det": 3.05040000422533e-05}
{"event": "best", "n": 26, "harmonic": 7, "phase": 0.5, "float_T": 136, "lambda_": -0.16664591635620943, "interval": [-0.16805448134640114, -0.16523735136601772], "current_G": 200, "gain_over_G": -64, "raw_min_abs_det": 0.00016252322413978781}
{"event": "best", "n": 26, "harmonic": 7, "phase": 0.5, "float_T": 140, "lambda_": -0.15788242313027806, "interval": [-0.15893101863713416, -0.15683382762342193], "current_G": 200, "gain_over_G": -60, "raw_min_abs_det": 0.00021295529499554267}
{"event": "best", "n": 26, "harmonic": 7, "phase": 0.5, "float_T": 142, "lambda_": -0.11693519867262366, "interval": [-0.11749413564999898, -0.11637626169524833], "current_G": 200, "gain_over_G": -58, "raw_min_abs_det": 0.00028600745583270276}
{"event": "best", "n": 26, "harmonic": 7, "phase": 0.5, "float_T": 144, "lambda_": -0.11327754684919426, "interval": [-0.11460244401161723, -0.1119526496867713], "current_G": 200, "gain_over_G": -56, "raw_min_abs_det": 0.00026246266855791105}
{"event": "best", "n": 26, "harmonic": 7, "phase": 0.5, "float_T": 146, "lambda_": -0.10834275500691855, "interval": [-0.10853691690213649, -0.10814859311170061], "current_G": 200, "gain_over_G": -54, "raw_min_abs_det": 4.203878839458344e-05}
{"event": "best", "n": 26, "harmonic": 7, "phase": 0.5, "float_T": 150, "lambda_": -0.10777509739158413, "interval": [-0.10814859311170061, -0.10740160167146764], "current_G": 200, "gain_over_G": -50, "raw_min_abs_det": 1.6683049353202924e-05}
{"event": "best", "n": 26, "harmonic": 7, "phase": 0.5, "float_T": 154, "lambda_": -0.09541173012952951, "interval": [-0.09597088708096085, -0.09485257317809817], "current_G": 200, "gain_over_G": -46, "raw_min_abs_det": 4.241587251429136e-05}
{"event": "best", "n": 26, "harmonic": 7, "phase": 0.5, "float_T": 156, "lambda_": -0.09057941192907122, "interval": [-0.09165393171964888, -0.08950489213849357], "current_G": 200, "gain_over_G": -44, "raw_min_abs_det": 0.00019686988250148738}
{"event": "best", "n": 26, "harmonic": 7, "phase": 0.5, "float_T": 158, "lambda_": -0.08804094357925579, "interval": [-0.08950489213849357, -0.08657699502001803], "current_G": 200, "gain_over_G": -42, "raw_min_abs_det": 0.00019686988250151166}
{"event": "best", "n": 26, "harmonic": 7, "phase": 0.5, "float_T": 160, "lambda_": -0.07532344132726915, "interval": [-0.07565800068662637, -0.07498888196791192], "current_G": 200, "gain_over_G": -40, "raw_min_abs_det": 5.004311825704917e-05}
{"event": "best", "n": 26, "harmonic": 7, "phase": 0.5, "float_T": 162, "lambda_": -0.06766354252745879, "interval": [-0.0691574302375727, -0.06616965481734487], "current_G": 200, "gain_over_G": -38, "raw_min_abs_det": 0.0002961833339439851}
{"event": "best", "n": 26, "harmonic": 7, "phase": 0.5, "float_T": 164, "lambda_": -0.064501986553778, "interval": [-0.06500940868189807, -0.06399456442565794], "current_G": 200, "gain_over_G": -36, "raw_min_abs_det": 8.559460876174547e-05}
{"event": "best", "n": 26, "harmonic": 7, "phase": 0.5, "float_T": 166, "lambda_": -0.06037036492720754, "interval": [-0.06082296906021737, -0.059917760794197715], "current_G": 200, "gain_over_G": -34, "raw_min_abs_det": 0.00023471968101947127}
{"event": "best", "n": 26, "harmonic": 7, "phase": 0.5, "float_T": 168, "lambda_": -0.058041889052438095, "interval": [-0.05889979929088355, -0.05718397881399265], "current_G": 200, "gain_over_G": -32, "raw_min_abs_det": 0.00011064962653880607}
{"event": "best", "n": 26, "harmonic": 7, "phase": 0.5, "float_T": 172, "lambda_": -0.056683461956208395, "interval": [-0.05718397881399265, -0.056182945098424135], "current_G": 200, "gain_over_G": -28, "raw_min_abs_det": 6.45545430143753e-05}
{"event": "best", "n": 26, "harmonic": 7, "phase": 0.5, "float_T": 176, "lambda_": -0.055564922914425406, "interval": [-0.056182945098424135, -0.05494690073042668], "current_G": 200, "gain_over_G": -24, "raw_min_abs_det": 0.00020881896800436974}
{"event": "best", "n": 26, "harmonic": 7, "phase": 0.5, "float_T": 178, "lambda_": -0.043289812157847773, "interval": [-0.04337389797956653, -0.04320572633612901], "current_G": 200, "gain_over_G": -22, "raw_min_abs_det": 4.1125780807178824e-05}
{"event": "best", "n": 26, "harmonic": 7, "phase": 0.5, "float_T": 180, "lambda_": -0.042570808747812966, "interval": [-0.04320572633612901, -0.04193589115949691], "current_G": 200, "gain_over_G": -20, "raw_min_abs_det": 0.00039278526437752995}
{"event": "best", "n": 26, "harmonic": 7, "phase": 0.5, "float_T": 184, "lambda_": -0.04153914220128298, "interval": [-0.04193589115949691, -0.04114239324306905], "current_G": 200, "gain_over_G": -16, "raw_min_abs_det": 0.0004791813054437419}
{"event": "best", "n": 26, "harmonic": 7, "phase": 0.5, "float_T": 186, "lambda_": -0.038442972682535964, "interval": [-0.04114239324306905, -0.035743552122002885], "current_G": 200, "gain_over_G": -14, "raw_min_abs_det": 0.0012351457865944766}
{"event": "best", "n": 26, "harmonic": 7, "phase": 0.5, "float_T": 190, "lambda_": -0.0356818166834518, "interval": [-0.035743552122002885, -0.03562008124490072], "current_G": 200, "gain_over_G": -10, "raw_min_abs_det": 4.846335285595485e-05}
{"event": "best", "n": 26, "harmonic": 7, "phase": 0.5, "float_T": 192, "lambda_": -0.025978235313286694, "interval": [-0.028614029110840558, -0.02334244151573283], "current_G": 200, "gain_over_G": -8, "raw_min_abs_det": 0.0007850612580760934}
{"event": "best", "n": 26, "harmonic": 7, "phase": 0.5, "float_T": 194, "lambda_": -0.02193071650868209, "interval": [-0.02334244151573283, -0.020518991501631348], "current_G": 200, "gain_over_G": -6, "raw_min_abs_det": 0.0005319082403463893}
{"event": "best", "n": 26, "harmonic": 7, "phase": 0.5, "float_T": 196, "lambda_": -0.016575372609597752, "interval": [-0.017519751289294182, -0.015630993929901325], "current_G": 200, "gain_over_G": -4, "raw_min_abs_det": 0.0001969569937972091}
{"event": "best", "n": 26, "harmonic": 7, "phase": 0.5, "float_T": 198, "lambda_": -0.01452866690956187, "interval": [-0.015630993929901325, -0.013426339889222412], "current_G": 200, "gain_over_G": -2, "raw_min_abs_det": 6.894530333162647e-05}
{"event": "best", "n": 26, "harmonic": 7, "phase": 0.5, "float_T": 200, "lambda_": -0.0006081924762201402, "interval": [-0.013426339889222412, 0.012209954936782131], "current_G": 200, "gain_over_G": 0, "raw_min_abs_det": 0.0008017140514860281}
{"event": "finish", "n": 26, "harmonic": 7, "phase": 0.5, "current_G": 200, "best_float": 200, "walls": 1046, "events": 2226, "wins": [], "seconds": 0.2629716396331787, "scope": "Finite floating wall sweep plus exact rational point replays for improvements; no exact harmonic or universal theorem"}
{"event": "best", "n": 31, "harmonic": 7, "phase": 0.5, "float_T": 187, "lambda_": -2.1154040180977143, "interval": [-2.1426160462419923, -2.0881919899534367], "current_G": 291, "gain_over_G": -104, "raw_min_abs_det": 0.005643054342564624}
{"event": "best", "n": 31, "harmonic": 7, "phase": 0.5, "float_T": 188, "lambda_": -0.20909382693764594, "interval": [-0.21044114803240402, -0.20774650584288784], "current_G": 291, "gain_over_G": -103, "raw_min_abs_det": 0.0002838230159951183}
{"event": "best", "n": 31, "harmonic": 7, "phase": 0.5, "float_T": 189, "lambda_": -0.19040196817512278, "interval": [-0.1906554138073566, -0.19014852254288897], "current_G": 291, "gain_over_G": -102, "raw_min_abs_det": 2.6607072547799038e-05}
{"event": "best", "n": 31, "harmonic": 7, "phase": 0.5, "float_T": 191, "lambda_": -0.18529425645867695, "interval": [-0.1853457181056459, -0.185242794811708], "current_G": 291, "gain_over_G": -100, "raw_min_abs_det": 4.8964547509383616e-05}
{"event": "best", "n": 31, "harmonic": 7, "phase": 0.5, "float_T": 193, "lambda_": -0.15647765459648416, "interval": [-0.15673070169169315, -0.1562246075012752], "current_G": 291, "gain_over_G": -98, "raw_min_abs_det": 0.00013047731237629534}
{"event": "best", "n": 31, "harmonic": 7, "phase": 0.5, "float_T": 195, "lambda_": -0.14524112705517914, "interval": [-0.1452847584117987, -0.14519749569855958], "current_G": 291, "gain_over_G": -96, "raw_min_abs_det": 4.197634575320297e-05}
{"event": "best", "n": 31, "harmonic": 7, "phase": 0.5, "float_T": 197, "lambda_": -0.13595161412090126, "interval": [-0.1359951322233425, -0.13590809601846002], "current_G": 291, "gain_over_G": -94, "raw_min_abs_det": 1.5323800585428926e-05}
{"event": "best", "n": 31, "harmonic": 7, "phase": 0.5, "float_T": 199, "lambda_": -0.1320085171167798, "interval": [-0.13275850927783137, -0.13125852495572826], "current_G": 291, "gain_over_G": -92, "raw_min_abs_det": 0.00019311758354824404}
{"event": "best", "n": 31, "harmonic": 7, "phase": 0.5, "float_T": 201, "lambda_": -0.12906822714623528, "interval": [-0.13037300850280695, -0.12776344578966364], "current_G": 291, "gain_over_G": -90, "raw_min_abs_det": 0.0002435634084143462}
{"event": "best", "n": 31, "harmonic": 7, "phase": 0.5, "float_T": 203, "lambda_": -0.12623741306700775, "interval": [-0.12699605617350174, -0.1254787699605138], "current_G": 291, "gain_over_G": -88, "raw_min_abs_det": 0.00021430480659015427}
{"event": "best", "n": 31, "harmonic": 7, "phase": 0.5, "float_T": 205, "lambda_": -0.1225834563831526, "interval": [-0.12283328416710948, -0.12233362859919572], "current_G": 291, "gain_over_G": -86, "raw_min_abs_det": 5.851306592146669e-05}
{"event": "best", "n": 31, "harmonic": 7, "phase": 0.5, "float_T": 207, "lambda_": -0.11389782434778495, "interval": [-0.1139547875484835, -0.11384086114708641], "current_G": 291, "gain_over_G": -84, "raw_min_abs_det": 9.703731773856583e-06}
{"event": "best", "n": 31, "harmonic": 7, "phase": 0.5, "float_T": 209, "lambda_": -0.1122533263032844, "interval": [-0.11384086114708641, -0.11066579145948238], "current_G": 291, "gain_over_G": -82, "raw_min_abs_det": 0.00021413118322770493}
{"event": "best", "n": 31, "harmonic": 7, "phase": 0.5, "float_T": 211, "lambda_": -0.10827611778463683, "interval": [-0.1088013181591194, -0.10775091741015426], "current_G": 291, "gain_over_G": -80, "raw_min_abs_det": 0.00012394422026263188}
{"event": "best", "n": 31, "harmonic": 7, "phase": 0.5, "float_T": 213, "lambda_": -0.1046265826569883, "interval": [-0.10577970509334973, -0.10347346022062688], "current_G": 291, "gain_over_G": -78, "raw_min_abs_det": 0.0001356031942386371}
{"event": "best", "n": 31, "harmonic": 7, "phase": 0.5, "float_T": 214, "lambda_": -0.10319815893469686, "interval": [-0.10347346022062688, -0.10292285764876682], "current_G": 291, "gain_over_G": -77, "raw_min_abs_det": 5.383455325659939e-05}
{"event": "best", "n": 31, "harmonic": 7, "phase": 0.5, "float_T": 216, "lambda_": -0.10287913205100141, "interval": [-0.10292285764876682, -0.10283540645323601], "current_G": 291, "gain_over_G": -75, "raw_min_abs_det": 3.188884192724395e-05}
{"event": "best", "n": 31, "harmonic": 7, "phase": 0.5, "float_T": 220, "lambda_": -0.09865412108601718, "interval": [-0.0991268720758783, -0.09818137009615605], "current_G": 291, "gain_over_G": -71, "raw_min_abs_det": 9.946381705736723e-06}
{"event": "best", "n": 31, "harmonic": 7, "phase": 0.5, "float_T": 222, "lambda_": -0.09779504750913927, "interval": [-0.09818137009615605, -0.09740872492212249], "current_G": 291, "gain_over_G": -69, "raw_min_abs_det": 8.127982795210799e-06}
{"event": "best", "n": 31, "harmonic": 7, "phase": 0.5, "float_T": 224, "lambda_": -0.09520180057586991, "interval": [-0.09548449682992183, -0.094919104321818], "current_G": 291, "gain_over_G": -67, "raw_min_abs_det": 2.5821016653390996e-05}
{"event": "best", "n": 31, "harmonic": 7, "phase": 0.5, "float_T": 228, "lambda_": -0.09471231274880931, "interval": [-0.094919104321818, -0.09450552117580065], "current_G": 291, "gain_over_G": -63, "raw_min_abs_det": 1.3247115464779316e-05}
{"event": "best", "n": 31, "harmonic": 7, "phase": 0.5, "float_T": 232, "lambda_": -0.09435106931158746, "interval": [-0.09450552117580065, -0.09419661744737426], "current_G": 291, "gain_over_G": -59, "raw_min_abs_det": 3.967539888940531e-06}
{"event": "best", "n": 31, "harmonic": 7, "phase": 0.5, "float_T": 234, "lambda_": -0.0744873713573794, "interval": [-0.07521296873493438, -0.0737617739798244], "current_G": 291, "gain_over_G": -57, "raw_min_abs_det": 1.1915676859302043e-05}
{"event": "best", "n": 31, "harmonic": 7, "phase": 0.5, "float_T": 236, "lambda_": -0.07236013396124165, "interval": [-0.07274550533971529, -0.07197476258276801], "current_G": 291, "gain_over_G": -55, "raw_min_abs_det": 4.6848925241983015e-05}
{"event": "best", "n": 31, "harmonic": 7, "phase": 0.5, "float_T": 238, "lambda_": -0.06516382808771312, "interval": [-0.06603992104160136, -0.06428773513382488], "current_G": 291, "gain_over_G": -53, "raw_min_abs_det": 7.538286020205426e-05}
{"event": "best", "n": 31, "harmonic": 7, "phase": 0.5, "float_T": 242, "lambda_": -0.06203694682450572, "interval": [-0.0623112985559351, -0.06176259509307635], "current_G": 291, "gain_over_G": -49, "raw_min_abs_det": 0.00010268166071703347}
{"event": "best", "n": 31, "harmonic": 7, "phase": 0.5, "float_T": 244, "lambda_": -0.0617122915433377, "interval": [-0.06176259509307635, -0.06166198799359905], "current_G": 291, "gain_over_G": -47, "raw_min_abs_det": 1.3775517740538534e-05}
{"event": "best", "n": 31, "harmonic": 7, "phase": 0.5, "float_T": 246, "lambda_": -0.06150678295831733, "interval": [-0.06166198799359905, -0.06135157792303561], "current_G": 291, "gain_over_G": -45, "raw_min_abs_det": 4.250256150972048e-05}
{"event": "best", "n": 31, "harmonic": 7, "phase": 0.5, "float_T": 248, "lambda_": -0.05859858007390588, "interval": [-0.058614641108441605, -0.05858251903937016], "current_G": 291, "gain_over_G": -43, "raw_min_abs_det": 6.24808545593783e-06}
{"event": "best", "n": 31, "harmonic": 7, "phase": 0.5, "float_T": 250, "lambda_": -0.0516780548512035, "interval": [-0.053167828424450454, -0.05018828127795654], "current_G": 291, "gain_over_G": -41, "raw_min_abs_det": 0.0003864876547664787}
{"event": "best", "n": 31, "harmonic": 7, "phase": 0.5, "float_T": 252, "lambda_": -0.04512014839986453, "interval": [-0.04527167616189028, -0.04496862063783878], "current_G": 291, "gain_over_G": -39, "raw_min_abs_det": 2.4213764547065773e-05}
{"event": "best", "n": 31, "harmonic": 7, "phase": 0.5, "float_T": 254, "lambda_": -0.04412686286698132, "interval": [-0.04496862063783878, -0.043285105096123856], "current_G": 291, "gain_over_G": -37, "raw_min_abs_det": 9.180211048947107e-05}
{"event": "best", "n": 31, "harmonic": 7, "phase": 0.5, "float_T": 258, "lambda_": -0.04317078885719866, "interval": [-0.043285105096123856, -0.043056472618273466], "current_G": 291, "gain_over_G": -33, "raw_min_abs_det": 9.804341929702844e-06}
{"event": "best", "n": 31, "harmonic": 7, "phase": 0.5, "float_T": 260, "lambda_": -0.04173505103104116, "interval": [-0.043056472618273466, -0.04041362944380885], "current_G": 291, "gain_over_G": -31, "raw_min_abs_det": 0.00011333183453480925}
{"event": "best", "n": 31, "harmonic": 7, "phase": 0.5, "float_T": 262, "lambda_": -0.03983025956684372, "interval": [-0.040257851830884546, -0.03940266730280288], "current_G": 291, "gain_over_G": -29, "raw_min_abs_det": 0.0002737272084230233}
{"event": "best", "n": 31, "harmonic": 7, "phase": 0.5, "float_T": 264, "lambda_": -0.038958395336841034, "interval": [-0.039208318171162534, -0.03870847250251953], "current_G": 291, "gain_over_G": -27, "raw_min_abs_det": 0.00010999537936368445}
{"event": "best", "n": 31, "harmonic": 7, "phase": 0.5, "float_T": 268, "lambda_": -0.033854588861434304, "interval": [-0.03436651268009475, -0.033342665042773854], "current_G": 291, "gain_over_G": -23, "raw_min_abs_det": 0.0005946910089517921}
{"event": "best", "n": 31, "harmonic": 7, "phase": 0.5, "float_T": 270, "lambda_": -0.031826358314718736, "interval": [-0.03216802244042932, -0.03148469418900814], "current_G": 291, "gain_over_G": -21, "raw_min_abs_det": 0.00018328281057334445}
{"event": "best", "n": 31, "harmonic": 7, "phase": 0.5, "float_T": 272, "lambda_": -0.030954090086351048, "interval": [-0.03148469418900814, -0.030423485983693953], "current_G": 291, "gain_over_G": -19, "raw_min_abs_det": 0.0005049747438763408}
{"event": "best", "n": 31, "harmonic": 7, "phase": 0.5, "float_T": 274, "lambda_": -0.030200077737152466, "interval": [-0.030423485983693953, -0.02997666949061098], "current_G": 291, "gain_over_G": -17, "raw_min_abs_det": 0.00015079872382218681}
{"event": "best", "n": 31, "harmonic": 7, "phase": 0.5, "float_T": 278, "lambda_": -0.02769615079199607, "interval": [-0.02997666949061098, -0.025415632093381157], "current_G": 291, "gain_over_G": -13, "raw_min_abs_det": 0.0007803157308951621}
{"event": "best", "n": 31, "harmonic": 7, "phase": 0.5, "float_T": 280, "lambda_": -0.021381105239684083, "interval": [-0.022033249483440206, -0.020728960995927963], "current_G": 291, "gain_over_G": -11, "raw_min_abs_det": 0.00034770358824779725}
{"event": "best", "n": 31, "harmonic": 7, "phase": 0.5, "float_T": 282, "lambda_": -0.01735682797374413, "interval": [-0.018419475199356036, -0.01629418074813222], "current_G": 291, "gain_over_G": -9, "raw_min_abs_det": 0.0006462260962217612}
{"event": "best", "n": 31, "harmonic": 7, "phase": 0.5, "float_T": 284, "lambda_": -0.013845589149219722, "interval": [-0.014607188078744738, -0.013083990219694705], "current_G": 291, "gain_over_G": -7, "raw_min_abs_det": 0.00026563113566067335}
{"event": "best", "n": 31, "harmonic": 7, "phase": 0.5, "float_T": 286, "lambda_": -0.01274022362056932, "interval": [-0.013083990219694705, -0.012396457021443937], "current_G": 291, "gain_over_G": -5, "raw_min_abs_det": 6.710108670799665e-05}
{"event": "best", "n": 31, "harmonic": 7, "phase": 0.5, "float_T": 290, "lambda_": -0.0009436356468042906, "interval": [-0.011394967219913954, 0.009507695926305373], "current_G": 291, "gain_over_G": -1, "raw_min_abs_det": 0.00045883689489056444}
{"event": "finish", "n": 31, "harmonic": 7, "phase": 0.5, "current_G": 291, "best_float": 290, "walls": 1842, "events": 3857, "wins": [], "seconds": 0.5643362998962402, "scope": "Finite floating wall sweep plus exact rational point replays for improvements; no exact harmonic or universal theorem"}
{"event": "best", "n": 61, "harmonic": 7, "phase": 0.5, "float_T": 720, "lambda_": -1.8607942608596413, "interval": [-1.8629689116405779, -1.8586196100787047], "current_G": 1181, "gain_over_G": -461, "raw_min_abs_det": 0.00012313684589511473}
{"event": "best", "n": 61, "harmonic": 7, "phase": 0.5, "float_T": 724, "lambda_": -1.8567443720531531, "interval": [-1.8569300625658445, -1.856558681540462], "current_G": 1181, "gain_over_G": -457, "raw_min_abs_det": 8.758269494535398e-05}
{"event": "best", "n": 61, "harmonic": 7, "phase": 0.5, "float_T": 728, "lambda_": -1.8474832914879218, "interval": [-1.8483277114842829, -1.846638871491561], "current_G": 1181, "gain_over_G": -453, "raw_min_abs_det": 0.00011556617793336693}
{"event": "best", "n": 61, "harmonic": 7, "phase": 0.5, "float_T": 730, "lambda_": -1.8446953919055038, "interval": [-1.8456695776853143, -1.8437212061256936], "current_G": 1181, "gain_over_G": -451, "raw_min_abs_det": 3.581185819755833e-05}
{"event": "best", "n": 61, "harmonic": 7, "phase": 0.5, "float_T": 736, "lambda_": -1.8326890770381796, "interval": [-1.83307240314179, -1.832305750934569], "current_G": 1181, "gain_over_G": -445, "raw_min_abs_det": 0.0001371963366668614}
{"event": "best", "n": 61, "harmonic": 7, "phase": 0.5, "float_T": 738, "lambda_": -1.7982310141775553, "interval": [-1.7996515482576045, -1.796810480097506], "current_G": 1181, "gain_over_G": -443, "raw_min_abs_det": 3.3468133460598515e-05}
{"event": "best", "n": 61, "harmonic": 7, "phase": 0.5, "float_T": 740, "lambda_": -1.7963728358064097, "interval": [-1.796810480097506, -1.7959351915153132], "current_G": 1181, "gain_over_G": -441, "raw_min_abs_det": 2.069176596431084e-05}
{"event": "best", "n": 61, "harmonic": 7, "phase": 0.5, "float_T": 742, "lambda_": -0.19890679014460533, "interval": [-0.19893002380056418, -0.1988835564886465], "current_G": 1181, "gain_over_G": -439, "raw_min_abs_det": 3.679322870039437e-06}
{"event": "best", "n": 61, "harmonic": 7, "phase": 0.5, "float_T": 744, "lambda_": -0.198814153627275, "interval": [-0.1988835564886465, -0.19874475076590353], "current_G": 1181, "gain_over_G": -437, "raw_min_abs_det": 3.249300087662275e-06}
{"event": "best", "n": 61, "harmonic": 7, "phase": 0.5, "float_T": 746, "lambda_": -0.1959865162202388, "interval": [-0.19600924499335665, -0.19596378744712095], "current_G": 1181, "gain_over_G": -435, "raw_min_abs_det": 9.876716955754122e-06}
{"event": "best", "n": 61, "harmonic": 7, "phase": 0.5, "float_T": 748, "lambda_": -0.1956799757937981, "interval": [-0.19576182749129425, -0.19559812409630192], "current_G": 1181, "gain_over_G": -433, "raw_min_abs_det": 1.1299691079652585e-05}
{"event": "best", "n": 61, "harmonic": 7, "phase": 0.5, "float_T": 752, "lambda_": -0.184972108044872, "interval": [-0.1850209028890666, -0.18492331320067737], "current_G": 1181, "gain_over_G": -429, "raw_min_abs_det": 3.581757329876312e-05}
{"event": "best", "n": 61, "harmonic": 7, "phase": 0.5, "float_T": 756, "lambda_": -0.18456295553807067, "interval": [-0.18466167562413477, -0.18446423545200658], "current_G": 1181, "gain_over_G": -425, "raw_min_abs_det": 4.247475648829456e-05}
{"event": "best", "n": 61, "harmonic": 7, "phase": 0.5, "float_T": 757, "lambda_": -0.16347802531517713, "interval": [-0.16349406405306563, -0.1634619865772886], "current_G": 1181, "gain_over_G": -424, "raw_min_abs_det": 3.835715954671193e-06}
{"event": "best", "n": 61, "harmonic": 7, "phase": 0.5, "float_T": 763, "lambda_": -0.16322533036340736, "interval": [-0.16323958573092762, -0.16321107499588708], "current_G": 1181, "gain_over_G": -418, "raw_min_abs_det": 1.430674549712796e-05}
{"event": "best", "n": 61, "harmonic": 7, "phase": 0.5, "float_T": 767, "lambda_": -0.16294276390238996, "interval": [-0.16296786044535497, -0.16291766735942495], "current_G": 1181, "gain_over_G": -414, "raw_min_abs_det": 7.600657423043056e-06}
{"event": "best", "n": 61, "harmonic": 7, "phase": 0.5, "float_T": 771, "lambda_": -0.1629090376880813, "interval": [-0.16291195673986583, -0.16290611863629673], "current_G": 1181, "gain_over_G": -410, "raw_min_abs_det": 7.919542642925714e-07}
{"event": "best", "n": 61, "harmonic": 7, "phase": 0.5, "float_T": 777, "lambda_": -0.1605380822319545, "interval": [-0.16055550893846213, -0.1605206555254469], "current_G": 1181, "gain_over_G": -404, "raw_min_abs_det": 4.923165438305843e-06}
{"event": "best", "n": 61, "harmonic": 7, "phase": 0.5, "float_T": 781, "lambda_": -0.15809898624599236, "interval": [-0.15810786281433561, -0.1580901096776491], "current_G": 1181, "gain_over_G": -400, "raw_min_abs_det": 1.492155632285344e-06}
{"event": "best", "n": 61, "harmonic": 7, "phase": 0.5, "float_T": 783, "lambda_": -0.15804152157292628, "interval": [-0.1580901096776491, -0.15799293346820348], "current_G": 1181, "gain_over_G": -398, "raw_min_abs_det": 3.01853316857139e-06}
{"event": "best", "n": 61, "harmonic": 7, "phase": 0.5, "float_T": 785, "lambda_": -0.15240868551733194, "interval": [-0.15241338766906248, -0.1524039833656014], "current_G": 1181, "gain_over_G": -396, "raw_min_abs_det": 4.22560882257228e-06}
{"event": "best", "n": 61, "harmonic": 7, "phase": 0.5, "float_T": 787, "lambda_": -0.14927769823025333, "interval": [-0.1493887572621868, -0.14916663919831985], "current_G": 1181, "gain_over_G": -394, "raw_min_abs_det": 5.990516099444056e-05}
{"event": "best", "n": 61, "harmonic": 7, "phase": 0.5, "float_T": 789, "lambda_": -0.148526648769233, "interval": [-0.14868263993556066, -0.1483706576029053], "current_G": 1181, "gain_over_G": -392, "raw_min_abs_det": 1.8375860966946336e-05}
{"event": "best", "n": 61, "harmonic": 7, "phase": 0.5, "float_T": 791, "lambda_": -0.14833793221227376, "interval": [-0.1483706576029053, -0.1483052068216422], "current_G": 1181, "gain_over_G": -390, "raw_min_abs_det": 2.7156427898009095e-06}
{"event": "best", "n": 61, "harmonic": 7, "phase": 0.5, "float_T": 793, "lambda_": -0.14445010169238848, "interval": [-0.1446465278514301, -0.14425367553334686], "current_G": 1181, "gain_over_G": -388, "raw_min_abs_det": 1.5138467549921566e-05}
{"event": "best", "n": 61, "harmonic": 7, "phase": 0.5, "float_T": 795, "lambda_": -0.1413876534006776, "interval": [-0.14148841853758792, -0.14128688826376729], "current_G": 1181, "gain_over_G": -386, "raw_min_abs_det": 8.291829044378835e-06}
{"event": "best", "n": 61, "harmonic": 7, "phase": 0.5, "float_T": 801, "lambda_": -0.14103931551574306, "interval": [-0.14109581163820112, -0.14098281939328497], "current_G": 1181, "gain_over_G": -380, "raw_min_abs_det": 1.9022666980097937e-05}
{"event": "best", "n": 61, "harmonic": 7, "phase": 0.5, "float_T": 805, "lambda_": -0.13608536672295146, "interval": [-0.13611263856569825, -0.1360580948802047], "current_G": 1181, "gain_over_G": -376, "raw_min_abs_det": 1.0401293862101696e-05}
{"event": "best", "n": 61, "harmonic": 7, "phase": 0.5, "float_T": 811, "lambda_": -0.13519057853202798, "interval": [-0.13523140727838834, -0.13514974978566766], "current_G": 1181, "gain_over_G": -370, "raw_min_abs_det": 1.5715885068650227e-05}
{"event": "best", "n": 61, "harmonic": 7, "phase": 0.5, "float_T": 813, "lambda_": -0.1338820552935914, "interval": [-0.13392080161508765, -0.13384330897209515], "current_G": 1181, "gain_over_G": -368, "raw_min_abs_det": 8.635236910589997e-06}
{"event": "best", "n": 61, "harmonic": 7, "phase": 0.5, "float_T": 815, "lambda_": -0.13369676935394723, "interval": [-0.1337651755024811, -0.13362836320541335], "current_G": 1181, "gain_over_G": -366, "raw_min_abs_det": 1.758279761719531e-05}
{"event": "best", "n": 61, "harmonic": 7, "phase": 0.5, "float_T": 817, "lambda_": -0.1335792355660434, "interval": [-0.13362836320541335, -0.13353010792667347], "current_G": 1181, "gain_over_G": -364, "raw_min_abs_det": 1.258836734365984e-05}
{"event": "best", "n": 61, "harmonic": 7, "phase": 0.5, "float_T": 821, "lambda_": -0.1320230762806423, "interval": [-0.13211858562412931, -0.13192756693715527], "current_G": 1181, "gain_over_G": -360, "raw_min_abs_det": 8.356976068131863e-06}
{"event": "best", "n": 61, "harmonic": 7, "phase": 0.5, "float_T": 823, "lambda_": -0.12594830485732936, "interval": [-0.12599701214922077, -0.12589959756543795], "current_G": 1181, "gain_over_G": -358, "raw_min_abs_det": 2.9366136183580434e-06}
{"event": "best", "n": 61, "harmonic": 7, "phase": 0.5, "float_T": 825, "lambda_": -0.12518413222005115, "interval": [-0.1252129538680843, -0.12515531057201798], "current_G": 1181, "gain_over_G": -356, "raw_min_abs_det": 1.0705640218514013e-06}
{"event": "best", "n": 61, "harmonic": 7, "phase": 0.5, "float_T": 827, "lambda_": -0.124762279809846, "interval": [-0.1247644691197921, -0.1247600904998999], "current_G": 1181, "gain_over_G": -354, "raw_min_abs_det": 4.043354943293305e-08}
{"event": "best", "n": 61, "harmonic": 7, "phase": 0.5, "float_T": 829, "lambda_": -0.12473708621565341, "interval": [-0.12474572172255693, -0.12472845070874987], "current_G": 1181, "gain_over_G": -352, "raw_min_abs_det": 2.1087229991681444e-08}
{"event": "best", "n": 61, "harmonic": 7, "phase": 0.5, "float_T": 831, "lambda_": -0.12166341369310688, "interval": [-0.1216882615098248, -0.12163856587638897], "current_G": 1181, "gain_over_G": -350, "raw_min_abs_det": 7.526754262143353e-06}
{"event": "best", "n": 61, "harmonic": 7, "phase": 0.5, "float_T": 833, "lambda_": -0.12139450681971548, "interval": [-0.12155190649429871, -0.12123710714513222], "current_G": 1181, "gain_over_G": -348, "raw_min_abs_det": 8.183403739121656e-06}
{"event": "best", "n": 61, "harmonic": 7, "phase": 0.5, "float_T": 837, "lambda_": -0.12070852205549366, "interval": [-0.12076213183329403, -0.1206549122776933], "current_G": 1181, "gain_over_G": -344, "raw_min_abs_det": 9.858524686981213e-06}
{"event": "best", "n": 61, "harmonic": 7, "phase": 0.5, "float_T": 841, "lambda_": -0.11819942403623018, "interval": [-0.11830326351511287, -0.11809558455734748], "current_G": 1181, "gain_over_G": -340, "raw_min_abs_det": 1.598554509838802e-05}
{"event": "best", "n": 61, "harmonic": 7, "phase": 0.5, "float_T": 843, "lambda_": -0.11707363902951942, "interval": [-0.11707689411021402, -0.11707038394882482], "current_G": 1181, "gain_over_G": -338, "raw_min_abs_det": 2.6517279993060194e-06}
{"event": "best", "n": 61, "harmonic": 7, "phase": 0.5, "float_T": 847, "lambda_": -0.11665881381628006, "interval": [-0.11676470935539236, -0.11655291827716775], "current_G": 1181, "gain_over_G": -334, "raw_min_abs_det": 1.1995533482911814e-05}
{"event": "best", "n": 61, "harmonic": 7, "phase": 0.5, "float_T": 849, "lambda_": -0.11537734586123624, "interval": [-0.11541263308325547, -0.115342058639217], "current_G": 1181, "gain_over_G": -332, "raw_min_abs_det": 3.247370073571239e-06}
{"event": "best", "n": 61, "harmonic": 7, "phase": 0.5, "float_T": 853, "lambda_": -0.11449813739278435, "interval": [-0.11451601669808784, -0.11448025808748086], "current_G": 1181, "gain_over_G": -328, "raw_min_abs_det": 3.959194546175604e-06}
{"event": "best", "n": 61, "harmonic": 7, "phase": 0.5, "float_T": 855, "lambda_": -0.11364062071173212, "interval": [-0.11366076580778459, -0.11362047561567964], "current_G": 1181, "gain_over_G": -326, "raw_min_abs_det": 8.461022672186583e-06}
{"event": "best", "n": 61, "harmonic": 7, "phase": 0.5, "float_T": 859, "lambda_": -0.11296739561112348, "interval": [-0.11299554671207515, -0.1129392445101718], "current_G": 1181, "gain_over_G": -322, "raw_min_abs_det": 4.328640265531623e-06}
{"event": "best", "n": 61, "harmonic": 7, "phase": 0.5, "float_T": 861, "lambda_": -0.11038745439096248, "interval": [-0.11058372543319994, -0.11019118334872503], "current_G": 1181, "gain_over_G": -320, "raw_min_abs_det": 1.6373812852459577e-05}
{"event": "best", "n": 61, "harmonic": 7, "phase": 0.5, "float_T": 867, "lambda_": -0.10910816179533059, "interval": [-0.10911473295906537, -0.10910159063159582], "current_G": 1181, "gain_over_G": -314, "raw_min_abs_det": 7.20033020866484e-07}
{"event": "best", "n": 61, "harmonic": 7, "phase": 0.5, "float_T": 869, "lambda_": -0.10372917781364713, "interval": [-0.10376631321692018, -0.10369204241037408], "current_G": 1181, "gain_over_G": -312, "raw_min_abs_det": 2.6449086056255225e-06}
{"event": "best", "n": 61, "harmonic": 7, "phase": 0.5, "float_T": 871, "lambda_": -0.10299839870861699, "interval": [-0.10303222609598861, -0.10296457132124538], "current_G": 1181, "gain_over_G": -310, "raw_min_abs_det": 6.633303694394098e-06}
{"event": "best", "n": 61, "harmonic": 7, "phase": 0.5, "float_T": 877, "lambda_": -0.10293723914946325, "interval": [-0.10296457132124538, -0.10290990697768111], "current_G": 1181, "gain_over_G": -304, "raw_min_abs_det": 3.793360162216222e-06}
{"event": "best", "n": 61, "harmonic": 7, "phase": 0.5, "float_T": 879, "lambda_": -0.10234068172016086, "interval": [-0.10236576246802717, -0.10231560097229456], "current_G": 1181, "gain_over_G": -302, "raw_min_abs_det": 4.791527042705135e-07}
{"event": "best", "n": 61, "harmonic": 7, "phase": 0.5, "float_T": 882, "lambda_": -0.10033371343455456, "interval": [-0.10041017992425481, -0.10025724694485431], "current_G": 1181, "gain_over_G": -299, "raw_min_abs_det": 6.862980345615291e-06}
{"event": "best", "n": 61, "harmonic": 7, "phase": 0.5, "float_T": 886, "lambda_": -0.0996846929163583, "interval": [-0.09974923073415146, -0.09962015509856514], "current_G": 1181, "gain_over_G": -295, "raw_min_abs_det": 1.1019286285319368e-05}
{"event": "best", "n": 61, "harmonic": 7, "phase": 0.5, "float_T": 888, "lambda_": -0.09947251123410822, "interval": [-0.09959818185029169, -0.09934684061792474], "current_G": 1181, "gain_over_G": -293, "raw_min_abs_det": 2.5208940530530716e-05}
{"event": "best", "n": 61, "harmonic": 7, "phase": 0.5, "float_T": 890, "lambda_": -0.09221568529126092, "interval": [-0.0922423216977586, -0.09218904888476326], "current_G": 1181, "gain_over_G": -291, "raw_min_abs_det": 5.551258975673712e-06}
{"event": "best", "n": 61, "harmonic": 7, "phase": 0.5, "float_T": 892, "lambda_": -0.09123879270010601, "interval": [-0.09131117748366083, -0.09116640791655119], "current_G": 1181, "gain_over_G": -289, "raw_min_abs_det": 2.3041648085620446e-06}
{"event": "best", "n": 61, "harmonic": 7, "phase": 0.5, "float_T": 894, "lambda_": -0.09085359540506177, "interval": [-0.09086564316055086, -0.09084154764957267], "current_G": 1181, "gain_over_G": -287, "raw_min_abs_det": 7.439380532762128e-08}
{"event": "best", "n": 61, "harmonic": 7, "phase": 0.5, "float_T": 896, "lambda_": -0.09046966537196076, "interval": [-0.09048173167352154, -0.09045759907039998], "current_G": 1181, "gain_over_G": -285, "raw_min_abs_det": 1.8668296949322233e-06}
{"event": "best", "n": 61, "harmonic": 7, "phase": 0.5, "float_T": 898, "lambda_": -0.09023967878254249, "interval": [-0.09024288420720795, -0.09023647335787702], "current_G": 1181, "gain_over_G": -283, "raw_min_abs_det": 3.5028364020472935e-07}
{"event": "best", "n": 61, "harmonic": 7, "phase": 0.5, "float_T": 900, "lambda_": -0.08782482844696145, "interval": [-0.0878275871597312, -0.0878220697341917], "current_G": 1181, "gain_over_G": -281, "raw_min_abs_det": 4.942937023785787e-07}
{"event": "best", "n": 61, "harmonic": 7, "phase": 0.5, "float_T": 902, "lambda_": -0.08773307707035125, "interval": [-0.08773580107720619, -0.08773035306349629], "current_G": 1181, "gain_over_G": -279, "raw_min_abs_det": 1.5753040383606476e-07}
{"event": "best", "n": 61, "harmonic": 7, "phase": 0.5, "float_T": 908, "lambda_": -0.086244675398025, "interval": [-0.08626101796322967, -0.0862283328328203], "current_G": 1181, "gain_over_G": -273, "raw_min_abs_det": 2.132276791915952e-06}
{"event": "best", "n": 61, "harmonic": 7, "phase": 0.5, "float_T": 912, "lambda_": -0.08499467629341814, "interval": [-0.08501561416795166, -0.08497373841888463], "current_G": 1181, "gain_over_G": -269, "raw_min_abs_det": 9.957429463365586e-07}
{"event": "best", "n": 61, "harmonic": 7, "phase": 0.5, "float_T": 914, "lambda_": -0.08474540016933668, "interval": [-0.08475665113290658, -0.08473414920576679], "current_G": 1181, "gain_over_G": -267, "raw_min_abs_det": 1.1265353932650435e-06}
{"event": "best", "n": 61, "harmonic": 7, "phase": 0.5, "float_T": 916, "lambda_": -0.0846373164450612, "interval": [-0.08467603482354782, -0.08459859806657456], "current_G": 1181, "gain_over_G": -265, "raw_min_abs_det": 6.321410850169094e-07}
{"event": "best", "n": 61, "harmonic": 7, "phase": 0.5, "float_T": 918, "lambda_": -0.08429493990782928, "interval": [-0.08435230163943186, -0.08423757817622671], "current_G": 1181, "gain_over_G": -263, "raw_min_abs_det": 4.9577178962956735e-06}
{"event": "best", "n": 61, "harmonic": 7, "phase": 0.5, "float_T": 920, "lambda_": -0.08262491721171156, "interval": [-0.08273198769956243, -0.08251784672386067], "current_G": 1181, "gain_over_G": -261, "raw_min_abs_det": 4.329031964273207e-06}
{"event": "best", "n": 61, "harmonic": 7, "phase": 0.5, "float_T": 922, "lambda_": -0.08242983739702203, "interval": [-0.08248100290504595, -0.08237867188899813], "current_G": 1181, "gain_over_G": -259, "raw_min_abs_det": 5.166457394229287e-06}
{"event": "best", "n": 61, "harmonic": 7, "phase": 0.5, "float_T": 924, "lambda_": -0.08203375389664802, "interval": [-0.08208412565649871, -0.08198338213679734], "current_G": 1181, "gain_over_G": -257, "raw_min_abs_det": 4.388041371752513e-06}
{"event": "best", "n": 61, "harmonic": 7, "phase": 0.5, "float_T": 928, "lambda_": -0.08144244420836289, "interval": [-0.08153175748547012, -0.08135313093125565], "current_G": 1181, "gain_over_G": -253, "raw_min_abs_det": 2.2480529624003577e-06}
{"event": "best", "n": 61, "harmonic": 7, "phase": 0.5, "float_T": 930, "lambda_": -0.08018304273323874, "interval": [-0.08027545502564667, -0.08009063044083081], "current_G": 1181, "gain_over_G": -251, "raw_min_abs_det": 3.0676139645264525e-06}
{"event": "best", "n": 61, "harmonic": 7, "phase": 0.5, "float_T": 934, "lambda_": -0.0797301013859544, "interval": [-0.07977483215513284, -0.07968537061677598], "current_G": 1181, "gain_over_G": -247, "raw_min_abs_det": 1.3465175386830758e-06}
{"event": "best", "n": 61, "harmonic": 7, "phase": 0.5, "float_T": 936, "lambda_": -0.07861385729142262, "interval": [-0.07864093162043462, -0.07858678296241062], "current_G": 1181, "gain_over_G": -245, "raw_min_abs_det": 8.482394457760487e-07}
{"event": "best", "n": 61, "harmonic": 7, "phase": 0.5, "float_T": 940, "lambda_": -0.07834670151944889, "interval": [-0.07858678296241062, -0.07810662007648715], "current_G": 1181, "gain_over_G": -241, "raw_min_abs_det": 2.9255980533328526e-06}
{"event": "best", "n": 61, "harmonic": 7, "phase": 0.5, "float_T": 942, "lambda_": -0.07678328661968994, "interval": [-0.07685661644620119, -0.07670995679317869], "current_G": 1181, "gain_over_G": -239, "raw_min_abs_det": 7.987019419288324e-07}
{"event": "best", "n": 61, "harmonic": 7, "phase": 0.5, "float_T": 946, "lambda_": -0.07642823263493673, "interval": [-0.07643322751031453, -0.07642323775955893], "current_G": 1181, "gain_over_G": -235, "raw_min_abs_det": 2.3263953054654223e-08}
{"event": "best", "n": 61, "harmonic": 7, "phase": 0.5, "float_T": 948, "lambda_": -0.07484544044405096, "interval": [-0.07488334656918359, -0.07480753431891833], "current_G": 1181, "gain_over_G": -233, "raw_min_abs_det": 5.952982824594319e-07}
{"event": "best", "n": 61, "harmonic": 7, "phase": 0.5, "float_T": 950, "lambda_": -0.0746591386662471, "interval": [-0.07468645558442571, -0.07463182174806847], "current_G": 1181, "gain_over_G": -231, "raw_min_abs_det": 2.1380763202136568e-07}
{"event": "best", "n": 61, "harmonic": 7, "phase": 0.5, "float_T": 952, "lambda_": -0.07462836606809463, "interval": [-0.07463182174806847, -0.07462491038812079], "current_G": 1181, "gain_over_G": -229, "raw_min_abs_det": 2.7047368409967125e-08}
{"event": "best", "n": 61, "harmonic": 7, "phase": 0.5, "float_T": 954, "lambda_": -0.0742779028780068, "interval": [-0.07434317470141902, -0.07421263105459458], "current_G": 1181, "gain_over_G": -227, "raw_min_abs_det": 5.861265108502009e-07}
{"event": "best", "n": 61, "harmonic": 7, "phase": 0.5, "float_T": 958, "lambda_": -0.07264375966184958, "interval": [-0.07274977775918656, -0.0725377415645126], "current_G": 1181, "gain_over_G": -223, "raw_min_abs_det": 3.016561624775521e-07}
{"event": "best", "n": 61, "harmonic": 7, "phase": 0.5, "float_T": 960, "lambda_": -0.07233396477346885, "interval": [-0.0723834874525269, -0.07228444209441078], "current_G": 1181, "gain_over_G": -221, "raw_min_abs_det": 5.7396912863920554e-08}
{"event": "best", "n": 61, "harmonic": 7, "phase": 0.5, "float_T": 962, "lambda_": -0.07029359336466458, "interval": [-0.07054622368911516, -0.070040963040214], "current_G": 1181, "gain_over_G": -219, "raw_min_abs_det": 2.422192642711582e-06}
{"event": "best", "n": 61, "harmonic": 7, "phase": 0.5, "float_T": 964, "lambda_": -0.06951917793529169, "interval": [-0.06955132771105002, -0.06948702815953338], "current_G": 1181, "gain_over_G": -217, "raw_min_abs_det": 1.898103508788957e-07}
{"event": "best", "n": 61, "harmonic": 7, "phase": 0.5, "float_T": 966, "lambda_": -0.06896328238558339, "interval": [-0.06901976606156585, -0.06890679870960092], "current_G": 1181, "gain_over_G": -215, "raw_min_abs_det": 3.471784391711639e-06}
{"event": "best", "n": 61, "harmonic": 7, "phase": 0.5, "float_T": 968, "lambda_": -0.06887358156966432, "interval": [-0.06890500694415205, -0.06884215619517658], "current_G": 1181, "gain_over_G": -213, "raw_min_abs_det": 2.972047115040559e-06}
{"event": "best", "n": 61, "harmonic": 7, "phase": 0.5, "float_T": 970, "lambda_": -0.06880406607070426, "interval": [-0.06884215619517658, -0.06876597594623193], "current_G": 1181, "gain_over_G": -211, "raw_min_abs_det": 3.6023642162501604e-06}
{"event": "best", "n": 61, "harmonic": 7, "phase": 0.5, "float_T": 972, "lambda_": -0.06723729488485844, "interval": [-0.06743334528393677, -0.0670412444857801], "current_G": 1181, "gain_over_G": -209, "raw_min_abs_det": 3.74944517925321e-06}
{"event": "best", "n": 61, "harmonic": 7, "phase": 0.5, "float_T": 974, "lambda_": -0.06643469658435072, "interval": [-0.06645364718992185, -0.06641574597877961], "current_G": 1181, "gain_over_G": -207, "raw_min_abs_det": 4.3852823715107014e-06}
{"event": "best", "n": 61, "harmonic": 7, "phase": 0.5, "float_T": 976, "lambda_": -0.06544648469065367, "interval": [-0.065504465971685, -0.06538850340962235], "current_G": 1181, "gain_over_G": -205, "raw_min_abs_det": 8.040004108284877e-06}
{"event": "best", "n": 61, "harmonic": 7, "phase": 0.5, "float_T": 978, "lambda_": -0.06491834924501369, "interval": [-0.06492803742529035, -0.06490866106473704], "current_G": 1181, "gain_over_G": -203, "raw_min_abs_det": 5.020117301482441e-06}
{"event": "best", "n": 61, "harmonic": 7, "phase": 0.5, "float_T": 982, "lambda_": -0.06475311409810998, "interval": [-0.06490866106473704, -0.06459756713148292], "current_G": 1181, "gain_over_G": -199, "raw_min_abs_det": 8.843622414919636e-06}
{"event": "best", "n": 61, "harmonic": 7, "phase": 0.5, "float_T": 984, "lambda_": -0.06096547984596366, "interval": [-0.061007814900397035, -0.0609231447915303], "current_G": 1181, "gain_over_G": -197, "raw_min_abs_det": 4.586564789472135e-06}
{"event": "best", "n": 61, "harmonic": 7, "phase": 0.5, "float_T": 986, "lambda_": -0.060761658118831, "interval": [-0.06085958897547215, -0.06066372726218984], "current_G": 1181, "gain_over_G": -195, "raw_min_abs_det": 1.2497261588665862e-05}
{"event": "best", "n": 61, "harmonic": 7, "phase": 0.5, "float_T": 988, "lambda_": -0.059440252162523674, "interval": [-0.059498896679029925, -0.05938160764601743], "current_G": 1181, "gain_over_G": -193, "raw_min_abs_det": 1.5001243112960862e-05}
{"event": "best", "n": 61, "harmonic": 7, "phase": 0.5, "float_T": 990, "lambda_": -0.05842354438511343, "interval": [-0.0584632532717789, -0.05838383549844796], "current_G": 1181, "gain_over_G": -191, "raw_min_abs_det": 6.799640518225956e-07}
{"event": "best", "n": 61, "harmonic": 7, "phase": 0.5, "float_T": 992, "lambda_": -0.05827685202340204, "interval": [-0.058381724616037835, -0.05817197943076625], "current_G": 1181, "gain_over_G": -189, "raw_min_abs_det": 1.7051646762783219e-06}
{"event": "best", "n": 61, "harmonic": 7, "phase": 0.5, "float_T": 994, "lambda_": -0.058142760324271174, "interval": [-0.05817197943076625, -0.0581135412177761], "current_G": 1181, "gain_over_G": -187, "raw_min_abs_det": 3.88541428243943e-06}
{"event": "best", "n": 61, "harmonic": 7, "phase": 0.5, "float_T": 996, "lambda_": -0.058100329335537035, "interval": [-0.0581135412177761, -0.05808711745329796], "current_G": 1181, "gain_over_G": -185, "raw_min_abs_det": 4.575316394771862e-06}
{"event": "best", "n": 61, "harmonic": 7, "phase": 0.5, "float_T": 1000, "lambda_": -0.05718015218010174, "interval": [-0.05728063621455805, -0.057079668145645426], "current_G": 1181, "gain_over_G": -181, "raw_min_abs_det": 1.762070482684184e-05}
{"event": "best", "n": 61, "harmonic": 7, "phase": 0.5, "float_T": 1002, "lambda_": -0.05702380681353947, "interval": [-0.057079668145645426, -0.05696794548143352], "current_G": 1181, "gain_over_G": -179, "raw_min_abs_det": 1.0165351533811956e-05}
{"event": "best", "n": 61, "harmonic": 7, "phase": 0.5, "float_T": 1004, "lambda_": -0.05527983498821759, "interval": [-0.055321807720403765, -0.05523786225603142], "current_G": 1181, "gain_over_G": -177, "raw_min_abs_det": 2.1692513893509582e-06}
{"event": "best", "n": 61, "harmonic": 7, "phase": 0.5, "float_T": 1006, "lambda_": -0.05382507527844144, "interval": [-0.05383385612954178, -0.05381629442734109], "current_G": 1181, "gain_over_G": -175, "raw_min_abs_det": 4.715090492395449e-07}
{"event": "best", "n": 61, "harmonic": 7, "phase": 0.5, "float_T": 1008, "lambda_": -0.053797053416751985, "interval": [-0.05381629442734109, -0.05377781240616288], "current_G": 1181, "gain_over_G": -173, "raw_min_abs_det": 1.033192626169032e-06}
{"event": "best", "n": 61, "harmonic": 7, "phase": 0.5, "float_T": 1010, "lambda_": -0.0532661605064151, "interval": [-0.05335270170217874, -0.05317961931065146], "current_G": 1181, "gain_over_G": -171, "raw_min_abs_det": 4.029046720916427e-06}
{"event": "best", "n": 61, "harmonic": 7, "phase": 0.5, "float_T": 1012, "lambda_": -0.05284296337861234, "interval": [-0.052972913358746515, -0.05271301339847817], "current_G": 1181, "gain_over_G": -169, "raw_min_abs_det": 5.235668070168115e-06}
{"event": "best", "n": 61, "harmonic": 7, "phase": 0.5, "float_T": 1016, "lambda_": -0.05196813112699036, "interval": [-0.051986966367389253, -0.05194929588659147], "current_G": 1181, "gain_over_G": -165, "raw_min_abs_det": 2.1163731179054193e-07}
{"event": "best", "n": 61, "harmonic": 7, "phase": 0.5, "float_T": 1020, "lambda_": -0.05194624951192314, "interval": [-0.05194929588659147, -0.051943203137254805], "current_G": 1181, "gain_over_G": -161, "raw_min_abs_det": 4.5750442546899084e-07}
{"event": "best", "n": 61, "harmonic": 7, "phase": 0.5, "float_T": 1022, "lambda_": -0.05113749977291024, "interval": [-0.051253949120987005, -0.05102105042483347], "current_G": 1181, "gain_over_G": -159, "raw_min_abs_det": 9.544811893790481e-06}
{"event": "best", "n": 61, "harmonic": 7, "phase": 0.5, "float_T": 1026, "lambda_": -0.05078021576621713, "interval": [-0.05102105042483347, -0.050539381107600784], "current_G": 1181, "gain_over_G": -155, "raw_min_abs_det": 1.3559341315830102e-05}
{"event": "best", "n": 61, "harmonic": 7, "phase": 0.5, "float_T": 1028, "lambda_": -0.05046858552763131, "interval": [-0.050539381107600784, -0.050397789947661836], "current_G": 1181, "gain_over_G": -153, "raw_min_abs_det": 1.7060893969079918e-05}
{"event": "best", "n": 61, "harmonic": 7, "phase": 0.5, "float_T": 1030, "lambda_": -0.04854485518150406, "interval": [-0.04868555840574058, -0.04840415195726755], "current_G": 1181, "gain_over_G": -151, "raw_min_abs_det": 2.762903633949395e-05}
{"event": "best", "n": 61, "harmonic": 7, "phase": 0.5, "float_T": 1034, "lambda_": -0.04835983962644373, "interval": [-0.04840415195726755, -0.04831552729561991], "current_G": 1181, "gain_over_G": -147, "raw_min_abs_det": 1.716713612393006e-05}
{"event": "best", "n": 61, "harmonic": 7, "phase": 0.5, "float_T": 1036, "lambda_": -0.04794844229181086, "interval": [-0.04796203304754096, -0.04793485153608076], "current_G": 1181, "gain_over_G": -145, "raw_min_abs_det": 1.9816038632743463e-06}
{"event": "best", "n": 61, "harmonic": 7, "phase": 0.5, "float_T": 1038, "lambda_": -0.046907100784493866, "interval": [-0.047047455319967284, -0.04676674624902045], "current_G": 1181, "gain_over_G": -143, "raw_min_abs_det": 2.952719791335105e-05}
{"event": "best", "n": 61, "harmonic": 7, "phase": 0.5, "float_T": 1042, "lambda_": -0.04590605583517428, "interval": [-0.04618474536724538, -0.04562736630310318], "current_G": 1181, "gain_over_G": -139, "raw_min_abs_det": 3.0687411593723994e-05}
{"event": "best", "n": 61, "harmonic": 7, "phase": 0.5, "float_T": 1046, "lambda_": -0.04544620013313908, "interval": [-0.045476921550574846, -0.04541547871570332], "current_G": 1181, "gain_over_G": -135, "raw_min_abs_det": 1.0031995058584764e-05}
{"event": "best", "n": 61, "harmonic": 7, "phase": 0.5, "float_T": 1048, "lambda_": -0.04514078850500333, "interval": [-0.04541547871570332, -0.044866098294303346], "current_G": 1181, "gain_over_G": -133, "raw_min_abs_det": 3.1574358404864e-05}
{"event": "best", "n": 61, "harmonic": 7, "phase": 0.5, "float_T": 1050, "lambda_": -0.0446278734938685, "interval": [-0.04478546157886545, -0.044470285408871546], "current_G": 1181, "gain_over_G": -131, "raw_min_abs_det": 3.216882822681531e-05}
{"event": "best", "n": 61, "harmonic": 7, "phase": 0.5, "float_T": 1052, "lambda_": -0.04345388532985059, "interval": [-0.04360018379327626, -0.04330758686642493], "current_G": 1181, "gain_over_G": -129, "raw_min_abs_det": 5.532282307424549e-06}
{"event": "best", "n": 61, "harmonic": 7, "phase": 0.5, "float_T": 1054, "lambda_": -0.041338705737045595, "interval": [-0.041614558253383005, -0.04106285322070818], "current_G": 1181, "gain_over_G": -127, "raw_min_abs_det": 3.598098214767707e-05}
{"event": "best", "n": 61, "harmonic": 7, "phase": 0.5, "float_T": 1056, "lambda_": -0.03908136002689799, "interval": [-0.03928319907903898, -0.038879520974757], "current_G": 1181, "gain_over_G": -125, "raw_min_abs_det": 3.213016976302171e-05}
{"event": "best", "n": 61, "harmonic": 7, "phase": 0.5, "float_T": 1058, "lambda_": -0.03879987709088552, "interval": [-0.03885096643372191, -0.03874878774804913], "current_G": 1181, "gain_over_G": -123, "raw_min_abs_det": 1.3867798424497396e-05}
{"event": "best", "n": 61, "harmonic": 7, "phase": 0.5, "float_T": 1060, "lambda_": -0.03858015913660738, "interval": [-0.03864230991535955, -0.0385180083578552], "current_G": 1181, "gain_over_G": -121, "raw_min_abs_det": 8.164889362831385e-06}
{"event": "best", "n": 61, "harmonic": 7, "phase": 0.5, "float_T": 1062, "lambda_": -0.03816703951779361, "interval": [-0.03825453284583684, -0.03807954618975039], "current_G": 1181, "gain_over_G": -119, "raw_min_abs_det": 9.264334083195283e-06}
{"event": "best", "n": 61, "harmonic": 7, "phase": 0.5, "float_T": 1066, "lambda_": -0.03763299900897377, "interval": [-0.03764297710967468, -0.03762302090827287], "current_G": 1181, "gain_over_G": -115, "raw_min_abs_det": 1.3126701526325335e-05}
{"event": "best", "n": 61, "harmonic": 7, "phase": 0.5, "float_T": 1068, "lambda_": -0.036587731891751574, "interval": [-0.036611712028778526, -0.036563751754724615], "current_G": 1181, "gain_over_G": -113, "raw_min_abs_det": 2.4462522176262567e-06}
{"event": "best", "n": 61, "harmonic": 7, "phase": 0.5, "float_T": 1070, "lambda_": -0.0350626766759171, "interval": [-0.03510881695538341, -0.0350165363964508], "current_G": 1181, "gain_over_G": -111, "raw_min_abs_det": 6.234685886890613e-06}
{"event": "best", "n": 61, "harmonic": 7, "phase": 0.5, "float_T": 1072, "lambda_": -0.03492269408793613, "interval": [-0.034969389093244915, -0.03487599908262734], "current_G": 1181, "gain_over_G": -109, "raw_min_abs_det": 1.381957182073029e-05}
{"event": "best", "n": 61, "harmonic": 7, "phase": 0.5, "float_T": 1074, "lambda_": -0.03334631511030714, "interval": [-0.033393278453063016, -0.03329935176755127], "current_G": 1181, "gain_over_G": -107, "raw_min_abs_det": 1.937006136212881e-06}
{"event": "best", "n": 61, "harmonic": 7, "phase": 0.5, "float_T": 1076, "lambda_": -0.032642933951719674, "interval": [-0.032644531265806805, -0.03264133663763255], "current_G": 1181, "gain_over_G": -105, "raw_min_abs_det": 5.434590539372085e-08}
{"event": "best", "n": 61, "harmonic": 7, "phase": 0.5, "float_T": 1078, "lambda_": -0.031755077016724254, "interval": [-0.03178402091062992, -0.03172613312281859], "current_G": 1181, "gain_over_G": -103, "raw_min_abs_det": 1.274399078374732e-07}
{"event": "best", "n": 61, "harmonic": 7, "phase": 0.5, "float_T": 1080, "lambda_": -0.03119352579700663, "interval": [-0.03143021230964102, -0.03095683928437224], "current_G": 1181, "gain_over_G": -101, "raw_min_abs_det": 2.5999488227563595e-06}
{"event": "best", "n": 61, "harmonic": 7, "phase": 0.5, "float_T": 1082, "lambda_": -0.030775249835951847, "interval": [-0.030860188942362535, -0.030690310729541162], "current_G": 1181, "gain_over_G": -99, "raw_min_abs_det": 4.441617055841611e-06}
{"event": "best", "n": 61, "harmonic": 7, "phase": 0.5, "float_T": 1084, "lambda_": -0.029625065250566622, "interval": [-0.029640994799238138, -0.029609135701895103], "current_G": 1181, "gain_over_G": -97, "raw_min_abs_det": 5.231453609009368e-06}
{"event": "best", "n": 61, "harmonic": 7, "phase": 0.5, "float_T": 1088, "lambda_": -0.02951243711144967, "interval": [-0.029529193351688507, -0.029495680871210832], "current_G": 1181, "gain_over_G": -93, "raw_min_abs_det": 1.0001778995788436e-05}
{"event": "best", "n": 61, "harmonic": 7, "phase": 0.5, "float_T": 1090, "lambda_": -0.02813163700787172, "interval": [-0.028172745509621674, -0.02809052850612177], "current_G": 1181, "gain_over_G": -91, "raw_min_abs_det": 1.608143913353006e-05}
{"event": "best", "n": 61, "harmonic": 7, "phase": 0.5, "float_T": 1092, "lambda_": -0.02748682179821152, "interval": [-0.02764271828888391, -0.02733092530753913], "current_G": 1181, "gain_over_G": -89, "raw_min_abs_det": 1.892055923224847e-05}
{"event": "best", "n": 61, "harmonic": 7, "phase": 0.5, "float_T": 1094, "lambda_": -0.025181840823604876, "interval": [-0.02530872083539552, -0.02505496081181423], "current_G": 1181, "gain_over_G": -87, "raw_min_abs_det": 2.8648572681174225e-05}
{"event": "best", "n": 61, "harmonic": 7, "phase": 0.5, "float_T": 1098, "lambda_": -0.024343697734260275, "interval": [-0.024387016027925427, -0.02430037944059512], "current_G": 1181, "gain_over_G": -83, "raw_min_abs_det": 1.3577083330681625e-05}
{"event": "best", "n": 61, "harmonic": 7, "phase": 0.5, "float_T": 1100, "lambda_": -0.02346248377485287, "interval": [-0.023467951362689036, -0.0234570161870167], "current_G": 1181, "gain_over_G": -81, "raw_min_abs_det": 2.110496106181789e-06}
{"event": "best", "n": 61, "harmonic": 7, "phase": 0.5, "float_T": 1102, "lambda_": -0.0233298060404011, "interval": [-0.02333432078700537, -0.023325291293796836], "current_G": 1181, "gain_over_G": -79, "raw_min_abs_det": 6.300348926397206e-07}
{"event": "best", "n": 61, "harmonic": 7, "phase": 0.5, "float_T": 1104, "lambda_": -0.02304610807834744, "interval": [-0.023136127918878827, -0.02295608823781605], "current_G": 1181, "gain_over_G": -77, "raw_min_abs_det": 1.804835155563237e-05}
{"event": "best", "n": 61, "harmonic": 7, "phase": 0.5, "float_T": 1106, "lambda_": -0.021446678119658377, "interval": [-0.021498887356643098, -0.02139446888267366], "current_G": 1181, "gain_over_G": -75, "raw_min_abs_det": 8.498570581576357e-06}
{"event": "best", "n": 61, "harmonic": 7, "phase": 0.5, "float_T": 1108, "lambda_": -0.020962020519387996, "interval": [-0.02099541389781632, -0.02092862714095967], "current_G": 1181, "gain_over_G": -73, "raw_min_abs_det": 1.1549487374602936e-05}
{"event": "best", "n": 61, "harmonic": 7, "phase": 0.5, "float_T": 1112, "lambda_": -0.020592727019421057, "interval": [-0.020660543942822632, -0.02052491009601948], "current_G": 1181, "gain_over_G": -69, "raw_min_abs_det": 4.9040126943633155e-05}
{"event": "best", "n": 61, "harmonic": 7, "phase": 0.5, "float_T": 1114, "lambda_": -0.020277928393827332, "interval": [-0.020291385024700397, -0.02026447176295427], "current_G": 1181, "gain_over_G": -67, "raw_min_abs_det": 3.319815292101083e-06}
{"event": "best", "n": 61, "harmonic": 7, "phase": 0.5, "float_T": 1116, "lambda_": -0.01911904276192293, "interval": [-0.019247693235738054, -0.01899039228810781], "current_G": 1181, "gain_over_G": -65, "raw_min_abs_det": 1.1549200221597136e-05}
{"event": "best", "n": 61, "harmonic": 7, "phase": 0.5, "float_T": 1118, "lambda_": -0.018943894265079073, "interval": [-0.01899039228810781, -0.018897396242050335], "current_G": 1181, "gain_over_G": -63, "raw_min_abs_det": 4.1742168678682995e-06}
{"event": "best", "n": 61, "harmonic": 7, "phase": 0.5, "float_T": 1120, "lambda_": -0.01840946936044143, "interval": [-0.018417799512525704, -0.018401139208357155], "current_G": 1181, "gain_over_G": -61, "raw_min_abs_det": 1.8146304191727497e-06}
{"event": "best", "n": 61, "harmonic": 7, "phase": 0.5, "float_T": 1124, "lambda_": -0.01829620035573776, "interval": [-0.018309822051015053, -0.01828257866046047], "current_G": 1181, "gain_over_G": -57, "raw_min_abs_det": 1.4711475201821186e-06}
{"event": "best", "n": 61, "harmonic": 7, "phase": 0.5, "float_T": 1126, "lambda_": -0.018239232328741854, "interval": [-0.01828257866046047, -0.018195885997023237], "current_G": 1181, "gain_over_G": -55, "raw_min_abs_det": 4.6814179232566346e-06}
{"event": "best", "n": 61, "harmonic": 7, "phase": 0.5, "float_T": 1128, "lambda_": -0.017457961564845748, "interval": [-0.017510218940292168, -0.01740570418939933], "current_G": 1181, "gain_over_G": -53, "raw_min_abs_det": 1.4929290837763492e-06}
{"event": "best", "n": 61, "harmonic": 7, "phase": 0.5, "float_T": 1130, "lambda_": -0.017175637111398905, "interval": [-0.01723204576536354, -0.017119228457434268], "current_G": 1181, "gain_over_G": -51, "raw_min_abs_det": 8.231329726664629e-07}
{"event": "best", "n": 61, "harmonic": 7, "phase": 0.5, "float_T": 1132, "lambda_": -0.01705044287472402, "interval": [-0.017119228457434268, -0.016981657292013775], "current_G": 1181, "gain_over_G": -49, "raw_min_abs_det": 2.650006988681806e-06}
{"event": "best", "n": 61, "harmonic": 7, "phase": 0.5, "float_T": 1136, "lambda_": -0.016461118316720577, "interval": [-0.01650613119850786, -0.01641610543493329], "current_G": 1181, "gain_over_G": -45, "raw_min_abs_det": 1.124961788620329e-05}
{"event": "best", "n": 61, "harmonic": 7, "phase": 0.5, "float_T": 1138, "lambda_": -0.015775837111811304, "interval": [-0.01587591884661146, -0.015675755377011144], "current_G": 1181, "gain_over_G": -43, "raw_min_abs_det": 2.1249458615002514e-05}
{"event": "best", "n": 61, "harmonic": 7, "phase": 0.5, "float_T": 1140, "lambda_": -0.015589761639095092, "interval": [-0.015675496373454008, -0.015504026904736175], "current_G": 1181, "gain_over_G": -41, "raw_min_abs_det": 2.3964730940243814e-05}
{"event": "best", "n": 61, "harmonic": 7, "phase": 0.5, "float_T": 1144, "lambda_": -0.015286264736129113, "interval": [-0.015428010552227967, -0.015144518920030261], "current_G": 1181, "gain_over_G": -37, "raw_min_abs_det": 2.8393454024434352e-05}
{"event": "best", "n": 61, "harmonic": 7, "phase": 0.5, "float_T": 1146, "lambda_": -0.015138113054839548, "interval": [-0.015144518920030261, -0.015131707189648836], "current_G": 1181, "gain_over_G": -35, "raw_min_abs_det": 4.117503672011746e-06}
{"event": "best", "n": 61, "harmonic": 7, "phase": 0.5, "float_T": 1150, "lambda_": -0.014684450561308921, "interval": [-0.014708996351334333, -0.014659904771283509], "current_G": 1181, "gain_over_G": -31, "raw_min_abs_det": 1.7333510501213803e-05}
{"event": "best", "n": 61, "harmonic": 7, "phase": 0.5, "float_T": 1154, "lambda_": -0.014531864651336612, "interval": [-0.014534933716576848, -0.014528795586096377], "current_G": 1181, "gain_over_G": -27, "raw_min_abs_det": 1.0719138283932228e-06}
{"event": "best", "n": 61, "harmonic": 7, "phase": 0.5, "float_T": 1156, "lambda_": -0.013658456533327005, "interval": [-0.013720808595743317, -0.013596104470910694], "current_G": 1181, "gain_over_G": -25, "raw_min_abs_det": 3.299878177187663e-05}
{"event": "best", "n": 61, "harmonic": 7, "phase": 0.5, "float_T": 1158, "lambda_": -0.011571500067889123, "interval": [-0.011699266334952775, -0.011443733800825471], "current_G": 1181, "gain_over_G": -23, "raw_min_abs_det": 3.556181879711901e-05}
{"event": "best", "n": 61, "harmonic": 7, "phase": 0.5, "float_T": 1160, "lambda_": -0.010184462406886315, "interval": [-0.010375232863365244, -0.009993691950407387], "current_G": 1181, "gain_over_G": -21, "raw_min_abs_det": 7.208883058933458e-05}
{"event": "best", "n": 61, "harmonic": 7, "phase": 0.5, "float_T": 1162, "lambda_": -0.008927529694861904, "interval": [-0.009084818940957265, -0.008770240448766543], "current_G": 1181, "gain_over_G": -19, "raw_min_abs_det": 4.22938791678866e-05}
{"event": "best", "n": 61, "harmonic": 7, "phase": 0.5, "float_T": 1164, "lambda_": -0.008183715824815902, "interval": [-0.008237758679866147, -0.008129672969765658], "current_G": 1181, "gain_over_G": -17, "raw_min_abs_det": 2.657366118079263e-05}
{"event": "best", "n": 61, "harmonic": 7, "phase": 0.5, "float_T": 1166, "lambda_": -0.007351768649486178, "interval": [-0.007392549952081658, -0.007310987346890699], "current_G": 1181, "gain_over_G": -15, "raw_min_abs_det": 9.095356255822565e-06}
{"event": "best", "n": 61, "harmonic": 7, "phase": 0.5, "float_T": 1168, "lambda_": -0.006812171542607039, "interval": [-0.006848990791965006, -0.006775352293249072], "current_G": 1181, "gain_over_G": -13, "raw_min_abs_det": 1.3660272112560323e-05}
{"event": "best", "n": 61, "harmonic": 7, "phase": 0.5, "float_T": 1170, "lambda_": -0.006232889707458306, "interval": [-0.006295938973763283, -0.0061698404411533285], "current_G": 1181, "gain_over_G": -11, "raw_min_abs_det": 9.506064794259964e-06}
{"event": "best", "n": 61, "harmonic": 7, "phase": 0.5, "float_T": 1172, "lambda_": -0.005933081013537176, "interval": [-0.0059613667760986385, -0.005904795250975713], "current_G": 1181, "gain_over_G": -9, "raw_min_abs_det": 2.724584680504922e-06}
{"event": "best", "n": 61, "harmonic": 7, "phase": 0.5, "float_T": 1174, "lambda_": -0.005610080395382588, "interval": [-0.005614112409203088, -0.005606048381562088], "current_G": 1181, "gain_over_G": -7, "raw_min_abs_det": 2.9490917025629983e-07}
{"event": "best", "n": 61, "harmonic": 7, "phase": 0.5, "float_T": 1176, "lambda_": -0.005393841876998703, "interval": [-0.005436824794082604, -0.005350858959914801], "current_G": 1181, "gain_over_G": -5, "raw_min_abs_det": 1.3406590631489287e-06}
{"event": "best", "n": 61, "harmonic": 7, "phase": 0.5, "float_T": 1180, "lambda_": -0.00020424016768518394, "interval": [-0.005248664847527757, 0.004840184512157389], "current_G": 1181, "gain_over_G": -1, "raw_min_abs_det": 2.924755976208649e-05}
{"event": "finish", "n": 61, "harmonic": 7, "phase": 0.5, "current_G": 1181, "best_float": 1180, "walls": 15109, "events": 30962, "wins": [], "seconds": 7.936782121658325, "scope": "Finite floating wall sweep plus exact rational point replays for improvements; no exact harmonic or universal theorem"}
