{"infinity": 31, "triangle_count": 299, "saturated_axes": [1, 2, 3, 21, 5, 19, 7, 17, 11, 15, 9, 13, 4, 18, 10, 23, 12, 20, 6, 27, 16, 22, 14, 25, 8, 29, 26, 28, 30]}
{"infinity": 0, "triangle_count": 298, "saturated_axes": [30, 26, 28, 4, 8, 6, 14, 10, 16, 12, 22, 18, 25, 20, 29, 23, 27, 9, 13, 11, 15, 7, 17, 5, 19, 3, 21]}
{"infinity": 1, "triangle_count": 298, "saturated_axes": [21, 5, 19, 7, 17, 11, 15, 9, 13, 4, 18, 10, 23, 12, 20, 6, 27, 16, 22, 14, 25, 8, 29, 26, 28, 24, 30]}
{"infinity": 2, "triangle_count": 299, "saturated_axes": [0, 31, 30, 24, 28, 26, 29, 8, 25, 14, 22, 16, 27, 6, 20, 12, 23, 10, 18, 4, 13, 9, 15, 11, 17, 7, 19, 5, 21]}
{"infinity": 3, "triangle_count": 298, "saturated_axes": [0, 30, 28, 26, 29, 8, 25, 14, 22, 16, 27, 6, 20, 12, 23, 10, 18, 4, 13, 9, 15, 11, 17, 7, 19, 5, 21]}
{"infinity": 4, "triangle_count": 297, "saturated_axes": [13, 9, 15, 11, 17, 7, 19, 5, 21, 30, 28, 26, 29, 8, 25, 14, 22, 16, 27, 6, 20, 12, 23, 10, 18]}
{"infinity": 5, "triangle_count": 297, "saturated_axes": [21, 30, 28, 26, 29, 8, 25, 14, 22, 16, 27, 6, 20, 12, 23, 10, 18, 4, 13, 9, 15, 11, 17, 7, 19]}
{"infinity": 6, "triangle_count": 297, "saturated_axes": [20, 12, 23, 10, 18, 4, 13, 9, 15, 11, 17, 7, 19, 5, 21, 30, 28, 26, 29, 8, 25, 14, 22, 16, 27]}
{"infinity": 7, "triangle_count": 297, "saturated_axes": [19, 5, 21, 30, 28, 26, 29, 8, 25, 14, 22, 16, 27, 6, 20, 12, 23, 10, 18, 4, 13, 9, 15, 11, 17]}
{"infinity": 8, "triangle_count": 297, "saturated_axes": [25, 14, 22, 16, 27, 6, 20, 12, 23, 10, 18, 4, 13, 9, 15, 11, 17, 7, 19, 5, 21, 30, 28, 26, 29]}
{"infinity": 9, "triangle_count": 297, "saturated_axes": [15, 11, 17, 7, 19, 5, 21, 30, 28, 26, 29, 8, 25, 14, 22, 16, 27, 6, 20, 12, 23, 10, 18, 4, 13]}
{"infinity": 10, "triangle_count": 297, "saturated_axes": [18, 4, 13, 9, 15, 11, 17, 7, 19, 5, 21, 30, 28, 26, 29, 8, 25, 14, 22, 16, 27, 6, 20, 12, 23]}
{"infinity": 11, "triangle_count": 297, "saturated_axes": [17, 7, 19, 5, 21, 30, 28, 26, 29, 8, 25, 14, 22, 16, 27, 6, 20, 12, 23, 10, 18, 4, 13, 9, 15]}
{"infinity": 12, "triangle_count": 297, "saturated_axes": [23, 10, 18, 4, 13, 9, 15, 11, 17, 7, 19, 5, 21, 30, 28, 26, 29, 8, 25, 14, 22, 16, 27, 6, 20]}
{"infinity": 13, "triangle_count": 297, "saturated_axes": [9, 15, 11, 17, 7, 19, 5, 21, 30, 28, 26, 29, 8, 25, 14, 22, 16, 27, 6, 20, 12, 23, 10, 18, 4]}
{"infinity": 14, "triangle_count": 297, "saturated_axes": [22, 16, 27, 6, 20, 12, 23, 10, 18, 4, 13, 9, 15, 11, 17, 7, 19, 5, 21, 30, 28, 26, 29, 8, 25]}
{"infinity": 15, "triangle_count": 297, "saturated_axes": [11, 17, 7, 19, 5, 21, 30, 28, 26, 29, 8, 25, 14, 22, 16, 27, 6, 20, 12, 23, 10, 18, 4, 13, 9]}
{"infinity": 16, "triangle_count": 297, "saturated_axes": [27, 6, 20, 12, 23, 10, 18, 4, 13, 9, 15, 11, 17, 7, 19, 5, 21, 30, 28, 26, 29, 8, 25, 14, 22]}
{"infinity": 17, "triangle_count": 297, "saturated_axes": [7, 19, 5, 21, 30, 28, 26, 29, 8, 25, 14, 22, 16, 27, 6, 20, 12, 23, 10, 18, 4, 13, 9, 15, 11]}
{"infinity": 18, "triangle_count": 297, "saturated_axes": [4, 13, 9, 15, 11, 17, 7, 19, 5, 21, 30, 28, 26, 29, 8, 25, 14, 22, 16, 27, 6, 20, 12, 23, 10]}
{"infinity": 19, "triangle_count": 297, "saturated_axes": [5, 21, 30, 28, 26, 29, 8, 25, 14, 22, 16, 27, 6, 20, 12, 23, 10, 18, 4, 13, 9, 15, 11, 17, 7]}
{"infinity": 20, "triangle_count": 297, "saturated_axes": [12, 23, 10, 18, 4, 13, 9, 15, 11, 17, 7, 19, 5, 21, 30, 28, 26, 29, 8, 25, 14, 22, 16, 27, 6]}
{"infinity": 21, "triangle_count": 297, "saturated_axes": [30, 28, 26, 29, 8, 25, 14, 22, 16, 27, 6, 20, 12, 23, 10, 18, 4, 13, 9, 15, 11, 17, 7, 19, 5]}
{"infinity": 22, "triangle_count": 297, "saturated_axes": [16, 27, 6, 20, 12, 23, 10, 18, 4, 13, 9, 15, 11, 17, 7, 19, 5, 21, 30, 28, 26, 29, 8, 25, 14]}
{"infinity": 23, "triangle_count": 297, "saturated_axes": [10, 18, 4, 13, 9, 15, 11, 17, 7, 19, 5, 21, 30, 28, 26, 29, 8, 25, 14, 22, 16, 27, 6, 20, 12]}
{"infinity": 24, "triangle_count": 298, "saturated_axes": [28, 26, 29, 8, 25, 14, 22, 16, 27, 6, 20, 12, 23, 10, 18, 4, 13, 9, 15, 11, 17, 7, 19, 5, 21, 1, 30]}
{"infinity": 25, "triangle_count": 297, "saturated_axes": [14, 22, 16, 27, 6, 20, 12, 23, 10, 18, 4, 13, 9, 15, 11, 17, 7, 19, 5, 21, 30, 28, 26, 29, 8]}
{"infinity": 26, "triangle_count": 297, "saturated_axes": [29, 8, 25, 14, 22, 16, 27, 6, 20, 12, 23, 10, 18, 4, 13, 9, 15, 11, 17, 7, 19, 5, 21, 30, 28]}
{"infinity": 27, "triangle_count": 297, "saturated_axes": [6, 20, 12, 23, 10, 18, 4, 13, 9, 15, 11, 17, 7, 19, 5, 21, 30, 28, 26, 29, 8, 25, 14, 22, 16]}
{"infinity": 28, "triangle_count": 297, "saturated_axes": [26, 29, 8, 25, 14, 22, 16, 27, 6, 20, 12, 23, 10, 18, 4, 13, 9, 15, 11, 17, 7, 19, 5, 21, 30]}
{"infinity": 29, "triangle_count": 297, "saturated_axes": [8, 25, 14, 22, 16, 27, 6, 20, 12, 23, 10, 18, 4, 13, 9, 15, 11, 17, 7, 19, 5, 21, 30, 28, 26]}
{"infinity": 30, "triangle_count": 297, "saturated_axes": [28, 26, 29, 8, 25, 14, 22, 16, 27, 6, 20, 12, 23, 10, 18, 4, 13, 9, 15, 11, 17, 7, 19, 5, 21]}
{"charts": 32, "unique_cells": 816, "proposals": 0, "seconds": 27.547061920166016}
