{"axis": 1, "source_axis_triangles": 29, "lp_passed": false, "status": 0, "source_labels": [24, 30, 26, 28, 4, 8, 6, 14, 10, 16, 12, 22, 18, 25, 20, 29, 23, 27, 9, 13, 11, 15, 7, 17, 5, 19, 3, 21, 2, 0]}
{"axis": 2, "source_axis_triangles": 29, "lp_passed": false, "status": 0, "source_labels": [24, 4, 26, 6, 28, 8, 30, 10, 14, 12, 16, 5, 18, 7, 9, 3, 20, 11, 22, 13, 23, 15, 25, 17, 27, 19, 29, 21, 1, 0]}
{"axis": 3, "source_axis_triangles": 29, "lp_passed": false, "status": 0, "source_labels": [4, 24, 6, 26, 8, 28, 10, 30, 12, 14, 5, 16, 7, 18, 9, 2, 20, 22, 11, 23, 13, 25, 15, 27, 17, 29, 19, 1, 21, 0]}
{"axis": 4, "source_axis_triangles": 29, "lp_passed": false, "status": 0, "source_labels": [3, 24, 2, 26, 30, 28, 1, 8, 29, 14, 25, 16, 22, 6, 27, 12, 20, 10, 23, 18, 0, 13, 15, 9, 17, 11, 19, 7, 21, 5]}
{"axis": 5, "source_axis_triangles": 29, "lp_passed": false, "status": 0, "source_labels": [6, 24, 8, 26, 10, 28, 12, 30, 14, 3, 16, 2, 18, 22, 9, 20, 7, 23, 11, 25, 13, 27, 15, 29, 17, 1, 19, 0, 21, 4]}
{"axis": 6, "source_axis_triangles": 29, "lp_passed": false, "status": 0, "source_labels": [5, 24, 3, 26, 2, 28, 30, 8, 1, 14, 29, 16, 25, 22, 4, 27, 0, 20, 23, 12, 18, 10, 15, 13, 17, 9, 19, 11, 21, 7]}
{"axis": 7, "source_axis_triangles": 29, "lp_passed": false, "status": 0, "source_labels": [8, 24, 10, 26, 12, 28, 14, 30, 16, 3, 18, 2, 9, 22, 20, 5, 23, 25, 11, 27, 13, 29, 15, 1, 17, 0, 19, 4, 21, 6]}
{"axis": 8, "source_axis_triangles": 29, "lp_passed": false, "status": 0, "source_labels": [7, 24, 5, 26, 3, 28, 2, 30, 6, 1, 4, 29, 0, 25, 27, 22, 23, 16, 20, 14, 18, 12, 17, 15, 21, 13, 19, 10, 11, 9]}
{"axis": 9, "source_axis_triangles": 29, "lp_passed": false, "status": 0, "source_labels": [10, 24, 12, 26, 14, 28, 16, 30, 18, 3, 2, 7, 22, 5, 20, 25, 23, 29, 27, 1, 13, 0, 15, 4, 17, 6, 19, 21, 11, 8]}
{"axis": 10, "source_axis_triangles": 29, "lp_passed": false, "status": 0, "source_labels": [9, 24, 7, 26, 5, 28, 3, 30, 2, 14, 1, 16, 29, 22, 25, 12, 27, 20, 4, 23, 0, 18, 6, 15, 17, 13, 21, 19, 8, 11]}
{"axis": 11, "source_axis_triangles": 29, "lp_passed": false, "status": 0, "source_labels": [12, 24, 14, 26, 16, 28, 18, 30, 20, 2, 22, 3, 23, 5, 25, 7, 27, 29, 13, 1, 15, 0, 17, 4, 19, 6, 21, 9, 8, 10]}
{"axis": 12, "source_axis_triangles": 29, "lp_passed": false, "status": 0, "source_labels": [11, 24, 9, 26, 7, 28, 5, 30, 3, 14, 2, 16, 1, 22, 29, 25, 10, 27, 4, 20, 0, 23, 6, 18, 8, 17, 21, 15, 19, 13]}
{"axis": 13, "source_axis_triangles": 29, "lp_passed": false, "status": 0, "source_labels": [14, 24, 16, 26, 18, 28, 20, 30, 22, 2, 23, 3, 25, 5, 27, 7, 29, 11, 1, 9, 0, 4, 15, 6, 17, 10, 21, 8, 19, 12]}
{"axis": 14, "source_axis_triangles": 29, "lp_passed": false, "status": 0, "source_labels": [13, 24, 11, 26, 9, 28, 7, 30, 5, 3, 12, 2, 10, 1, 6, 29, 4, 25, 0, 22, 27, 16, 23, 20, 8, 18, 21, 17, 19, 15]}
{"axis": 15, "source_axis_triangles": 29, "lp_passed": false, "status": 0, "source_labels": [16, 24, 18, 26, 20, 28, 22, 30, 23, 2, 25, 3, 27, 5, 29, 7, 1, 11, 0, 9, 4, 13, 6, 10, 17, 8, 21, 12, 19, 14]}
{"axis": 16, "source_axis_triangles": 29, "lp_passed": false, "status": 0, "source_labels": [15, 24, 13, 26, 11, 28, 9, 30, 7, 3, 5, 2, 12, 1, 10, 29, 6, 25, 4, 22, 0, 27, 14, 23, 8, 20, 21, 18, 19, 17]}
{"axis": 17, "source_axis_triangles": 29, "lp_passed": false, "status": 0, "source_labels": [18, 24, 20, 26, 22, 28, 23, 30, 25, 2, 27, 3, 29, 5, 1, 7, 0, 11, 4, 9, 6, 13, 10, 15, 8, 12, 21, 14, 19, 16]}
{"axis": 18, "source_axis_triangles": 29, "lp_passed": false, "status": 0, "source_labels": [17, 24, 15, 26, 13, 28, 11, 30, 9, 3, 7, 2, 5, 22, 1, 25, 29, 20, 27, 23, 4, 0, 10, 6, 12, 8, 14, 21, 16, 19]}
{"axis": 19, "source_axis_triangles": 29, "lp_passed": false, "status": 0, "source_labels": [20, 24, 22, 26, 23, 28, 25, 30, 27, 2, 29, 3, 1, 5, 0, 7, 4, 11, 6, 9, 21, 10, 8, 13, 12, 15, 14, 17, 16, 18]}
{"axis": 20, "source_axis_triangles": 29, "lp_passed": false, "status": 0, "source_labels": [19, 24, 17, 26, 15, 28, 13, 30, 11, 2, 3, 22, 7, 5, 9, 25, 1, 29, 18, 27, 10, 4, 12, 0, 6, 23, 14, 8, 16, 21]}
{"axis": 21, "source_axis_triangles": 29, "lp_passed": false, "status": 0, "source_labels": [22, 24, 23, 26, 25, 28, 27, 30, 29, 2, 1, 3, 0, 5, 4, 7, 6, 11, 9, 19, 10, 13, 8, 15, 12, 17, 14, 18, 16, 20]}
{"axis": 22, "source_axis_triangles": 29, "lp_passed": false, "status": 0, "source_labels": [21, 24, 19, 26, 17, 28, 15, 30, 13, 2, 11, 3, 20, 7, 9, 5, 18, 1, 12, 29, 10, 25, 6, 4, 16, 0, 14, 27, 8, 23]}
{"axis": 23, "source_axis_triangles": 29, "lp_passed": false, "status": 0, "source_labels": [24, 21, 26, 19, 28, 17, 30, 15, 2, 13, 3, 11, 5, 7, 25, 9, 29, 1, 27, 18, 4, 10, 0, 12, 6, 20, 14, 16, 8, 22]}
{"axis": 25, "source_axis_triangles": 29, "lp_passed": false, "status": 0, "source_labels": [26, 21, 28, 19, 30, 17, 2, 15, 3, 13, 5, 11, 7, 23, 9, 20, 1, 18, 29, 12, 10, 22, 6, 16, 4, 14, 0, 8, 27, 24]}
{"axis": 26, "source_axis_triangles": 29, "lp_passed": false, "status": 0, "source_labels": [25, 21, 23, 19, 22, 17, 20, 15, 18, 13, 16, 11, 14, 9, 12, 7, 10, 5, 8, 3, 6, 2, 4, 30, 1, 28, 0, 29, 24, 27]}
{"axis": 27, "source_axis_triangles": 29, "lp_passed": false, "status": 0, "source_labels": [28, 21, 30, 19, 2, 17, 3, 15, 5, 13, 7, 11, 29, 9, 1, 23, 18, 20, 10, 12, 4, 6, 0, 16, 14, 22, 8, 25, 24, 26]}
{"axis": 28, "source_axis_triangles": 29, "lp_passed": false, "status": 0, "source_labels": [27, 21, 25, 19, 23, 17, 22, 15, 20, 13, 18, 11, 16, 9, 14, 7, 12, 5, 10, 3, 8, 2, 6, 30, 4, 1, 26, 0, 24, 29]}
{"axis": 29, "source_axis_triangles": 29, "lp_passed": false, "status": 0, "source_labels": [30, 21, 2, 19, 3, 17, 5, 15, 7, 13, 11, 27, 9, 23, 1, 20, 18, 25, 12, 22, 10, 16, 6, 14, 4, 8, 0, 26, 24, 28]}
{"axis": 30, "source_axis_triangles": 29, "lp_passed": false, "status": 0, "source_labels": [29, 21, 27, 19, 25, 17, 23, 15, 22, 13, 20, 11, 18, 9, 16, 7, 14, 5, 12, 3, 10, 2, 8, 6, 28, 4, 26, 1, 24, 0]}
{"axes": 29, "proposals": 0, "seconds": 1.268289566040039}
