'Kobon.BBLVerifiedFamilies.seed21_uniform' depends on axioms: [propext,
 Classical.choice,
 Quot.sound,
 BBLSeed21.directions._native.native_decide.ax_1_1,
 BBLSeed21.distinguished_checks._native.native_decide.ax_1_1,
 BBLSeed21.simple._native.native_decide.ax_1_1,
 BBLSeed21.triangle_checks._native.native_decide.ax_1_1]
'Kobon.BBLVerifiedFamilies.odd_family' depends on axioms: [propext,
 Classical.choice,
 Quot.sound,
 BBLSeed21.directions._native.native_decide.ax_1_1,
 BBLSeed21.distinguished_checks._native.native_decide.ax_1_1,
 BBLSeed21.simple._native.native_decide.ax_1_1,
 BBLSeed21.triangle_checks._native.native_decide.ax_1_1]
'Kobon.BBLVerifiedFamilies.eleven_odd_family' depends on axioms: [propext,
 Classical.choice,
 Quot.sound,
 BBLSeed21.directions._native.native_decide.ax_1_1,
 BBLSeed21.distinguished_checks._native.native_decide.ax_1_1,
 BBLSeed21.simple._native.native_decide.ax_1_1,
 BBLSeed21.triangle_checks._native.native_decide.ax_1_1]
'Kobon.BBLVerifiedFamilies.even_family' depends on axioms: [propext,
 Classical.choice,
 Quot.sound,
 BBLSeed21.admissible_check._native.native_decide.ax_1_1,
 BBLSeed21.directions._native.native_decide.ax_1_1,
 BBLSeed21.distinguished_checks._native.native_decide.ax_1_1,
 BBLSeed21.simple._native.native_decide.ax_1_1,
 BBLSeed21.triangle_checks._native.native_decide.ax_1_1,
 BBLSeed21.visible_checks._native.native_decide.ax_1_1]
'Kobon.BBLVerifiedFamilies.eleven_even_family' depends on axioms: [propext,
 Classical.choice,
 Quot.sound,
 BBLSeed21.admissible_check._native.native_decide.ax_1_1,
 BBLSeed21.directions._native.native_decide.ax_1_1,
 BBLSeed21.distinguished_checks._native.native_decide.ax_1_1,
 BBLSeed21.simple._native.native_decide.ax_1_1,
 BBLSeed21.triangle_checks._native.native_decide.ax_1_1,
 BBLSeed21.visible_checks._native.native_decide.ax_1_1]
