work/OpenMathKernelMatchingProbe.lean:14:89: error: unsolved goals
case «0».refine_3.«0»
⊢ 0 = scale 1 ![0, 0, 0, 0, 0, 0, 0, 0, 0, 0, 0, 0, 0, 0, 0, 0, 0, 0, 0, 0, 0, 0, 0, 0, 0, 0, 0, 0, 0, 0] 0

case «0».refine_3.«1»
⊢ 0 = scale 1 ![0, 0, 0, 0, 0, 0, 0, 0, 0, 0, 0, 0, 0, 0, 0, 0, 0, 0, 0, 0, 0, 0, 0, 0, 0, 0, 0, 0, 0, 0] 1

case «0».refine_3.«2»
⊢ 0 = scale 1 ![0, 0, 0, 0, 0, 0, 0, 0, 0, 0, 0, 0, 0, 0, 0, 0, 0, 0, 0, 0, 0, 0, 0, 0, 0, 0, 0, 0, 0, 0] ⟨2, ⋯⟩

case «0».refine_3.«3»
⊢ 0 = scale 1 ![0, 0, 0, 0, 0, 0, 0, 0, 0, 0, 0, 0, 0, 0, 0, 0, 0, 0, 0, 0, 0, 0, 0, 0, 0, 0, 0, 0, 0, 0] ⟨3, ⋯⟩

case «0».refine_3.«4»
⊢ 0 = scale 1 ![0, 0, 0, 0, 0, 0, 0, 0, 0, 0, 0, 0, 0, 0, 0, 0, 0, 0, 0, 0, 0, 0, 0, 0, 0, 0, 0, 0, 0, 0] ⟨4, ⋯⟩

case «0».refine_3.«5»
⊢ 0 = scale 1 ![0, 0, 0, 0, 0, 0, 0, 0, 0, 0, 0, 0, 0, 0, 0, 0, 0, 0, 0, 0, 0, 0, 0, 0, 0, 0, 0, 0, 0, 0] ⟨5, ⋯⟩

case «0».refine_3.«6»
⊢ 0 = scale 1 ![0, 0, 0, 0, 0, 0, 0, 0, 0, 0, 0, 0, 0, 0, 0, 0, 0, 0, 0, 0, 0, 0, 0, 0, 0, 0, 0, 0, 0, 0] ⟨6, ⋯⟩

case «0».refine_3.«7»
⊢ 0 = scale 1 ![0, 0, 0, 0, 0, 0, 0, 0, 0, 0, 0, 0, 0, 0, 0, 0, 0, 0, 0, 0, 0, 0, 0, 0, 0, 0, 0, 0, 0, 0] ⟨7, ⋯⟩

case «0».refine_3.«8»
⊢ 0 = scale 1 ![0, 0, 0, 0, 0, 0, 0, 0, 0, 0, 0, 0, 0, 0, 0, 0, 0, 0, 0, 0, 0, 0, 0, 0, 0, 0, 0, 0, 0, 0] ⟨8, ⋯⟩

case «0».refine_3.«9»
⊢ 0 = scale 1 ![0, 0, 0, 0, 0, 0, 0, 0, 0, 0, 0, 0, 0, 0, 0, 0, 0, 0, 0, 0, 0, 0, 0, 0, 0, 0, 0, 0, 0, 0] ⟨9, ⋯⟩

case «0».refine_3.«10»
⊢ 0 = scale 1 ![0, 0, 0, 0, 0, 0, 0, 0, 0, 0, 0, 0, 0, 0, 0, 0, 0, 0, 0, 0, 0, 0, 0, 0, 0, 0, 0, 0, 0, 0] ⟨10, ⋯⟩

case «0».refine_3.«11»
⊢ 0 = scale 1 ![0, 0, 0, 0, 0, 0, 0, 0, 0, 0, 0, 0, 0, 0, 0, 0, 0, 0, 0, 0, 0, 0, 0, 0, 0, 0, 0, 0, 0, 0] ⟨11, ⋯⟩

case «0».refine_3.«12»
⊢ 0 = scale 1 ![0, 0, 0, 0, 0, 0, 0, 0, 0, 0, 0, 0, 0, 0, 0, 0, 0, 0, 0, 0, 0, 0, 0, 0, 0, 0, 0, 0, 0, 0] ⟨12, ⋯⟩

case «0».refine_3.«13»
⊢ 0 = scale 1 ![0, 0, 0, 0, 0, 0, 0, 0, 0, 0, 0, 0, 0, 0, 0, 0, 0, 0, 0, 0, 0, 0, 0, 0, 0, 0, 0, 0, 0, 0] ⟨13, ⋯⟩

case «0».refine_3.«14»
⊢ 0 = scale 1 ![0, 0, 0, 0, 0, 0, 0, 0, 0, 0, 0, 0, 0, 0, 0, 0, 0, 0, 0, 0, 0, 0, 0, 0, 0, 0, 0, 0, 0, 0] ⟨14, ⋯⟩

case «0».refine_3.«15»
⊢ 0 = scale 1 ![0, 0, 0, 0, 0, 0, 0, 0, 0, 0, 0, 0, 0, 0, 0, 0, 0, 0, 0, 0, 0, 0, 0, 0, 0, 0, 0, 0, 0, 0] ⟨15, ⋯⟩

case «0».refine_3.«16»
⊢ 0 = scale 1 ![0, 0, 0, 0, 0, 0, 0, 0, 0, 0, 0, 0, 0, 0, 0, 0, 0, 0, 0, 0, 0, 0, 0, 0, 0, 0, 0, 0, 0, 0] ⟨16, ⋯⟩

case «0».refine_3.«17»
⊢ 0 = scale 1 ![0, 0, 0, 0, 0, 0, 0, 0, 0, 0, 0, 0, 0, 0, 0, 0, 0, 0, 0, 0, 0, 0, 0, 0, 0, 0, 0, 0, 0, 0] ⟨17, ⋯⟩

case «0».refine_3.«18»
⊢ 0 = scale 1 ![0, 0, 0, 0, 0, 0, 0, 0, 0, 0, 0, 0, 0, 0, 0, 0, 0, 0, 0, 0, 0, 0, 0, 0, 0, 0, 0, 0, 0, 0] ⟨18, ⋯⟩

case «0».refine_3.«19»
⊢ 0 = scale 1 ![0, 0, 0, 0, 0, 0, 0, 0, 0, 0, 0, 0, 0, 0, 0, 0, 0, 0, 0, 0, 0, 0, 0, 0, 0, 0, 0, 0, 0, 0] ⟨19, ⋯⟩

case «0».refine_3.«20»
⊢ 0 = scale 1 ![0, 0, 0, 0, 0, 0, 0, 0, 0, 0, 0, 0, 0, 0, 0, 0, 0, 0, 0, 0, 0, 0, 0, 0, 0, 0, 0, 0, 0, 0] ⟨20, ⋯⟩

case «0».refine_3.«21»
⊢ 0 = scale 1 ![0, 0, 0, 0, 0, 0, 0, 0, 0, 0, 0, 0, 0, 0, 0, 0, 0, 0, 0, 0, 0, 0, 0, 0, 0, 0, 0, 0, 0, 0] ⟨21, ⋯⟩

case «0».refine_3.«22»
⊢ 0 = scale 1 ![0, 0, 0, 0, 0, 0, 0, 0, 0, 0, 0, 0, 0, 0, 0, 0, 0, 0, 0, 0, 0, 0, 0, 0, 0, 0, 0, 0, 0, 0] ⟨22, ⋯⟩

case «0».refine_3.«23»
⊢ 0 = scale 1 ![0, 0, 0, 0, 0, 0, 0, 0, 0, 0, 0, 0, 0, 0, 0, 0, 0, 0, 0, 0, 0, 0, 0, 0, 0, 0, 0, 0, 0, 0] ⟨23, ⋯⟩

case «0».refine_3.«24»
⊢ 0 = scale 1 ![0, 0, 0, 0, 0, 0, 0, 0, 0, 0, 0, 0, 0, 0, 0, 0, 0, 0, 0, 0, 0, 0, 0, 0, 0, 0, 0, 0, 0, 0] ⟨24, ⋯⟩

case «0».refine_3.«25»
⊢ 0 = scale 1 ![0, 0, 0, 0, 0, 0, 0, 0, 0, 0, 0, 0, 0, 0, 0, 0, 0, 0, 0, 0, 0, 0, 0, 0, 0, 0, 0, 0, 0, 0] ⟨25, ⋯⟩

case «0».refine_3.«26»
⊢ 0 = scale 1 ![0, 0, 0, 0, 0, 0, 0, 0, 0, 0, 0, 0, 0, 0, 0, 0, 0, 0, 0, 0, 0, 0, 0, 0, 0, 0, 0, 0, 0, 0] ⟨26, ⋯⟩

case «0».refine_3.«27»
⊢ 0 = scale 1 ![0, 0, 0, 0, 0, 0, 0, 0, 0, 0, 0, 0, 0, 0, 0, 0, 0, 0, 0, 0, 0, 0, 0, 0, 0, 0, 0, 0, 0, 0] ⟨27, ⋯⟩

case «0».refine_3.«28»
⊢ 0 = scale 1 ![0, 0, 0, 0, 0, 0, 0, 0, 0, 0, 0, 0, 0, 0, 0, 0, 0, 0, 0, 0, 0, 0, 0, 0, 0, 0, 0, 0, 0, 0] ⟨28, ⋯⟩

case «0».refine_3.«29»
⊢ 0 = scale 1 ![0, 0, 0, 0, 0, 0, 0, 0, 0, 0, 0, 0, 0, 0, 0, 0, 0, 0, 0, 0, 0, 0, 0, 0, 0, 0, 0, 0, 0, 0] ⟨29, ⋯⟩

case «1».refine_3.«0»
⊢ 0 = scale 1 ![0, 0, 0, 0, 0, 0, 0, 0, 0, 0, 0, 0, 0, 0, 0, 0, 0, 0, 0, 0, 0, 0, 0, 0, 0, 0, 0, 0, -1, 0] 0

case «1».refine_3.«1»
⊢ 0 = scale 1 ![0, 0, 0, 0, 0, 0, 0, 0, 0, 0, 0, 0, 0, 0, 0, 0, 0, 0, 0, 0, 0, 0, 0, 0, 0, 0, 0, 0, -1, 0] 1

case «1».refine_3.«2»
⊢ 0 = scale 1 ![0, 0, 0, 0, 0, 0, 0, 0, 0, 0, 0, 0, 0, 0, 0, 0, 0, 0, 0, 0, 0, 0, 0, 0, 0, 0, 0, 0, -1, 0] ⟨2, ⋯⟩

case «1».refine_3.«3»
⊢ 0 = scale 1 ![0, 0, 0, 0, 0, 0, 0, 0, 0, 0, 0, 0, 0, 0, 0, 0, 0, 0, 0, 0, 0, 0, 0, 0, 0, 0, 0, 0, -1, 0] ⟨3, ⋯⟩

case «1».refine_3.«4»
⊢ 0 = scale 1 ![0, 0, 0, 0, 0, 0, 0, 0, 0, 0, 0, 0, 0, 0, 0, 0, 0, 0, 0, 0, 0, 0, 0, 0, 0, 0, 0, 0, -1, 0] ⟨4, ⋯⟩

case «1».refine_3.«5»
⊢ 0 = scale 1 ![0, 0, 0, 0, 0, 0, 0, 0, 0, 0, 0, 0, 0, 0, 0, 0, 0, 0, 0, 0, 0, 0, 0, 0, 0, 0, 0, 0, -1, 0] ⟨5, ⋯⟩

case «1».refine_3.«6»
⊢ 0 = scale 1 ![0, 0, 0, 0, 0, 0, 0, 0, 0, 0, 0, 0, 0, 0, 0, 0, 0, 0, 0, 0, 0, 0, 0, 0, 0, 0, 0, 0, -1, 0] ⟨6, ⋯⟩

case «1».refine_3.«7»
⊢ 0 = scale 1 ![0, 0, 0, 0, 0, 0, 0, 0, 0, 0, 0, 0, 0, 0, 0, 0, 0, 0, 0, 0, 0, 0, 0, 0, 0, 0, 0, 0, -1, 0] ⟨7, ⋯⟩

case «1».refine_3.«8»
⊢ 0 = scale 1 ![0, 0, 0, 0, 0, 0, 0, 0, 0, 0, 0, 0, 0, 0, 0, 0, 0, 0, 0, 0, 0, 0, 0, 0, 0, 0, 0, 0, -1, 0] ⟨8, ⋯⟩

case «1».refine_3.«9»
⊢ 0 = scale 1 ![0, 0, 0, 0, 0, 0, 0, 0, 0, 0, 0, 0, 0, 0, 0, 0, 0, 0, 0, 0, 0, 0, 0, 0, 0, 0, 0, 0, -1, 0] ⟨9, ⋯⟩

case «1».refine_3.«10»
⊢ 0 = scale 1 ![0, 0, 0, 0, 0, 0, 0, 0, 0, 0, 0, 0, 0, 0, 0, 0, 0, 0, 0, 0, 0, 0, 0, 0, 0, 0, 0, 0, -1, 0] ⟨10, ⋯⟩

case «1».refine_3.«11»
⊢ 0 = scale 1 ![0, 0, 0, 0, 0, 0, 0, 0, 0, 0, 0, 0, 0, 0, 0, 0, 0, 0, 0, 0, 0, 0, 0, 0, 0, 0, 0, 0, -1, 0] ⟨11, ⋯⟩

case «1».refine_3.«12»
⊢ 0 = scale 1 ![0, 0, 0, 0, 0, 0, 0, 0, 0, 0, 0, 0, 0, 0, 0, 0, 0, 0, 0, 0, 0, 0, 0, 0, 0, 0, 0, 0, -1, 0] ⟨12, ⋯⟩

case «1».refine_3.«13»
⊢ 0 = scale 1 ![0, 0, 0, 0, 0, 0, 0, 0, 0, 0, 0, 0, 0, 0, 0, 0, 0, 0, 0, 0, 0, 0, 0, 0, 0, 0, 0, 0, -1, 0] ⟨13, ⋯⟩

case «1».refine_3.«14»
⊢ 0 = scale 1 ![0, 0, 0, 0, 0, 0, 0, 0, 0, 0, 0, 0, 0, 0, 0, 0, 0, 0, 0, 0, 0, 0, 0, 0, 0, 0, 0, 0, -1, 0] ⟨14, ⋯⟩

case «1».refine_3.«15»
⊢ 0 = scale 1 ![0, 0, 0, 0, 0, 0, 0, 0, 0, 0, 0, 0, 0, 0, 0, 0, 0, 0, 0, 0, 0, 0, 0, 0, 0, 0, 0, 0, -1, 0] ⟨15, ⋯⟩

case «1».refine_3.«16»
⊢ 0 = scale 1 ![0, 0, 0, 0, 0, 0, 0, 0, 0, 0, 0, 0, 0, 0, 0, 0, 0, 0, 0, 0, 0, 0, 0, 0, 0, 0, 0, 0, -1, 0] ⟨16, ⋯⟩

case «1».refine_3.«17»
⊢ 0 = scale 1 ![0, 0, 0, 0, 0, 0, 0, 0, 0, 0, 0, 0, 0, 0, 0, 0, 0, 0, 0, 0, 0, 0, 0, 0, 0, 0, 0, 0, -1, 0] ⟨17, ⋯⟩

case «1».refine_3.«18»
⊢ 0 = scale 1 ![0, 0, 0, 0, 0, 0, 0, 0, 0, 0, 0, 0, 0, 0, 0, 0, 0, 0, 0, 0, 0, 0, 0, 0, 0, 0, 0, 0, -1, 0] ⟨18, ⋯⟩

case «1».refine_3.«19»
⊢ 0 = scale 1 ![0, 0, 0, 0, 0, 0, 0, 0, 0, 0, 0, 0, 0, 0, 0, 0, 0, 0, 0, 0, 0, 0, 0, 0, 0, 0, 0, 0, -1, 0] ⟨19, ⋯⟩

case «1».refine_3.«20»
⊢ 0 = scale 1 ![0, 0, 0, 0, 0, 0, 0, 0, 0, 0, 0, 0, 0, 0, 0, 0, 0, 0, 0, 0, 0, 0, 0, 0, 0, 0, 0, 0, -1, 0] ⟨20, ⋯⟩

case «1».refine_3.«21»
⊢ 0 = scale 1 ![0, 0, 0, 0, 0, 0, 0, 0, 0, 0, 0, 0, 0, 0, 0, 0, 0, 0, 0, 0, 0, 0, 0, 0, 0, 0, 0, 0, -1, 0] ⟨21, ⋯⟩

case «1».refine_3.«22»
⊢ 0 = scale 1 ![0, 0, 0, 0, 0, 0, 0, 0, 0, 0, 0, 0, 0, 0, 0, 0, 0, 0, 0, 0, 0, 0, 0, 0, 0, 0, 0, 0, -1, 0] ⟨22, ⋯⟩

case «1».refine_3.«23»
⊢ 0 = scale 1 ![0, 0, 0, 0, 0, 0, 0, 0, 0, 0, 0, 0, 0, 0, 0, 0, 0, 0, 0, 0, 0, 0, 0, 0, 0, 0, 0, 0, -1, 0] ⟨23, ⋯⟩

case «1».refine_3.«24»
⊢ 0 = scale 1 ![0, 0, 0, 0, 0, 0, 0, 0, 0, 0, 0, 0, 0, 0, 0, 0, 0, 0, 0, 0, 0, 0, 0, 0, 0, 0, 0, 0, -1, 0] ⟨24, ⋯⟩

case «1».refine_3.«25»
⊢ 0 = scale 1 ![0, 0, 0, 0, 0, 0, 0, 0, 0, 0, 0, 0, 0, 0, 0, 0, 0, 0, 0, 0, 0, 0, 0, 0, 0, 0, 0, 0, -1, 0] ⟨25, ⋯⟩

case «1».refine_3.«26»
⊢ 0 = scale 1 ![0, 0, 0, 0, 0, 0, 0, 0, 0, 0, 0, 0, 0, 0, 0, 0, 0, 0, 0, 0, 0, 0, 0, 0, 0, 0, 0, 0, -1, 0] ⟨26, ⋯⟩

case «1».refine_3.«27»
⊢ 0 = scale 1 ![0, 0, 0, 0, 0, 0, 0, 0, 0, 0, 0, 0, 0, 0, 0, 0, 0, 0, 0, 0, 0, 0, 0, 0, 0, 0, 0, 0, -1, 0] ⟨27, ⋯⟩

case «1».refine_3.«28»
⊢ -1 = scale 1 ![0, 0, 0, 0, 0, 0, 0, 0, 0, 0, 0, 0, 0, 0, 0, 0, 0, 0, 0, 0, 0, 0, 0, 0, 0, 0, 0, 0, -1, 0] ⟨28, ⋯⟩

case «1».refine_3.«29»
⊢ 0 = scale 1 ![0, 0, 0, 0, 0, 0, 0, 0, 0, 0, 0, 0, 0, 0, 0, 0, 0, 0, 0, 0, 0, 0, 0, 0, 0, 0, 0, 0, -1, 0] ⟨29, ⋯⟩

case «2».refine_3.«0»
⊢ 0 =
    scale 19989279757
      ![0, 0, 0, 0, 0, 0, 0, 0, 0, 0, 0, 0, 0, 0, 0, 0, 0, 0, 0, 0, 0, 0, 0, 0, 0, 0, 0, -(10000000000 / 19989279757),
        0, 0]
      0

case «2».refine_3.«1»
⊢ 0 =
    scale 19989279757
      ![0, 0, 0, 0, 0, 0, 0, 0, 0, 0, 0, 0, 0, 0, 0, 0, 0, 0, 0, 0, 0, 0, 0, 0, 0, 0, 0, -(10000000000 / 19989279757),
        0, 0]
      1

case «2».refine_3.«2»
⊢ 0 =
    scale 19989279757
      ![0, 0, 0, 0, 0, 0, 0, 0, 0, 0, 0, 0, 0, 0, 0, 0, 0, 0, 0, 0, 0, 0, 0, 0, 0, 0, 0, -(10000000000 / 19989279757),
        0, 0]
      ⟨2, ⋯⟩

case «2».refine_3.«3»
⊢ 0 =
    scale 19989279757
      ![0, 0, 0, 0, 0, 0, 0, 0, 0, 0, 0, 0, 0, 0, 0, 0, 0, 0, 0, 0, 0, 0, 0, 0, 0, 0, 0, -(10000000000 / 19989279757),
        0, 0]
      ⟨3, ⋯⟩

case «2».refine_3.«4»
⊢ 0 =
    scale 19989279757
      ![0, 0, 0, 0, 0, 0, 0, 0, 0, 0, 0, 0, 0, 0, 0, 0, 0, 0, 0, 0, 0, 0, 0, 0, 0, 0, 0, -(10000000000 / 19989279757),
        0, 0]
      ⟨4, ⋯⟩

case «2».refine_3.«5»
⊢ 0 =
    scale 19989279757
      ![0, 0, 0, 0, 0, 0, 0, 0, 0, 0, 0, 0, 0, 0, 0, 0, 0, 0, 0, 0, 0, 0, 0, 0, 0, 0, 0, -(10000000000 / 19989279757),
        0, 0]
      ⟨5, ⋯⟩

case «2».refine_3.«6»
⊢ 0 =
    scale 19989279757
      ![0, 0, 0, 0, 0, 0, 0, 0, 0, 0, 0, 0, 0, 0, 0, 0, 0, 0, 0, 0, 0, 0, 0, 0, 0, 0, 0, -(10000000000 / 19989279757),
        0, 0]
      ⟨6, ⋯⟩

case «2».refine_3.«7»
⊢ 0 =
    scale 19989279757
      ![0, 0, 0, 0, 0, 0, 0, 0, 0, 0, 0, 0, 0, 0, 0, 0, 0, 0, 0, 0, 0, 0, 0, 0, 0, 0, 0, -(10000000000 / 19989279757),
        0, 0]
      ⟨7, ⋯⟩

case «2».refine_3.«8»
⊢ 0 =
    scale 19989279757
      ![0, 0, 0, 0, 0, 0, 0, 0, 0, 0, 0, 0, 0, 0, 0, 0, 0, 0, 0, 0, 0, 0, 0, 0, 0, 0, 0, -(10000000000 / 19989279757),
        0, 0]
      ⟨8, ⋯⟩

case «2».refine_3.«9»
⊢ 0 =
    scale 19989279757
      ![0, 0, 0, 0, 0, 0, 0, 0, 0, 0, 0, 0, 0, 0, 0, 0, 0, 0, 0, 0, 0, 0, 0, 0, 0, 0, 0, -(10000000000 / 19989279757),
        0, 0]
      ⟨9, ⋯⟩

case «2».refine_3.«10»
⊢ 0 =
    scale 19989279757
      ![0, 0, 0, 0, 0, 0, 0, 0, 0, 0, 0, 0, 0, 0, 0, 0, 0, 0, 0, 0, 0, 0, 0, 0, 0, 0, 0, -(10000000000 / 19989279757),
        0, 0]
      ⟨10, ⋯⟩

case «2».refine_3.«11»
⊢ 0 =
    scale 19989279757
      ![0, 0, 0, 0, 0, 0, 0, 0, 0, 0, 0, 0, 0, 0, 0, 0, 0, 0, 0, 0, 0, 0, 0, 0, 0, 0, 0, -(10000000000 / 19989279757),
        0, 0]
      ⟨11, ⋯⟩

case «2».refine_3.«12»
⊢ 0 =
    scale 19989279757
      ![0, 0, 0, 0, 0, 0, 0, 0, 0, 0, 0, 0, 0, 0, 0, 0, 0, 0, 0, 0, 0, 0, 0, 0, 0, 0, 0, -(10000000000 / 19989279757),
        0, 0]
      ⟨12, ⋯⟩

case «2».refine_3.«13»
⊢ 0 =
    scale 19989279757
      ![0, 0, 0, 0, 0, 0, 0, 0, 0, 0, 0, 0, 0, 0, 0, 0, 0, 0, 0, 0, 0, 0, 0, 0, 0, 0, 0, -(10000000000 / 19989279757),
        0, 0]
      ⟨13, ⋯⟩

case «2».refine_3.«14»
⊢ 0 =
    scale 19989279757
      ![0, 0, 0, 0, 0, 0, 0, 0, 0, 0, 0, 0, 0, 0, 0, 0, 0, 0, 0, 0, 0, 0, 0, 0, 0, 0, 0, -(10000000000 / 19989279757),
        0, 0]
      ⟨14, ⋯⟩

case «2».refine_3.«15»
⊢ 0 =
    scale 19989279757
      ![0, 0, 0, 0, 0, 0, 0, 0, 0, 0, 0, 0, 0, 0, 0, 0, 0, 0, 0, 0, 0, 0, 0, 0, 0, 0, 0, -(10000000000 / 19989279757),
        0, 0]
      ⟨15, ⋯⟩

case «2».refine_3.«16»
⊢ 0 =
    scale 19989279757
      ![0, 0, 0, 0, 0, 0, 0, 0, 0, 0, 0, 0, 0, 0, 0, 0, 0, 0, 0, 0, 0, 0, 0, 0, 0, 0, 0, -(10000000000 / 19989279757),
        0, 0]
      ⟨16, ⋯⟩

case «2».refine_3.«17»
⊢ 0 =
    scale 19989279757
      ![0, 0, 0, 0, 0, 0, 0, 0, 0, 0, 0, 0, 0, 0, 0, 0, 0, 0, 0, 0, 0, 0, 0, 0, 0, 0, 0, -(10000000000 / 19989279757),
        0, 0]
      ⟨17, ⋯⟩

case «2».refine_3.«18»
⊢ 0 =
    scale 19989279757
      ![0, 0, 0, 0, 0, 0, 0, 0, 0, 0, 0, 0, 0, 0, 0, 0, 0, 0, 0, 0, 0, 0, 0, 0, 0, 0, 0, -(10000000000 / 19989279757),
        0, 0]
      ⟨18, ⋯⟩

case «2».refine_3.«19»
⊢ 0 =
    scale 19989279757
      ![0, 0, 0, 0, 0, 0, 0, 0, 0, 0, 0, 0, 0, 0, 0, 0, 0, 0, 0, 0, 0, 0, 0, 0, 0, 0, 0, -(10000000000 / 19989279757),
        0, 0]
      ⟨19, ⋯⟩

case «2».refine_3.«20»
⊢ 0 =
    scale 19989279757
      ![0, 0, 0, 0, 0, 0, 0, 0, 0, 0, 0, 0, 0, 0, 0, 0, 0, 0, 0, 0, 0, 0, 0, 0, 0, 0, 0, -(10000000000 / 19989279757),
        0, 0]
      ⟨20, ⋯⟩

case «2».refine_3.«21»
⊢ 0 =
    scale 19989279757
      ![0, 0, 0, 0, 0, 0, 0, 0, 0, 0, 0, 0, 0, 0, 0, 0, 0, 0, 0, 0, 0, 0, 0, 0, 0, 0, 0, -(10000000000 / 19989279757),
        0, 0]
      ⟨21, ⋯⟩

case «2».refine_3.«22»
⊢ 0 =
    scale 19989279757
      ![0, 0, 0, 0, 0, 0, 0, 0, 0, 0, 0, 0, 0, 0, 0, 0, 0, 0, 0, 0, 0, 0, 0, 0, 0, 0, 0, -(10000000000 / 19989279757),
        0, 0]
      ⟨22, ⋯⟩

case «2».refine_3.«23»
⊢ 0 =
    scale 19989279757
      ![0, 0, 0, 0, 0, 0, 0, 0, 0, 0, 0, 0, 0, 0, 0, 0, 0, 0, 0, 0, 0, 0, 0, 0, 0, 0, 0, -(10000000000 / 19989279757),
        0, 0]
      ⟨23, ⋯⟩

case «2».refine_3.«24»
⊢ 0 =
    scale 19989279757
      ![0, 0, 0, 0, 0, 0, 0, 0, 0, 0, 0, 0, 0, 0, 0, 0, 0, 0, 0, 0, 0, 0, 0, 0, 0, 0, 0, -(10000000000 / 19989279757),
        0, 0]
      ⟨24, ⋯⟩

case «2».refine_3.«25»
⊢ 0 =
    scale 19989279757
      ![0, 0, 0, 0, 0, 0, 0, 0, 0, 0, 0, 0, 0, 0, 0, 0, 0, 0, 0, 0, 0, 0, 0, 0, 0, 0, 0, -(10000000000 / 19989279757),
        0, 0]
      ⟨25, ⋯⟩

case «2».refine_3.«26»
⊢ 0 =
    scale 19989279757
      ![0, 0, 0, 0, 0, 0, 0, 0, 0, 0, 0, 0, 0, 0, 0, 0, 0, 0, 0, 0, 0, 0, 0, 0, 0, 0, 0, -(10000000000 / 19989279757),
        0, 0]
      ⟨26, ⋯⟩

case «2».refine_3.«27»
⊢ -10000000000 =
    scale 19989279757
      ![0, 0, 0, 0, 0, 0, 0, 0, 0, 0, 0, 0, 0, 0, 0, 0, 0, 0, 0, 0, 0, 0, 0, 0, 0, 0, 0, -(10000000000 / 19989279757),
        0, 0]
      ⟨27, ⋯⟩

case «2».refine_3.«28»
⊢ 0 =
    scale 19989279757
      ![0, 0, 0, 0, 0, 0, 0, 0, 0, 0, 0, 0, 0, 0, 0, 0, 0, 0, 0, 0, 0, 0, 0, 0, 0, 0, 0, -(10000000000 / 19989279757),
        0, 0]
      ⟨28, ⋯⟩

case «2».refine_3.«29»
⊢ 0 =
    scale 19989279757
      ![0, 0, 0, 0, 0, 0, 0, 0, 0, 0, 0, 0, 0, 0, 0, 0, 0, 0, 0, 0, 0, 0, 0, 0, 0, 0, 0, -(10000000000 / 19989279757),
        0, 0]
      ⟨29, ⋯⟩

case «3».refine_3.«0»
⊢ 0 =
    scale 16616233403
      ![0, 0, 0, 0, 0, 0, 0, 0, 0, 0, 0, 0, 0, 0, 0, 0, 0, 0, 0, 0, 0, 0, 0, 0, 0, 0, -(10000000000 / 16616233403), 0,
        0, 0]
      0

case «3».refine_3.«1»
⊢ 0 =
    scale 16616233403
      ![0, 0, 0, 0, 0, 0, 0, 0, 0, 0, 0, 0, 0, 0, 0, 0, 0, 0, 0, 0, 0, 0, 0, 0, 0, 0, -(10000000000 / 16616233403), 0,
        0, 0]
      1

case «3».refine_3.«2»
⊢ 0 =
    scale 16616233403
      ![0, 0, 0, 0, 0, 0, 0, 0, 0, 0, 0, 0, 0, 0, 0, 0, 0, 0, 0, 0, 0, 0, 0, 0, 0, 0, -(10000000000 / 16616233403), 0,
        0, 0]
      ⟨2, ⋯⟩

case «3».refine_3.«3»
⊢ 0 =
    scale 16616233403
      ![0, 0, 0, 0, 0, 0, 0, 0, 0, 0, 0, 0, 0, 0, 0, 0, 0, 0, 0, 0, 0, 0, 0, 0, 0, 0, -(10000000000 / 16616233403), 0,
        0, 0]
      ⟨3, ⋯⟩

case «3».refine_3.«4»
⊢ 0 =
    scale 16616233403
      ![0, 0, 0, 0, 0, 0, 0, 0, 0, 0, 0, 0, 0, 0, 0, 0, 0, 0, 0, 0, 0, 0, 0, 0, 0, 0, -(10000000000 / 16616233403), 0,
        0, 0]
      ⟨4, ⋯⟩

case «3».refine_3.«5»
⊢ 0 =
    scale 16616233403
      ![0, 0, 0, 0, 0, 0, 0, 0, 0, 0, 0, 0, 0, 0, 0, 0, 0, 0, 0, 0, 0, 0, 0, 0, 0, 0, -(10000000000 / 16616233403), 0,
        0, 0]
      ⟨5, ⋯⟩

case «3».refine_3.«6»
⊢ 0 =
    scale 16616233403
      ![0, 0, 0, 0, 0, 0, 0, 0, 0, 0, 0, 0, 0, 0, 0, 0, 0, 0, 0, 0, 0, 0, 0, 0, 0, 0, -(10000000000 / 16616233403), 0,
        0, 0]
      ⟨6, ⋯⟩

case «3».refine_3.«7»
⊢ 0 =
    scale 16616233403
      ![0, 0, 0, 0, 0, 0, 0, 0, 0, 0, 0, 0, 0, 0, 0, 0, 0, 0, 0, 0, 0, 0, 0, 0, 0, 0, -(10000000000 / 16616233403), 0,
        0, 0]
      ⟨7, ⋯⟩

case «3».refine_3.«8»
⊢ 0 =
    scale 16616233403
      ![0, 0, 0, 0, 0, 0, 0, 0, 0, 0, 0, 0, 0, 0, 0, 0, 0, 0, 0, 0, 0, 0, 0, 0, 0, 0, -(10000000000 / 16616233403), 0,
        0, 0]
      ⟨8, ⋯⟩

case «3».refine_3.«9»
⊢ 0 =
    scale 16616233403
      ![0, 0, 0, 0, 0, 0, 0, 0, 0, 0, 0, 0, 0, 0, 0, 0, 0, 0, 0, 0, 0, 0, 0, 0, 0, 0, -(10000000000 / 16616233403), 0,
        0, 0]
      ⟨9, ⋯⟩

case «3».refine_3.«10»
⊢ 0 =
    scale 16616233403
      ![0, 0, 0, 0, 0, 0, 0, 0, 0, 0, 0, 0, 0, 0, 0, 0, 0, 0, 0, 0, 0, 0, 0, 0, 0, 0, -(10000000000 / 16616233403), 0,
        0, 0]
      ⟨10, ⋯⟩

case «3».refine_3.«11»
⊢ 0 =
    scale 16616233403
      ![0, 0, 0, 0, 0, 0, 0, 0, 0, 0, 0, 0, 0, 0, 0, 0, 0, 0, 0, 0, 0, 0, 0, 0, 0, 0, -(10000000000 / 16616233403), 0,
        0, 0]
      ⟨11, ⋯⟩

case «3».refine_3.«12»
⊢ 0 =
    scale 16616233403
      ![0, 0, 0, 0, 0, 0, 0, 0, 0, 0, 0, 0, 0, 0, 0, 0, 0, 0, 0, 0, 0, 0, 0, 0, 0, 0, -(10000000000 / 16616233403), 0,
        0, 0]
      ⟨12, ⋯⟩

case «3».refine_3.«13»
⊢ 0 =
    scale 16616233403
      ![0, 0, 0, 0, 0, 0, 0, 0, 0, 0, 0, 0, 0, 0, 0, 0, 0, 0, 0, 0, 0, 0, 0, 0, 0, 0, -(10000000000 / 16616233403), 0,
        0, 0]
      ⟨13, ⋯⟩

case «3».refine_3.«14»
⊢ 0 =
    scale 16616233403
      ![0, 0, 0, 0, 0, 0, 0, 0, 0, 0, 0, 0, 0, 0, 0, 0, 0, 0, 0, 0, 0, 0, 0, 0, 0, 0, -(10000000000 / 16616233403), 0,
        0, 0]
      ⟨14, ⋯⟩

case «3».refine_3.«15»
⊢ 0 =
    scale 16616233403
      ![0, 0, 0, 0, 0, 0, 0, 0, 0, 0, 0, 0, 0, 0, 0, 0, 0, 0, 0, 0, 0, 0, 0, 0, 0, 0, -(10000000000 / 16616233403), 0,
        0, 0]
      ⟨15, ⋯⟩

case «3».refine_3.«16»
⊢ 0 =
    scale 16616233403
      ![0, 0, 0, 0, 0, 0, 0, 0, 0, 0, 0, 0, 0, 0, 0, 0, 0, 0, 0, 0, 0, 0, 0, 0, 0, 0, -(10000000000 / 16616233403), 0,
        0, 0]
      ⟨16, ⋯⟩

case «3».refine_3.«17»
⊢ 0 =
    scale 16616233403
      ![0, 0, 0, 0, 0, 0, 0, 0, 0, 0, 0, 0, 0, 0, 0, 0, 0, 0, 0, 0, 0, 0, 0, 0, 0, 0, -(10000000000 / 16616233403), 0,
        0, 0]
      ⟨17, ⋯⟩

case «3».refine_3.«18»
⊢ 0 =
    scale 16616233403
      ![0, 0, 0, 0, 0, 0, 0, 0, 0, 0, 0, 0, 0, 0, 0, 0, 0, 0, 0, 0, 0, 0, 0, 0, 0, 0, -(10000000000 / 16616233403), 0,
        0, 0]
      ⟨18, ⋯⟩

case «3».refine_3.«19»
⊢ 0 =
    scale 16616233403
      ![0, 0, 0, 0, 0, 0, 0, 0, 0, 0, 0, 0, 0, 0, 0, 0, 0, 0, 0, 0, 0, 0, 0, 0, 0, 0, -(10000000000 / 16616233403), 0,
        0, 0]
      ⟨19, ⋯⟩

case «3».refine_3.«20»
⊢ 0 =
    scale 16616233403
      ![0, 0, 0, 0, 0, 0, 0, 0, 0, 0, 0, 0, 0, 0, 0, 0, 0, 0, 0, 0, 0, 0, 0, 0, 0, 0, -(10000000000 / 16616233403), 0,
        0, 0]
      ⟨20, ⋯⟩

case «3».refine_3.«21»
⊢ 0 =
    scale 16616233403
      ![0, 0, 0, 0, 0, 0, 0, 0, 0, 0, 0, 0, 0, 0, 0, 0, 0, 0, 0, 0, 0, 0, 0, 0, 0, 0, -(10000000000 / 16616233403), 0,
        0, 0]
      ⟨21, ⋯⟩

case «3».refine_3.«22»
⊢ 0 =
    scale 16616233403
      ![0, 0, 0, 0, 0, 0, 0, 0, 0, 0, 0, 0, 0, 0, 0, 0, 0, 0, 0, 0, 0, 0, 0, 0, 0, 0, -(10000000000 / 16616233403), 0,
        0, 0]
      ⟨22, ⋯⟩

case «3».refine_3.«23»
⊢ 0 =
    scale 16616233403
      ![0, 0, 0, 0, 0, 0, 0, 0, 0, 0, 0, 0, 0, 0, 0, 0, 0, 0, 0, 0, 0, 0, 0, 0, 0, 0, -(10000000000 / 16616233403), 0,
        0, 0]
      ⟨23, ⋯⟩

case «3».refine_3.«24»
⊢ 0 =
    scale 16616233403
      ![0, 0, 0, 0, 0, 0, 0, 0, 0, 0, 0, 0, 0, 0, 0, 0, 0, 0, 0, 0, 0, 0, 0, 0, 0, 0, -(10000000000 / 16616233403), 0,
        0, 0]
      ⟨24, ⋯⟩

case «3».refine_3.«25»
⊢ 0 =
    scale 16616233403
      ![0, 0, 0, 0, 0, 0, 0, 0, 0, 0, 0, 0, 0, 0, 0, 0, 0, 0, 0, 0, 0, 0, 0, 0, 0, 0, -(10000000000 / 16616233403), 0,
        0, 0]
      ⟨25, ⋯⟩

case «3».refine_3.«26»
⊢ -10000000000 =
    scale 16616233403
      ![0, 0, 0, 0, 0, 0, 0, 0, 0, 0, 0, 0, 0, 0, 0, 0, 0, 0, 0, 0, 0, 0, 0, 0, 0, 0, -(10000000000 / 16616233403), 0,
        0, 0]
      ⟨26, ⋯⟩

case «3».refine_3.«27»
⊢ 0 =
    scale 16616233403
      ![0, 0, 0, 0, 0, 0, 0, 0, 0, 0, 0, 0, 0, 0, 0, 0, 0, 0, 0, 0, 0, 0, 0, 0, 0, 0, -(10000000000 / 16616233403), 0,
        0, 0]
      ⟨27, ⋯⟩

case «3».refine_3.«28»
⊢ 0 =
    scale 16616233403
      ![0, 0, 0, 0, 0, 0, 0, 0, 0, 0, 0, 0, 0, 0, 0, 0, 0, 0, 0, 0, 0, 0, 0, 0, 0, 0, -(10000000000 / 16616233403), 0,
        0, 0]
      ⟨28, ⋯⟩

case «3».refine_3.«29»
⊢ 0 =
    scale 16616233403
      ![0, 0, 0, 0, 0, 0, 0, 0, 0, 0, 0, 0, 0, 0, 0, 0, 0, 0, 0, 0, 0, 0, 0, 0, 0, 0, -(10000000000 / 16616233403), 0,
        0, 0]
      ⟨29, ⋯⟩

case «4».refine_3.«0»
⊢ 0 =
    scale 19924745257
      ![0, 0, 0, 0, 0, 0, 0, 0, 0, 0, 0, 0, 0, 0, 0, 0, 0, 0, 0, 0, 0, 0, 0, 0, 0, -(10000000000 / 19924745257), 0, 0,
        0, 0]
      0

case «4».refine_3.«1»
⊢ 0 =
    scale 19924745257
      ![0, 0, 0, 0, 0, 0, 0, 0, 0, 0, 0, 0, 0, 0, 0, 0, 0, 0, 0, 0, 0, 0, 0, 0, 0, -(10000000000 / 19924745257), 0, 0,
        0, 0]
      1

case «4».refine_3.«2»
⊢ 0 =
    scale 19924745257
      ![0, 0, 0, 0, 0, 0, 0, 0, 0, 0, 0, 0, 0, 0, 0, 0, 0, 0, 0, 0, 0, 0, 0, 0, 0, -(10000000000 / 19924745257), 0, 0,
        0, 0]
      ⟨2, ⋯⟩

case «4».refine_3.«3»
⊢ 0 =
    scale 19924745257
      ![0, 0, 0, 0, 0, 0, 0, 0, 0, 0, 0, 0, 0, 0, 0, 0, 0, 0, 0, 0, 0, 0, 0, 0, 0, -(10000000000 / 19924745257), 0, 0,
        0, 0]
      ⟨3, ⋯⟩

case «4».refine_3.«4»
⊢ 0 =
    scale 19924745257
      ![0, 0, 0, 0, 0, 0, 0, 0, 0, 0, 0, 0, 0, 0, 0, 0, 0, 0, 0, 0, 0, 0, 0, 0, 0, -(10000000000 / 19924745257), 0, 0,
        0, 0]
      ⟨4, ⋯⟩

case «4».refine_3.«5»
⊢ 0 =
    scale 19924745257
      ![0, 0, 0, 0, 0, 0, 0, 0, 0, 0, 0, 0, 0, 0, 0, 0, 0, 0, 0, 0, 0, 0, 0, 0, 0, -(10000000000 / 19924745257), 0, 0,
        0, 0]
      ⟨5, ⋯⟩

case «4».refine_3.«6»
⊢ 0 =
    scale 19924745257
      ![0, 0, 0, 0, 0, 0, 0, 0, 0, 0, 0, 0, 0, 0, 0, 0, 0, 0, 0, 0, 0, 0, 0, 0, 0, -(10000000000 / 19924745257), 0, 0,
        0, 0]
      ⟨6, ⋯⟩

case «4».refine_3.«7»
⊢ 0 =
    scale 19924745257
      ![0, 0, 0, 0, 0, 0, 0, 0, 0, 0, 0, 0, 0, 0, 0, 0, 0, 0, 0, 0, 0, 0, 0, 0, 0, -(10000000000 / 19924745257), 0, 0,
        0, 0]
      ⟨7, ⋯⟩

case «4».refine_3.«8»
⊢ 0 =
    scale 19924745257
      ![0, 0, 0, 0, 0, 0, 0, 0, 0, 0, 0, 0, 0, 0, 0, 0, 0, 0, 0, 0, 0, 0, 0, 0, 0, -(10000000000 / 19924745257), 0, 0,
        0, 0]
      ⟨8, ⋯⟩

case «4».refine_3.«9»
⊢ 0 =
    scale 19924745257
      ![0, 0, 0, 0, 0, 0, 0, 0, 0, 0, 0, 0, 0, 0, 0, 0, 0, 0, 0, 0, 0, 0, 0, 0, 0, -(10000000000 / 19924745257), 0, 0,
        0, 0]
      ⟨9, ⋯⟩

case «4».refine_3.«10»
⊢ 0 =
    scale 19924745257
      ![0, 0, 0, 0, 0, 0, 0, 0, 0, 0, 0, 0, 0, 0, 0, 0, 0, 0, 0, 0, 0, 0, 0, 0, 0, -(10000000000 / 19924745257), 0, 0,
        0, 0]
      ⟨10, ⋯⟩

case «4».refine_3.«11»
⊢ 0 =
    scale 19924745257
      ![0, 0, 0, 0, 0, 0, 0, 0, 0, 0, 0, 0, 0, 0, 0, 0, 0, 0, 0, 0, 0, 0, 0, 0, 0, -(10000000000 / 19924745257), 0, 0,
        0, 0]
      ⟨11, ⋯⟩

case «4».refine_3.«12»
⊢ 0 =
    scale 19924745257
      ![0, 0, 0, 0, 0, 0, 0, 0, 0, 0, 0, 0, 0, 0, 0, 0, 0, 0, 0, 0, 0, 0, 0, 0, 0, -(10000000000 / 19924745257), 0, 0,
        0, 0]
      ⟨12, ⋯⟩

case «4».refine_3.«13»
⊢ 0 =
    scale 19924745257
      ![0, 0, 0, 0, 0, 0, 0, 0, 0, 0, 0, 0, 0, 0, 0, 0, 0, 0, 0, 0, 0, 0, 0, 0, 0, -(10000000000 / 19924745257), 0, 0,
        0, 0]
      ⟨13, ⋯⟩

case «4».refine_3.«14»
⊢ 0 =
    scale 19924745257
      ![0, 0, 0, 0, 0, 0, 0, 0, 0, 0, 0, 0, 0, 0, 0, 0, 0, 0, 0, 0, 0, 0, 0, 0, 0, -(10000000000 / 19924745257), 0, 0,
        0, 0]
      ⟨14, ⋯⟩

case «4».refine_3.«15»
⊢ 0 =
    scale 19924745257
      ![0, 0, 0, 0, 0, 0, 0, 0, 0, 0, 0, 0, 0, 0, 0, 0, 0, 0, 0, 0, 0, 0, 0, 0, 0, -(10000000000 / 19924745257), 0, 0,
        0, 0]
      ⟨15, ⋯⟩

case «4».refine_3.«16»
⊢ 0 =
    scale 19924745257
      ![0, 0, 0, 0, 0, 0, 0, 0, 0, 0, 0, 0, 0, 0, 0, 0, 0, 0, 0, 0, 0, 0, 0, 0, 0, -(10000000000 / 19924745257), 0, 0,
        0, 0]
      ⟨16, ⋯⟩

case «4».refine_3.«17»
⊢ 0 =
    scale 19924745257
      ![0, 0, 0, 0, 0, 0, 0, 0, 0, 0, 0, 0, 0, 0, 0, 0, 0, 0, 0, 0, 0, 0, 0, 0, 0, -(10000000000 / 19924745257), 0, 0,
        0, 0]
      ⟨17, ⋯⟩

case «4».refine_3.«18»
⊢ 0 =
    scale 19924745257
      ![0, 0, 0, 0, 0, 0, 0, 0, 0, 0, 0, 0, 0, 0, 0, 0, 0, 0, 0, 0, 0, 0, 0, 0, 0, -(10000000000 / 19924745257), 0, 0,
        0, 0]
      ⟨18, ⋯⟩

case «4».refine_3.«19»
⊢ 0 =
    scale 19924745257
      ![0, 0, 0, 0, 0, 0, 0, 0, 0, 0, 0, 0, 0, 0, 0, 0, 0, 0, 0, 0, 0, 0, 0, 0, 0, -(10000000000 / 19924745257), 0, 0,
        0, 0]
      ⟨19, ⋯⟩

case «4».refine_3.«20»
⊢ 0 =
    scale 19924745257
      ![0, 0, 0, 0, 0, 0, 0, 0, 0, 0, 0, 0, 0, 0, 0, 0, 0, 0, 0, 0, 0, 0, 0, 0, 0, -(10000000000 / 19924745257), 0, 0,
        0, 0]
      ⟨20, ⋯⟩

case «4».refine_3.«21»
⊢ 0 =
    scale 19924745257
      ![0, 0, 0, 0, 0, 0, 0, 0, 0, 0, 0, 0, 0, 0, 0, 0, 0, 0, 0, 0, 0, 0, 0, 0, 0, -(10000000000 / 19924745257), 0, 0,
        0, 0]
      ⟨21, ⋯⟩

case «4».refine_3.«22»
⊢ 0 =
    scale 19924745257
      ![0, 0, 0, 0, 0, 0, 0, 0, 0, 0, 0, 0, 0, 0, 0, 0, 0, 0, 0, 0, 0, 0, 0, 0, 0, -(10000000000 / 19924745257), 0, 0,
        0, 0]
      ⟨22, ⋯⟩

case «4».refine_3.«23»
⊢ 0 =
    scale 19924745257
      ![0, 0, 0, 0, 0, 0, 0, 0, 0, 0, 0, 0, 0, 0, 0, 0, 0, 0, 0, 0, 0, 0, 0, 0, 0, -(10000000000 / 19924745257), 0, 0,
        0, 0]
      ⟨23, ⋯⟩

case «4».refine_3.«24»
⊢ 0 =
    scale 19924745257
      ![0, 0, 0, 0, 0, 0, 0, 0, 0, 0, 0, 0, 0, 0, 0, 0, 0, 0, 0, 0, 0, 0, 0, 0, 0, -(10000000000 / 19924745257), 0, 0,
        0, 0]
      ⟨24, ⋯⟩

case «4».refine_3.«25»
⊢ -10000000000 =
    scale 19924745257
      ![0, 0, 0, 0, 0, 0, 0, 0, 0, 0, 0, 0, 0, 0, 0, 0, 0, 0, 0, 0, 0, 0, 0, 0, 0, -(10000000000 / 19924745257), 0, 0,
        0, 0]
      ⟨25, ⋯⟩

case «4».refine_3.«26»
⊢ 0 =
    scale 19924745257
      ![0, 0, 0, 0, 0, 0, 0, 0, 0, 0, 0, 0, 0, 0, 0, 0, 0, 0, 0, 0, 0, 0, 0, 0, 0, -(10000000000 / 19924745257), 0, 0,
        0, 0]
      ⟨26, ⋯⟩

case «4».refine_3.«27»
⊢ 0 =
    scale 19924745257
      ![0, 0, 0, 0, 0, 0, 0, 0, 0, 0, 0, 0, 0, 0, 0, 0, 0, 0, 0, 0, 0, 0, 0, 0, 0, -(10000000000 / 19924745257), 0, 0,
        0, 0]
      ⟨27, ⋯⟩

case «4».refine_3.«28»
⊢ 0 =
    scale 19924745257
      ![0, 0, 0, 0, 0, 0, 0, 0, 0, 0, 0, 0, 0, 0, 0, 0, 0, 0, 0, 0, 0, 0, 0, 0, 0, -(10000000000 / 19924745257), 0, 0,
        0, 0]
      ⟨28, ⋯⟩

case «4».refine_3.«29»
⊢ 0 =
    scale 19924745257
      ![0, 0, 0, 0, 0, 0, 0, 0, 0, 0, 0, 0, 0, 0, 0, 0, 0, 0, 0, 0, 0, 0, 0, 0, 0, -(10000000000 / 19924745257), 0, 0,
        0, 0]
      ⟨29, ⋯⟩
'Kobon.KernelMatchingProbe.first_five' depends on axioms: [propext, sorryAx, Classical.choice, Quot.sound]
