research/openmath-seven-hour-2026-10-05/constructions/N13SeparatedScratch.lean:104:5: warning: Variable name `kc` is not explicitly referenced.

The binding can be removed (if unused) or named `_` (if used implicitly).

Note: This linter can be disabled with `set_option linter.unusedVariables false`
research/openmath-seven-hour-2026-10-05/constructions/N13SeparatedScratch.lean:192:13: error(lean.unknownIdentifier): Unknown identifier `mul_neg_iff_of_pos_left`
'Kobon.UpperOpenMathN13SeparatedScratch.separated_core_pair_impossible_negative' depends on axioms: [propext,
 sorryAx,
 Classical.choice,
 Quot.sound]
'Kobon.UpperOpenMathN13SeparatedScratch.separated_core_pair_impossible' depends on axioms: [propext,
 Classical.choice,
 Quot.sound]
'Kobon.UpperOpenMathN13SeparatedScratch.separated_continuations_impossible' depends on axioms: [propext,
 Classical.choice,
 Quot.sound]
'Kobon.UpperOpenMathN13SeparatedScratch.continuation_on_other_cap' depends on axioms: [propext,
 Classical.choice,
 Quot.sound]
'Kobon.UpperOpenMathN13SeparatedScratch.continuation_on_first_radial' depends on axioms: [propext,
 Classical.choice,
 Quot.sound]
