research/openmath-seven-hour-2026-10-05/constructions/N13NoDoubleScratch.lean:27:8: warning: automatically included section variable(s) unused in theorem `_private.research.«openmath-seven-hour-2026-10-05».constructions.N13NoDoubleScratch.0.Kobon.UpperOpenMathN13NoDouble.endpoint_triple`:
  hn
  hi
consider restructuring your `variable` declarations so that the variables are not in scope or explicitly omit them:
  omit hn hi in theorem ...

Note: This linter can be disabled with `set_option linter.unusedSectionVars false`
research/openmath-seven-hour-2026-10-05/constructions/N13NoDoubleScratch.lean:41:49: error: Type mismatch: After simplification, term
  ord3
 has type
  OrdinaryAt n L (f.point 3)
but is expected to have type
  OrdinaryAt n L (f.point (2 + 1))
research/openmath-seven-hour-2026-10-05/constructions/N13NoDoubleScratch.lean:62:20: error(lean.unknownIdentifier): Unknown identifier `F`
research/openmath-seven-hour-2026-10-05/constructions/N13NoDoubleScratch.lean:63:8: error: Type mismatch: After simplification, term
  gl
 has type
  @Eq Point (g.point (w + 1)) (f.point (3 - 1))
but is expected to have type
  @Eq Point (g.point (w + 1)) (f.point 2)
research/openmath-seven-hour-2026-10-05/constructions/N13NoDoubleScratch.lean:143:17: error: Type mismatch: After simplification, term
  gl
 has type
  @Eq Point (g.point (w + 1)) (f.point (3 - 1))
but is expected to have type
  @Eq Point (g.point (w + 1)) (f.point 2)
research/openmath-seven-hour-2026-10-05/constructions/N13NoDoubleScratch.lean:149:17: error: Type mismatch: After simplification, term
  kr
 has type
  @Eq Point (k.point (x - 1)) (f.point (1 + 1))
but is expected to have type
  @Eq Point (k.point (x - 1)) (f.point 2)
'Kobon.UpperOpenMathN13NoDouble.certificate_chart_no_two_anti' depends on axioms: [propext,
 sorryAx,
 Classical.choice,
 Quot.sound]
