'Kobon.OpenMathConstructionPareto61.simple_lower_bound' depends on axioms: [propext,
 Classical.choice,
 Quot.sound,
 directions_bool._native.native_decide.ax_1,
 ordered_bool._native.native_decide.ax_1,
 OpenMathConstructionPareto61Fast.int_simple_bool._native.native_decide.ax_1,
 OpenMathConstructionPareto61Fast.int_triangles_bool._native.native_decide.ax_1]
'Kobon.OpenMathConstructionPareto61.exterior_lower_bound' depends on axioms: [propext,
 Classical.choice,
 Quot.sound,
 admissible_bool._native.native_decide.ax_1,
 directions_bool._native.native_decide.ax_1,
 ordered_bool._native.native_decide.ax_1,
 visible_bool._native.native_decide.ax_1,
 OpenMathConstructionPareto61Fast.int_simple_bool._native.native_decide.ax_1,
 OpenMathConstructionPareto61Fast.int_triangles_bool._native.native_decide.ax_1]
'Kobon.OpenMathConstructionPareto61.arbitrarily_small' depends on axioms: [propext,
 Classical.choice,
 Quot.sound,
 admissible_bool._native.native_decide.ax_1,
 directions_bool._native.native_decide.ax_1,
 visible_bool._native.native_decide.ax_1,
 OpenMathConstructionPareto61Fast.int_simple_bool._native.native_decide.ax_1,
 OpenMathConstructionPareto61Fast.int_triangles_bool._native.native_decide.ax_1]
'Kobon.OpenMathConstructionPareto61.rightmost_last' depends on axioms: [propext,
 Classical.choice,
 Quot.sound,
 admissible_bool._native.native_decide.ax_1,
 directions_bool._native.native_decide.ax_1,
 visible_bool._native.native_decide.ax_1]
