'Kobon.OpenMathConstructionParetoFamily61.uniform_visible_seed' depends on axioms: [propext,
 Classical.choice,
 Quot.sound,
 OpenMathConstructionPareto61.admissible_bool._native.native_decide.ax_1,
 OpenMathConstructionPareto61.directions_bool._native.native_decide.ax_1,
 OpenMathConstructionPareto61.distinguished_subset_bool._native.native_decide.ax_1,
 OpenMathConstructionPareto61.ordered_bool._native.native_decide.ax_1,
 OpenMathConstructionPareto61.visible_bool._native.native_decide.ax_1,
 OpenMathConstructionPareto61Fast.int_simple_bool._native.native_decide.ax_1,
 OpenMathConstructionPareto61Fast.int_triangles_bool._native.native_decide.ax_1]
'Kobon.OpenMathConstructionParetoFamily61.even_family' depends on axioms: [propext,
 Classical.choice,
 Quot.sound,
 OpenMathConstructionPareto61.admissible_bool._native.native_decide.ax_1,
 OpenMathConstructionPareto61.directions_bool._native.native_decide.ax_1,
 OpenMathConstructionPareto61.distinguished_subset_bool._native.native_decide.ax_1,
 OpenMathConstructionPareto61.ordered_bool._native.native_decide.ax_1,
 OpenMathConstructionPareto61.visible_bool._native.native_decide.ax_1,
 OpenMathConstructionPareto61Fast.int_simple_bool._native.native_decide.ax_1,
 OpenMathConstructionPareto61Fast.int_triangles_bool._native.native_decide.ax_1]
'Kobon.OpenMathConstructionParetoFamily61.even_classical' depends on axioms: [propext,
 Classical.choice,
 Quot.sound,
 OpenMathConstructionPareto61.admissible_bool._native.native_decide.ax_1,
 OpenMathConstructionPareto61.directions_bool._native.native_decide.ax_1,
 OpenMathConstructionPareto61.distinguished_subset_bool._native.native_decide.ax_1,
 OpenMathConstructionPareto61.ordered_bool._native.native_decide.ax_1,
 OpenMathConstructionPareto61.visible_bool._native.native_decide.ax_1,
 OpenMathConstructionPareto61Fast.int_simple_bool._native.native_decide.ax_1,
 OpenMathConstructionPareto61Fast.int_triangles_bool._native.native_decide.ax_1]
'Kobon.OpenMathConstructionParetoFamily61.even_window' depends on axioms: [propext,
 Classical.choice,
 Quot.sound,
 OpenMathConstructionPareto61.admissible_bool._native.native_decide.ax_1,
 OpenMathConstructionPareto61.directions_bool._native.native_decide.ax_1,
 OpenMathConstructionPareto61.distinguished_subset_bool._native.native_decide.ax_1,
 OpenMathConstructionPareto61.ordered_bool._native.native_decide.ax_1,
 OpenMathConstructionPareto61.visible_bool._native.native_decide.ax_1,
 OpenMathConstructionPareto61Fast.int_simple_bool._native.native_decide.ax_1,
 OpenMathConstructionPareto61Fast.int_triangles_bool._native.native_decide.ax_1]
