'Kobon.OpenMathConstructionForgeFamily.uniform_seed' depends on axioms: [propext,
 Classical.choice,
 Quot.sound,
 OpenMathConstructionSeed33.directions_bool._native.native_decide.ax_1,
 OpenMathConstructionSeed33.distinguished_subset_bool._native.native_decide.ax_1,
 OpenMathConstructionSeed33.simple_bool._native.native_decide.ax_1,
 OpenMathConstructionSeed33.triangles_bool._native.native_decide.ax_1]
'Kobon.OpenMathConstructionForgeFamily.odd_family' depends on axioms: [propext,
 Classical.choice,
 Quot.sound,
 OpenMathConstructionSeed33.directions_bool._native.native_decide.ax_1,
 OpenMathConstructionSeed33.distinguished_subset_bool._native.native_decide.ax_1,
 OpenMathConstructionSeed33.simple_bool._native.native_decide.ax_1,
 OpenMathConstructionSeed33.triangles_bool._native.native_decide.ax_1]
'Kobon.OpenMathConstructionForgeFamily.even_family' depends on axioms: [propext,
 Classical.choice,
 Quot.sound,
 OpenMathConstructionSeed33.admissible_bool._native.native_decide.ax_1,
 OpenMathConstructionSeed33.directions_bool._native.native_decide.ax_1,
 OpenMathConstructionSeed33.distinguished_subset_bool._native.native_decide.ax_1,
 OpenMathConstructionSeed33.simple_bool._native.native_decide.ax_1,
 OpenMathConstructionSeed33.triangles_bool._native.native_decide.ax_1,
 OpenMathConstructionSeed33.visible_bool._native.native_decide.ax_1]
'Kobon.OpenMathConstructionForgeFamily.odd_optimal_in_simple_arrangements' depends on axioms: [propext,
 Classical.choice,
 Quot.sound,
 OpenMathConstructionSeed33.directions_bool._native.native_decide.ax_1,
 OpenMathConstructionSeed33.distinguished_subset_bool._native.native_decide.ax_1,
 OpenMathConstructionSeed33.simple_bool._native.native_decide.ax_1,
 OpenMathConstructionSeed33.triangles_bool._native.native_decide.ax_1]
'Kobon.OpenMathConstructionForgeFamily.even_optimal_in_simple_arrangements' depends on axioms: [propext,
 Classical.choice,
 Quot.sound,
 OpenMathConstructionSeed33.admissible_bool._native.native_decide.ax_1,
 OpenMathConstructionSeed33.directions_bool._native.native_decide.ax_1,
 OpenMathConstructionSeed33.distinguished_subset_bool._native.native_decide.ax_1,
 OpenMathConstructionSeed33.simple_bool._native.native_decide.ax_1,
 OpenMathConstructionSeed33.triangles_bool._native.native_decide.ax_1,
 OpenMathConstructionSeed33.visible_bool._native.native_decide.ax_1]
