'Kobon.OpenMathConstructionEnvelope.all_n' depends on axioms: [propext,
 Classical.choice,
 Quot.sound,
 BBLSeed21.admissible_check._native.native_decide.ax_1_1,
 BBLSeed21.directions._native.native_decide.ax_1_1,
 BBLSeed21.distinguished_checks._native.native_decide.ax_1_1,
 BBLSeed21.simple._native.native_decide.ax_1_1,
 BBLSeed21.triangle_checks._native.native_decide.ax_1_1,
 BBLSeed21.visible_checks._native.native_decide.ax_1_1,
 BBLSeed49Checks.distinguished_subset._native.native_decide.ax_1_1,
 BBLSeed49Checks.ordered._native.native_decide.ax_1_1,
 BBLSeed49Exterior.admissible_check._native.native_decide.ax_1_1,
 BBLSeed49Exterior.visible_checks._native.native_decide.ax_1_1,
 OpenMathConstructionPareto61.admissible_bool._native.native_decide.ax_1,
 OpenMathConstructionPareto61.directions_bool._native.native_decide.ax_1,
 OpenMathConstructionPareto61.distinguished_subset_bool._native.native_decide.ax_1,
 OpenMathConstructionPareto61.ordered_bool._native.native_decide.ax_1,
 OpenMathConstructionPareto61.visible_bool._native.native_decide.ax_1,
 OpenMathConstructionPareto61Fast.int_simple_bool._native.native_decide.ax_1,
 OpenMathConstructionPareto61Fast.int_triangles_bool._native.native_decide.ax_1,
 OpenMathConstructionSeed33.admissible_bool._native.native_decide.ax_1,
 OpenMathConstructionSeed33.directions_bool._native.native_decide.ax_1,
 OpenMathConstructionSeed33.distinguished_subset_bool._native.native_decide.ax_1,
 OpenMathConstructionSeed33.simple_bool._native.native_decide.ax_1,
 OpenMathConstructionSeed33.triangles_bool._native.native_decide.ax_1,
 OpenMathConstructionSeed33.visible_bool._native.native_decide.ax_1,
 OpenMathConstructionSeed37.directions_bool._native.native_decide.ax_1,
 OpenMathConstructionSeed37.distinguished_subset_bool._native.native_decide.ax_1,
 OpenMathConstructionSeed37.ordered_bool._native.native_decide.ax_1,
 OpenMathConstructionSeed37Fast.int_simple_bool._native.native_decide.ax_1,
 OpenMathConstructionSeed37Fast.int_triangles_bool._native.native_decide.ax_1,
 OpenMathConstructionSeed61.directions_bool._native.native_decide.ax_1,
 OpenMathConstructionSeed61.distinguished_subset_bool._native.native_decide.ax_1,
 OpenMathConstructionSeed61.ordered_bool._native.native_decide.ax_1,
 OpenMathConstructionSeed61Fast.int_simple_bool._native.native_decide.ax_1,
 OpenMathConstructionSeed61Fast.int_triangles_bool._native.native_decide.ax_1,
 Kobon.BBLSeed49Checks.directions_bool._native.native_decide.ax_1_1✝,
 Kobon.BBLSeed49Checks.simple_bool._native.native_decide.ax_1_1✝,
 Kobon.BBLSeed49Checks.triangle_bool._native.native_decide.ax_1_1✝,
 Certificates.N003T00001H05c82de6.checked._native.native_decide.ax_1_1,
 Certificates.N005T00005H948a0bdf.checked._native.native_decide.ax_1_1,
 Certificates.N006T00007H6ea9ebaa.checked._native.native_decide.ax_1_1,
 Certificates.N007T00011He6b9a626.checked._native.native_decide.ax_1_1,
 Certificates.N008T00015Ha1380810.checked._native.native_decide.ax_1_1,
 Certificates.N009T00021H6ebbed82.checked._native.native_decide.ax_1_1,
 Certificates.N010T00025Hb767c427.checked._native.native_decide.ax_1_1,
 Certificates.N011T00032Hb955e7c9.checked._native.native_decide.ax_1_1,
 Certificates.N012T00038H38f69f38.checked._native.native_decide.ax_1_1,
 Certificates.N013T00047Hddec1f78.checked._native.native_decide.ax_1_1,
 Certificates.N014T00054Hd47aea63.checked._native.native_decide.ax_1_1,
 Certificates.N015T00065H4d3bf3b4.checked._native.native_decide.ax_1_1,
 Certificates.N016T00072H391cf79a.checked._native.native_decide.ax_1_1,
 Certificates.N017T00085H7cf3c061.checked._native.native_decide.ax_1_1,
 Certificates.N018T00093Hedb6246a.checked._native.native_decide.ax_1_1,
 Certificates.N019T00107Ha2f32bdb.checked._native.native_decide.ax_1_1,
 Certificates.N020T00117H382171ac.checked._native.native_decide.ax_1_1,
 Certificates.N021T00133H36bae754.checked._native.native_decide.ax_1_1,
 Certificates.N022T00143H54396c64.checked._native.native_decide.ax_1_1,
 Certificates.N023T00161H969ad7d3.checked._native.native_decide.ax_1_1,
 Certificates.N024T00172He63e906b.checked._native.native_decide.ax_1_1,
 Certificates.N025T00191Hb568bffb.checked._native.native_decide.ax_1_1,
 Certificates.N026T00204Hf71379c4.checked._native.native_decide.ax_1_1,
 Certificates.N027T00225H7d6ae9a0.checked._native.native_decide.ax_1_1,
 Certificates.N028T00238H56ef2acb.checked._native.native_decide.ax_1_1,
 Certificates.N029T00261Hd4805c25.checked._native.native_decide.ax_1_1,
 Certificates.N030T00275Hdcfe649a.checked._native.native_decide.ax_1_1,
 Certificates.N031T00299H70f23b94.checked._native.native_decide.ax_1_1,
 Certificates.N032T00315H5914f2bb.checked._native.native_decide.ax_1_1,
 Certificates.N033T00341H95f3b770.checked._native.native_decide.ax_1_1,
 Certificates.N034T00357Hfbde0a76.checked._native.native_decide.ax_1_1,
 Certificates.N035T00385H9ee99af6.checked._native.native_decide.ax_1_1,
 Certificates.N036T00402H3fc01b7d.checked._native.native_decide.ax_1_1,
 Certificates.N037T00431H11f0bde7.checked._native.native_decide.ax_1_1,
 Certificates.N038T00450H8ba2bdb1.checked._native.native_decide.ax_1_1,
 Certificates.N039T00470H30caa6f7.checked._native.native_decide.ax_1_1,
 Certificates.N041T00533H01e2ef66.checked._native.native_decide.ax_1_1,
 Certificates.N042T00553H2bdc9d67.checked._native.native_decide.ax_1_1,
 Certificates.N043T00587H861d8be2.checked._native.native_decide.ax_1_1,
 Certificates.N044T00608Hb5277675.checked._native.native_decide.ax_1_1,
 Certificates.N045T00645H3dc6e882.checked._native.native_decide.ax_1_1,
 Certificates.N046T00667H32b8ca2f.checked._native.native_decide.ax_1_1,
 Certificates.N047T00691Hfac44af1.checked._native.native_decide.ax_1_1,
 Certificates.N048T00721H2fb5ef0d.checked._native.native_decide.ax_1_1,
 Certificates.N049T00767H957e6f15.checked._native.native_decide.ax_1_1,
 Certificates.N050T00792H3d40cb58.checked._native.native_decide.ax_1_1,
 Certificates.N051T00818Hc18e1baf.checked._native.native_decide.ax_1_1,
 Certificates.N053T00885H6bc5b14d.checked._native.native_decide.ax_1_1,
 Certificates.N054T00919Ha254c1b4.checked._native.native_decide.ax_1_1,
 Certificates.N055T00955H202625a3.checked._native.native_decide.ax_1_1,
 Certificates.N057T01045H9a1d337c.checked._native.native_decide.ax_1_1,
 Certificates.N058T01073Hd988db55.checked._native.native_decide.ax_1_1,
 Certificates.N059T01103Hba482375.checked._native.native_decide.ax_1_1,
 Certificates.N060T01141H9bc5096c.checked._native.native_decide.ax_1_1,
 Certificates.N065T01365Hb1dcbeb4.checked._native.native_decide.ax_1_1,
 Certificates.N066T01397H327ecbb9.checked._native.native_decide.ax_1_1,
 Certificates.N081T02132H7bc6b303.checked._native.native_decide.ax_1_1,
 Certificates.N082T02172Hd75c9101.checked._native.native_decide.ax_1_1,
 Certificates.N099T03170Hea507e2d.checked._native.native_decide.ax_1_1,
 Certificates.N129T05461H6dae0012.checked._native.native_decide.ax_1_1,
 Certificates.N130T05525He0559b54.checked._native.native_decide.ax_1_1,
 Certificates.N161T08532H230691d5.checked._native.native_decide.ax_1_1,
 Certificates.N162T08612H1512e696.checked._native.native_decide.ax_1_1,
 Certificates.N195T12482H5413dd7b.checked._native.native_decide.ax_1_1]
'Kobon.OpenMathConstructionEnvelope.previous_le' depends on axioms: [propext]
'Kobon.OpenMathConstructionEnvelope.retains_old_even_family_plus_one' depends on axioms: [propext, Quot.sound]
