'Kobon.UpperOpenMathSmallCoreRigidity.component_count_zero_iff' depends on axioms: [propext,
 Classical.choice,
 Quot.sound]
'Kobon.UpperOpenMathSmallCoreRigidity.certificate_four_core_strict' depends on axioms: [propext,
 Classical.choice,
 Quot.sound]
'Kobon.UpperOpenMathSmallCoreRigidity.certificate_four_core_perfect_simple' depends on axioms: [propext,
 Classical.choice,
 Quot.sound]
'Kobon.UpperOpenMathSmallCoreRigidity.certificate_three_core_strict' depends on axioms: [propext,
 Classical.choice,
 Quot.sound]
'Kobon.UpperOpenMathSmallCoreRigidity.certificate_three_core_perfect_simple' depends on axioms: [propext,
 Classical.choice,
 Quot.sound]
'Kobon.UpperOpenMathSmallCoreRigidity.certificate_four_triple_strict' depends on axioms: [propext,
 Classical.choice,
 Quot.sound]
'Kobon.UpperOpenMathSmallCoreRigidity.certificate_four_triple_perfect_simple' depends on axioms: [propext,
 Classical.choice,
 Quot.sound]
