Kobon/BBL49VerifiedFamilies.lean:100:44: warning: This simp argument is unused:
  Nat.add_mod

Hint: Omit it from the simp argument list.
  simp [̵N̵a̵t̵.̵a̵d̵d̵_̵m̵o̵d̵,̵N̵a̵t̵.̵m̵u̵l̵_̵m̵o̵d̵]̵[̲N̲a̲t̲.̲m̲u̲l̲_̲m̲o̲d̲]̲

Note: This linter can be disabled with `set_option linter.unusedSimpArgs false`
'Kobon.BBL49VerifiedFamilies.odd_family' depends on axioms: [propext,
 Classical.choice,
 Quot.sound,
 BBLSeed49Checks.distinguished_subset._native.native_decide.ax_1_1,
 BBLSeed49Checks.ordered._native.native_decide.ax_1_1,
 Kobon.BBLSeed49Checks.directions_bool._native.native_decide.ax_1_1✝,
 Kobon.BBLSeed49Checks.simple_bool._native.native_decide.ax_1_1✝,
 Kobon.BBLSeed49Checks.triangle_bool._native.native_decide.ax_1_1✝]
'Kobon.BBL49VerifiedFamilies.even_family' depends on axioms: [propext,
 Classical.choice,
 Quot.sound,
 BBLSeed49Checks.distinguished_subset._native.native_decide.ax_1_1,
 BBLSeed49Checks.ordered._native.native_decide.ax_1_1,
 BBLSeed49Exterior.admissible_check._native.native_decide.ax_1_1,
 BBLSeed49Exterior.visible_checks._native.native_decide.ax_1_1,
 Kobon.BBLSeed49Checks.directions_bool._native.native_decide.ax_1_1✝,
 Kobon.BBLSeed49Checks.simple_bool._native.native_decide.ax_1_1✝,
 Kobon.BBLSeed49Checks.triangle_bool._native.native_decide.ax_1_1✝]
'Kobon.BBL49VerifiedFamilies.odd_polynomial_exact' depends on axioms: [propext, Classical.choice, Quot.sound]
'Kobon.BBL49VerifiedFamilies.even_polynomial_exact' depends on axioms: [propext, Classical.choice, Quot.sound]
'Kobon.BBL49VerifiedFamilies.odd_exact' depends on axioms: [propext,
 Classical.choice,
 Quot.sound,
 BBLSeed49Checks.distinguished_subset._native.native_decide.ax_1_1,
 BBLSeed49Checks.ordered._native.native_decide.ax_1_1,
 Kobon.BBLSeed49Checks.directions_bool._native.native_decide.ax_1_1✝,
 Kobon.BBLSeed49Checks.simple_bool._native.native_decide.ax_1_1✝,
 Kobon.BBLSeed49Checks.triangle_bool._native.native_decide.ax_1_1✝]
'Kobon.BBL49VerifiedFamilies.even_exact' depends on axioms: [propext,
 Classical.choice,
 Quot.sound,
 BBLSeed49Checks.distinguished_subset._native.native_decide.ax_1_1,
 BBLSeed49Checks.ordered._native.native_decide.ax_1_1,
 BBLSeed49Exterior.admissible_check._native.native_decide.ax_1_1,
 BBLSeed49Exterior.visible_checks._native.native_decide.ax_1_1,
 Kobon.BBLSeed49Checks.directions_bool._native.native_decide.ax_1_1✝,
 Kobon.BBLSeed49Checks.simple_bool._native.native_decide.ax_1_1✝,
 Kobon.BBLSeed49Checks.triangle_bool._native.native_decide.ax_1_1✝]
